../Core/Src/main.c:75:2:__io_putchar	16	static
../Core/Src/main.c:96:6:listen_Broadcast	24	static
../Core/Src/main.c:147:6:send_register	16	static
../Core/Src/main.c:155:6:check_and_parse_STT	40	static
../Core/Src/main.c:163:5:listen_STT	40	static
../Core/Src/main.c:202:6:check_request_data	40	static
../Core/Src/main.c:216:5:listen_request_data	24	static
../Core/Src/main.c:259:6:send_data	16	static
../Core/Src/main.c:268:5:listen_ok	24	static
../Core/Src/main.c:306:5:main	48	static
../Core/Src/main.c:419:6:SystemClock_Config	88	static
../Core/Src/main.c:467:13:MX_RTC_Init	8	static
../Core/Src/main.c:498:13:MX_SPI1_Init	8	static
../Core/Src/main.c:536:13:MX_USART3_UART_Init	8	static
../Core/Src/main.c:569:13:MX_GPIO_Init	40	static
../Core/Src/main.c:636:6:Error_Handler	4	static,ignoring_inline_asm
