../Core/Src/main.c:129:5:_write	24	static
../Core/Src/main.c:152:6:HAL_UART_RxCpltCallback	16	static
../Core/Src/main.c:174:5:main	8	static
../Core/Src/main.c:282:6:SystemClock_Config	72	static
../Core/Src/main.c:322:13:MX_I2C1_Init	8	static
../Core/Src/main.c:356:13:MX_TIM1_Init	32	static
../Core/Src/main.c:402:13:MX_TIM4_Init	64	static
../Core/Src/main.c:461:13:MX_USART1_UART_Init	8	static
../Core/Src/main.c:494:13:MX_GPIO_Init	40	static
../Core/Src/main.c:542:6:EDF_Init	8	static
../Core/Src/main.c:563:6:S_Task1_MPU9250	248	static
../Core/Src/main.c:592:6:S_Task2_HCSR04	16	static
../Core/Src/main.c:617:6:S_Task3_UARTCMD	40	static
../Core/Src/main.c:666:6:S_Task4_TimeControl	32	static
../Core/Src/main.c:715:6:HAL_TIM_PeriodElapsedCallback	16	static
../Core/Src/main.c:732:6:Error_Handler	4	static,ignoring_inline_asm
