Archive member included to satisfy reference by file (symbol)

D:/Code/STM32CubeIde/STM32CubeIDE_1.17.0/STM32CubeIDE/plugins/com.st.stm32cube.ide.mcu.externaltools.gnu-tools-for-stm32.12.3.rel1.win32_1.1.0.202410251130/tools/bin/../lib/gcc/arm-none-eabi/12.3.1/../../../../arm-none-eabi/lib/thumb/v7-m/nofp\libc_nano.a(libc_a-atoi.o)
                              ./Core/Src/main.o (atoi)
D:/Code/STM32CubeIde/STM32CubeIDE_1.17.0/STM32CubeIDE/plugins/com.st.stm32cube.ide.mcu.externaltools.gnu-tools-for-stm32.12.3.rel1.win32_1.1.0.202410251130/tools/bin/../lib/gcc/arm-none-eabi/12.3.1/../../../../arm-none-eabi/lib/thumb/v7-m/nofp\libc_nano.a(libc_a-exit.o)
                              D:/Code/STM32CubeIde/STM32CubeIDE_1.17.0/STM32CubeIDE/plugins/com.st.stm32cube.ide.mcu.externaltools.gnu-tools-for-stm32.12.3.rel1.win32_1.1.0.202410251130/tools/bin/../lib/gcc/arm-none-eabi/12.3.1/../../../../arm-none-eabi/lib/thumb/v7-m/nofp/crt0.o (exit)
D:/Code/STM32CubeIde/STM32CubeIDE_1.17.0/STM32CubeIDE/plugins/com.st.stm32cube.ide.mcu.externaltools.gnu-tools-for-stm32.12.3.rel1.win32_1.1.0.202410251130/tools/bin/../lib/gcc/arm-none-eabi/12.3.1/../../../../arm-none-eabi/lib/thumb/v7-m/nofp\libc_nano.a(libc_a-strtol.o)
                              D:/Code/STM32CubeIde/STM32CubeIDE_1.17.0/STM32CubeIDE/plugins/com.st.stm32cube.ide.mcu.externaltools.gnu-tools-for-stm32.12.3.rel1.win32_1.1.0.202410251130/tools/bin/../lib/gcc/arm-none-eabi/12.3.1/../../../../arm-none-eabi/lib/thumb/v7-m/nofp\libc_nano.a(libc_a-atoi.o) (_strtol_r)
D:/Code/STM32CubeIde/STM32CubeIDE_1.17.0/STM32CubeIDE/plugins/com.st.stm32cube.ide.mcu.externaltools.gnu-tools-for-stm32.12.3.rel1.win32_1.1.0.202410251130/tools/bin/../lib/gcc/arm-none-eabi/12.3.1/../../../../arm-none-eabi/lib/thumb/v7-m/nofp\libc_nano.a(libc_a-ctype_.o)
                              D:/Code/STM32CubeIde/STM32CubeIDE_1.17.0/STM32CubeIDE/plugins/com.st.stm32cube.ide.mcu.externaltools.gnu-tools-for-stm32.12.3.rel1.win32_1.1.0.202410251130/tools/bin/../lib/gcc/arm-none-eabi/12.3.1/../../../../arm-none-eabi/lib/thumb/v7-m/nofp\libc_nano.a(libc_a-strtol.o) (_ctype_)
D:/Code/STM32CubeIde/STM32CubeIDE_1.17.0/STM32CubeIDE/plugins/com.st.stm32cube.ide.mcu.externaltools.gnu-tools-for-stm32.12.3.rel1.win32_1.1.0.202410251130/tools/bin/../lib/gcc/arm-none-eabi/12.3.1/../../../../arm-none-eabi/lib/thumb/v7-m/nofp\libc_nano.a(libc_a-nano-vfprintf_float.o)
                              (_printf_float)
D:/Code/STM32CubeIde/STM32CubeIDE_1.17.0/STM32CubeIDE/plugins/com.st.stm32cube.ide.mcu.externaltools.gnu-tools-for-stm32.12.3.rel1.win32_1.1.0.202410251130/tools/bin/../lib/gcc/arm-none-eabi/12.3.1/../../../../arm-none-eabi/lib/thumb/v7-m/nofp\libc_nano.a(libc_a-nano-vfprintf_i.o)
                              D:/Code/STM32CubeIde/STM32CubeIDE_1.17.0/STM32CubeIDE/plugins/com.st.stm32cube.ide.mcu.externaltools.gnu-tools-for-stm32.12.3.rel1.win32_1.1.0.202410251130/tools/bin/../lib/gcc/arm-none-eabi/12.3.1/../../../../arm-none-eabi/lib/thumb/v7-m/nofp\libc_nano.a(libc_a-nano-vfprintf_float.o) (_printf_common)
D:/Code/STM32CubeIde/STM32CubeIDE_1.17.0/STM32CubeIDE/plugins/com.st.stm32cube.ide.mcu.externaltools.gnu-tools-for-stm32.12.3.rel1.win32_1.1.0.202410251130/tools/bin/../lib/gcc/arm-none-eabi/12.3.1/../../../../arm-none-eabi/lib/thumb/v7-m/nofp\libc_nano.a(libc_a-nano-vfscanf_float.o)
                              (_scanf_float)
D:/Code/STM32CubeIde/STM32CubeIDE_1.17.0/STM32CubeIDE/plugins/com.st.stm32cube.ide.mcu.externaltools.gnu-tools-for-stm32.12.3.rel1.win32_1.1.0.202410251130/tools/bin/../lib/gcc/arm-none-eabi/12.3.1/../../../../arm-none-eabi/lib/thumb/v7-m/nofp\libc_nano.a(libc_a-findfp.o)
                              ./Middlewares/Third_Party/FreeRTOS/Source/tasks.o (__sf)
D:/Code/STM32CubeIde/STM32CubeIDE_1.17.0/STM32CubeIDE/plugins/com.st.stm32cube.ide.mcu.externaltools.gnu-tools-for-stm32.12.3.rel1.win32_1.1.0.202410251130/tools/bin/../lib/gcc/arm-none-eabi/12.3.1/../../../../arm-none-eabi/lib/thumb/v7-m/nofp\libc_nano.a(libc_a-fwalk.o)
                              D:/Code/STM32CubeIde/STM32CubeIDE_1.17.0/STM32CubeIDE/plugins/com.st.stm32cube.ide.mcu.externaltools.gnu-tools-for-stm32.12.3.rel1.win32_1.1.0.202410251130/tools/bin/../lib/gcc/arm-none-eabi/12.3.1/../../../../arm-none-eabi/lib/thumb/v7-m/nofp\libc_nano.a(libc_a-findfp.o) (_fwalk_sglue)
D:/Code/STM32CubeIde/STM32CubeIDE_1.17.0/STM32CubeIDE/plugins/com.st.stm32cube.ide.mcu.externaltools.gnu-tools-for-stm32.12.3.rel1.win32_1.1.0.202410251130/tools/bin/../lib/gcc/arm-none-eabi/12.3.1/../../../../arm-none-eabi/lib/thumb/v7-m/nofp\libc_nano.a(libc_a-printf.o)
                              ./Core/Src/main.o (printf)
D:/Code/STM32CubeIde/STM32CubeIDE_1.17.0/STM32CubeIDE/plugins/com.st.stm32cube.ide.mcu.externaltools.gnu-tools-for-stm32.12.3.rel1.win32_1.1.0.202410251130/tools/bin/../lib/gcc/arm-none-eabi/12.3.1/../../../../arm-none-eabi/lib/thumb/v7-m/nofp\libc_nano.a(libc_a-puts.o)
[...]
Memory Configuration

Name             Origin             Length             Attributes
RAM              0x20000000         0x00005000         xrw
FLASH            0x08000000         0x00010000         xr
*default*        0x00000000         0xffffffff

Linker script and memory map

LOAD D:/Code/STM32CubeIde/STM32CubeIDE_1.17.0/STM32CubeIDE/plugins/com.st.stm32cube.ide.mcu.externaltools.gnu-tools-for-stm32.12.3.rel1.win32_1.1.0.202410251130/tools/bin/../lib/gcc/arm-none-eabi/12.3.1/thumb/v7-m/nofp/crti.o
LOAD D:/Code/STM32CubeIde/STM32CubeIDE_1.17.0/STM32CubeIDE/plugins/com.st.stm32cube.ide.mcu.externaltools.gnu-tools-for-stm32.12.3.rel1.win32_1.1.0.202410251130/tools/bin/../lib/gcc/arm-none-eabi/12.3.1/thumb/v7-m/nofp/crtbegin.o
LOAD D:/Code/STM32CubeIde/STM32CubeIDE_1.17.0/STM32CubeIDE/plugins/com.st.stm32cube.ide.mcu.externaltools.gnu-tools-for-stm32.12.3.rel1.win32_1.1.0.202410251130/tools/bin/../lib/gcc/arm-none-eabi/12.3.1/../../../../arm-none-eabi/lib/thumb/v7-m/nofp/crt0.o
LOAD ./Core/Src/freertos.o
LOAD ./Core/Src/main.o
LOAD ./Core/Src/stm32f1xx_hal_msp.o
LOAD ./Core/Src/stm32f1xx_hal_timebase_tim.o
LOAD ./Core/Src/stm32f1xx_it.o
LOAD ./Core/Src/syscalls.o
LOAD ./Core/Src/sysmem.o
LOAD ./Core/Src/system_stm32f1xx.o
LOAD ./Core/Startup/startup_stm32f103c8tx.o
LOAD ./Drivers/STM32F1xx_HAL_Driver/Src/stm32f1xx_hal.o
LOAD ./Drivers/STM32F1xx_HAL_Driver/Src/stm32f1xx_hal_cortex.o
LOAD ./Drivers/STM32F1xx_HAL_Driver/Src/stm32f1xx_hal_dma.o
LOAD ./Drivers/STM32F1xx_HAL_Driver/Src/stm32f1xx_hal_exti.o
LOAD ./Drivers/STM32F1xx_HAL_Driver/Src/stm32f1xx_hal_flash.o
LOAD ./Drivers/STM32F1xx_HAL_Driver/Src/stm32f1xx_hal_flash_ex.o
LOAD ./Drivers/STM32F1xx_HAL_Driver/Src/stm32f1xx_hal_gpio.o
LOAD ./Drivers/STM32F1xx_HAL_Driver/Src/stm32f1xx_hal_gpio_ex.o
LOAD ./Drivers/STM32F1xx_HAL_Driver/Src/stm32f1xx_hal_i2c.o
LOAD ./Drivers/STM32F1xx_HAL_Driver/Src/stm32f1xx_hal_pwr.o
LOAD ./Drivers/STM32F1xx_HAL_Driver/Src/stm32f1xx_hal_rcc.o
LOAD ./Drivers/STM32F1xx_HAL_Driver/Src/stm32f1xx_hal_rcc_ex.o
LOAD ./Drivers/STM32F1xx_HAL_Driver/Src/stm32f1xx_hal_tim.o
LOAD ./Drivers/STM32F1xx_HAL_Driver/Src/stm32f1xx_hal_tim_ex.o
LOAD ./Drivers/STM32F1xx_HAL_Driver/Src/stm32f1xx_hal_uart.o
LOAD ./HCSR04/HCSR04.o
LOAD ./MPU9250/MPU9250.o
LOAD ./Middlewares/Third_Party/FreeRTOS/Source/CMSIS_RTOS_V2/cmsis_os2.o
LOAD ./Middlewares/Third_Party/FreeRTOS/Source/croutine.o
LOAD ./Middlewares/Third_Party/FreeRTOS/Source/event_groups.o
LOAD ./Middlewares/Third_Party/FreeRTOS/Source/list.o
LOAD ./Middlewares/Third_Party/FreeRTOS/Source/queue.o
LOAD ./Middlewares/Third_Party/FreeRTOS/Source/stream_buffer.o
LOAD ./Middlewares/Third_Party/FreeRTOS/Source/tasks.o
LOAD ./Middlewares/Third_Party/FreeRTOS/Source/timers.o
LOAD ./Middlewares/Third_Party/FreeRTOS/Source/portable/GCC/ARM_CM3/port.o
LOAD ./Middlewares/Third_Party/FreeRTOS/Source/portable/MemMang/heap_4.o
LOAD ./Servo/Servo.o
START GROUP
LOAD D:/Code/STM32CubeIde/STM32CubeIDE_1.17.0/STM32CubeIDE/plugins/com.st.stm32cube.ide.mcu.externaltools.gnu-tools-for-stm32.12.3.rel1.win32_1.1.0.202410251130/tools/bin/../lib/gcc/arm-none-eabi/12.3.1/../../../../arm-none-eabi/lib/thumb/v7-m/nofp\libc_nano.a
LOAD D:/Code/STM32CubeIde/STM32CubeIDE_1.17.0/STM32CubeIDE/plugins/com.st.stm32cube.ide.mcu.externaltools.gnu-tools-for-stm32.12.3.rel1.win32_1.1.0.202410251130/tools/bin/../lib/gcc/arm-none-eabi/12.3.1/../../../../arm-none-eabi/lib/thumb/v7-m/nofp\libm.a
END GROUP
START GROUP
LOAD D:/Code/STM32CubeIde/STM32CubeIDE_1.17.0/STM32CubeIDE/plugins/com.st.stm32cube.ide.mcu.externaltools.gnu-tools-for-stm32.12.3.rel1.win32_1.1.0.202410251130/tools/bin/../lib/gcc/arm-none-eabi/12.3.1/thumb/v7-m/nofp\libgcc.a
LOAD D:/Code/STM32CubeIde/STM32CubeIDE_1.17.0/STM32CubeIDE/plugins/com.st.stm32cube.ide.mcu.externaltools.gnu-tools-for-stm32.12.3.rel1.win32_1.1.0.202410251130/tools/bin/../lib/gcc/arm-none-eabi/12.3.1/../../../../arm-none-eabi/lib/thumb/v7-m/nofp\libc_nano.a
END GROUP
START GROUP
LOAD D:/Code/STM32CubeIde/STM32CubeIDE_1.17.0/STM32CubeIDE/plugins/com.st.stm32cube.ide.mcu.externaltools.gnu-tools-for-stm32.12.3.rel1.win32_1.1.0.202410251130/tools/bin/../lib/gcc/arm-none-eabi/12.3.1/thumb/v7-m/nofp\libgcc.a
LOAD D:/Code/STM32CubeIde/STM32CubeIDE_1.17.0/STM32CubeIDE/plugins/com.st.stm32cube.ide.mcu.externaltools.gnu-tools-for-stm32.12.3.rel1.win32_1.1.0.202410251130/tools/bin/../lib/gcc/arm-none-eabi/12.3.1/../../../../arm-none-eabi/lib/thumb/v7-m/nofp\libc_nano.a
LOAD D:/Code/STM32CubeIde/STM32CubeIDE_1.17.0/STM32CubeIDE/plugins/com.st.stm32cube.ide.mcu.externaltools.gnu-tools-for-stm32.12.3.rel1.win32_1.1.0.202410251130/tools/bin/../lib/gcc/arm-none-eabi/12.3.1/../../../../arm-none-eabi/lib/thumb/v7-m/nofp\libnosys.a
END GROUP
START GROUP
LOAD D:/Code/STM32CubeIde/STM32CubeIDE_1.17.0/STM32CubeIDE/plugins/com.st.stm32cube.ide.mcu.externaltools.gnu-tools-for-stm32.12.3.rel1.win32_1.1.0.202410251130/tools/bin/../lib/gcc/arm-none-eabi/12.3.1/thumb/v7-m/nofp\libgcc.a
LOAD D:/Code/STM32CubeIde/STM32CubeIDE_1.17.0/STM32CubeIDE/plugins/com.st.stm32cube.ide.mcu.externaltools.gnu-tools-for-stm32.12.3.rel1.win32_1.1.0.202410251130/tools/bin/../lib/gcc/arm-none-eabi/12.3.1/../../../../arm-none-eabi/lib/thumb/v7-m/nofp\libc_nano.a
LOAD D:/Code/STM32CubeIde/STM32CubeIDE_1.17.0/STM32CubeIDE/plugins/com.st.stm32cube.ide.mcu.externaltools.gnu-tools-for-stm32.12.3.rel1.win32_1.1.0.202410251130/tools/bin/../lib/gcc/arm-none-eabi/12.3.1/../../../../arm-none-eabi/lib/thumb/v7-m/nofp\libnosys.a
END GROUP
LOAD D:/Code/STM32CubeIde/STM32CubeIDE_1.17.0/STM32CubeIDE/plugins/com.st.stm32cube.ide.mcu.externaltools.gnu-tools-for-stm32.12.3.rel1.win32_1.1.0.202410251130/tools/bin/../lib/gcc/arm-none-eabi/12.3.1/thumb/v7-m/nofp/crtend.o
LOAD D:/Code/STM32CubeIde/STM32CubeIDE_1.17.0/STM32CubeIDE/plugins/com.st.stm32cube.ide.mcu.externaltools.gnu-tools-for-stm32.12.3.rel1.win32_1.1.0.202410251130/tools/bin/../lib/gcc/arm-none-eabi/12.3.1/thumb/v7-m/nofp/crtn.o
                0x20005000                        _estack = (ORIGIN (RAM) + LENGTH (RAM))
                0x00000200                        _Min_Heap_Size = 0x200
                0x00000400                        _Min_Stack_Size = 0x400

.isr_vector     0x08000000      0x10c
                0x08000000                        . = ALIGN (0x4)
 *(.isr_vector)
 .isr_vector    0x08000000      0x10c ./Core/Startup/startup_stm32f103c8tx.o
                0x08000000                g_pfnVectors
                0x0800010c                        . = ALIGN (0x4)

.text           0x08000110     0xdc18
                0x08000110                        . = ALIGN (0x4)
 *(.text)
 .text          0x08000110       0x40 D:/Code/STM32CubeIde/STM32CubeIDE_1.17.0/STM32CubeIDE/plugins/com.st.stm32cube.ide.mcu.externaltools.gnu-tools-for-stm32.12.3.rel1.win32_1.1.0.202410251130/tools/bin/../lib/gcc/arm-none-eabi/12.3.1/thumb/v7-m/nofp/crtbegin.o
 .text          0x08000150       0x10 D:/Code/STM32CubeIde/STM32CubeIDE_1.17.0/STM32CubeIDE/plugins/com.st.stm32cube.ide.mcu.externaltools.gnu-tools-for-stm32.12.3.rel1.win32_1.1.0.202410251130/tools/bin/../lib/gcc/arm-none-eabi/12.3.1/../../../../arm-none-eabi/lib/thumb/v7-m/nofp\libc_nano.a(libc_a-strlen.o)
                0x08000150                strlen
 .text          0x08000160      0x378 D:/Code/STM32CubeIde/STM32CubeIDE_1.17.0/STM32CubeIDE/plugins/com.st.stm32cube.ide.mcu.externaltools.gnu-tools-for-stm32.12.3.rel1.win32_1.1.0.202410251130/tools/bin/../lib/gcc/arm-none-eabi/12.3.1/thumb/v7-m/nofp\libgcc.a(_arm_addsubdf3.o)
                0x08000160                __aeabi_drsub
                0x08000168                __aeabi_dsub
                0x08000168                __subdf3
                0x0800016c                __aeabi_dadd
                0x0800016c                __adddf3
                0x080003e4                __floatunsidf
                0x080003e4                __aeabi_ui2d
                0x08000404                __floatsidf
                0x08000404                __aeabi_i2d
                0x08000428                __aeabi_f2d
                0x08000428                __extendsfdf2
                0x0800046c                __floatundidf
                0x0800046c                __aeabi_ul2d
                0x0800047c                __floatdidf
                0x0800047c                __aeabi_l2d
 .text          0x080004d8      0x424 D:/Code/STM32CubeIde/STM32CubeIDE_1.17.0/STM32CubeIDE/plugins/com.st.stm32cube.ide.mcu.externaltools.gnu-tools-for-stm32.12.3.rel1.win32_1.1.0.202410251130/tools/bin/../lib/gcc/arm-none-eabi/12.3.1/thumb/v7-m/nofp\libgcc.a(_arm_muldivdf3.o)
                0x080004d8                __aeabi_dmul
                0x080004d8                __muldf3
                0x0800072c                __divdf3
                0x0800072c                __aeabi_ddiv
 .text          0x080008fc      0x110 D:/Code/STM32CubeIde/STM32CubeIDE_1.17.0/STM32CubeIDE/plugins/com.st.stm32cube.ide.mcu.externaltools.gnu-tools-for-stm32.12.3.rel1.win32_1.1.0.202410251130/tools/bin/../lib/gcc/arm-none-eabi/12.3.1/thumb/v7-m/nofp\libgcc.a(_arm_cmpdf2.o)
                0x080008fc                __gtdf2
                0x080008fc                __gedf2
                0x08000904                __ltdf2
                0x08000904                __ledf2
                0x0800090c                __nedf2
                0x0800090c                __eqdf2
                0x0800090c                __cmpdf2
                0x08000988                __aeabi_cdrcmple
                0x08000998                __aeabi_cdcmpeq
                0x08000998                __aeabi_cdcmple
                0x080009a8                __aeabi_dcmpeq
                0x080009bc                __aeabi_dcmplt
                0x080009d0                __aeabi_dcmple
                0x080009e4                __aeabi_dcmpge
                0x080009f8                __aeabi_dcmpgt
 .text          0x08000a0c       0x2c D:/Code/STM32CubeIde/STM32CubeIDE_1.17.0/STM32CubeIDE/plugins/com.st.stm32cube.ide.mcu.externaltools.gnu-tools-for-stm32.12.3.rel1.win32_1.1.0.202410251130/tools/bin/../lib/gcc/arm-none-eabi/12.3.1/thumb/v7-m/nofp\libgcc.a(_arm_unorddf2.o)
                0x08000a0c                __unorddf2
                0x08000a0c                __aeabi_dcmpun
 .text          0x08000a38       0x50 D:/Code/STM32CubeIde/STM32CubeIDE_1.17.0/STM32CubeIDE/plugins/com.st.stm32cube.ide.mcu.externaltools.gnu-tools-for-stm32.12.3.rel1.win32_1.1.0.202410251130/tools/bin/../lib/gcc/arm-none-eabi/12.3.1/thumb/v7-m/nofp\libgcc.a(_arm_fixdfsi.o)
                0x08000a38                __aeabi_d2iz
                0x08000a38                __fixdfsi
 .text          0x08000a88       0x40 D:/Code/STM32CubeIde/STM32CubeIDE_1.17.0/STM32CubeIDE/plugins/com.st.stm32cube.ide.mcu.externaltools.gnu-tools-for-stm32.12.3.rel1.win32_1.1.0.202410251130/tools/bin/../lib/gcc/arm-none-eabi/12.3.1/thumb/v7-m/nofp\libgcc.a(_arm_fixunsdfsi.o)
                0x08000a88                __aeabi_d2uiz
                0x08000a88                __fixunsdfsi
 .text          0x08000ac8       0xa0 D:/Code/STM32CubeIde/STM32CubeIDE_1.17.0/STM32CubeIDE/plugins/com.st.stm32cube.ide.mcu.externaltools.gnu-tools-for-stm32.12.3.rel1.win32_1.1.0.202410251130/tools/bin/../lib/gcc/arm-none-eabi/12.3.1/thumb/v7-m/nofp\libgcc.a(_arm_truncdfsf2.o)
                0x08000ac8                __truncdfsf2
                0x08000ac8                __aeabi_d2f
 .text          0x08000b68      0x21c D:/Code/STM32CubeIde/STM32CubeIDE_1.17.0/STM32CubeIDE/plugins/com.st.stm32cube.ide.mcu.externaltools.gnu-tools-for-stm32.12.3.rel1.win32_1.1.0.202410251130/tools/bin/../lib/gcc/arm-none-eabi/12.3.1/thumb/v7-m/nofp\libgcc.a(_arm_addsubsf3.o)
                0x08000b68                __aeabi_frsub
                0x08000b70                __subsf3
                0x08000b70                __aeabi_fsub
                0x08000b74                __aeabi_fadd
                0x08000b74                __addsf3
                0x08000cd4                __aeabi_ui2f
                0x08000cd4                __floatunsisf
                0x08000cdc                __aeabi_i2f
                0x08000cdc                __floatsisf
                0x08000cf8                __aeabi_ul2f
                0x08000cf8                __floatundisf
                0x08000d08                __aeabi_l2f
                0x08000d08                __floatdisf
 .text          0x08000d84      0x2a0 D:/Code/STM32CubeIde/STM32CubeIDE_1.17.0/STM32CubeIDE/plugins/com.st.stm32cube.ide.mcu.externaltools.gnu-tools-for-stm32.12.3.rel1.win32_1.1.0.202410251130/tools/bin/../lib/gcc/arm-none-eabi/12.3.1/thumb/v7-m/nofp\libgcc.a(_arm_muldivsf3.o)
                0x08000d84                __mulsf3
                0x08000d84                __aeabi_fmul
                0x08000eec                __aeabi_fdiv
                0x08000eec                __divsf3
 .text          0x08001024       0x30 D:/Code/STM32CubeIde/STM32CubeIDE_1.17.0/STM32CubeIDE/plugins/com.st.stm32cube.ide.mcu.externaltools.gnu-tools-for-stm32.12.3.rel1.win32_1.1.0.202410251130/tools/bin/../lib/gcc/arm-none-eabi/12.3.1/thumb/v7-m/nofp\libgcc.a(_fixdfdi.o)
                0x08001024                __fixdfdi
                0x08001024                __aeabi_d2lz
 .text          0x08001054       0x3c D:/Code/STM32CubeIde/STM32CubeIDE_1.17.0/STM32CubeIDE/plugins/com.st.stm32cube.ide.mcu.externaltools.gnu-tools-for-stm32.12.3.rel1.win32_1.1.0.202410251130/tools/bin/../lib/gcc/arm-none-eabi/12.3.1/thumb/v7-m/nofp\libgcc.a(_fixunsdfdi.o)
                0x08001054                __fixunsdfdi
                0x08001054                __aeabi_d2ulz
 *(.text*)
 .text._write   0x08001090       0x2c ./Core/Src/main.o
                0x08001090                _write
 .text.HAL_UART_RxCpltCallback
                0x080010bc       0x84 ./Core/Src/main.o
                0x080010bc                HAL_UART_RxCpltCallback
 .text.main     0x08001140      0x11c ./Core/Src/main.o
                0x08001140                main
 .text.SystemClock_Config
                0x0800125c       0x8a ./Core/Src/main.o
                0x0800125c                SystemClock_Config
 *fill*         0x080012e6        0x2 
 .text.MX_I2C1_Init
                0x080012e8       0x5c ./Core/Src/main.o
 .text.MX_TIM1_Init
                0x08001344       0xa0 ./Core/Src/main.o
 .text.MX_TIM4_Init
                0x080013e4       0xec ./Core/Src/main.o
 .text.MX_USART1_UART_Init
                0x080014d0       0x54 ./Core/Src/main.o
 .text.MX_GPIO_Init
                0x08001524       0xc8 ./Core/Src/main.o
 .text.EDF_Init
                0x080015ec       0x54 ./Core/Src/main.o
                0x080015ec                EDF_Init
 .text.S_Task1_MPU9250
                0x08001640      0x104 ./Core/Src/main.o
                0x08001640                S_Task1_MPU9250
 .text.S_Task2_HCSR04
                0x08001744       0x50 ./Core/Src/main.o
                0x08001744                S_Task2_HCSR04
 .text.S_Task3_UARTCMD
                0x08001794      0x184 ./Core/Src/main.o
                0x08001794                S_Task3_UARTCMD
 .text.S_Task4_TimeControl
                0x08001918       0xe4 ./Core/Src/main.o
                0x08001918                S_Task4_TimeControl
 .text.HAL_TIM_PeriodElapsedCallback
                0x080019fc       0x1e ./Core/Src/main.o
                0x080019fc                HAL_TIM_PeriodElapsedCallback
 .text.Error_Handler
                0x08001a1a        0xc ./Core/Src/main.o
                0x08001a1a                Error_Handler
 *fill*         0x08001a26        0x2 
 .text.HAL_MspInit
                0x08001a28       0x70 ./Core/Src/stm32f1xx_hal_msp.o
                0x08001a28                HAL_MspInit
 .text.HAL_I2C_MspInit
                0x08001a98       0x7c ./Core/Src/stm32f1xx_hal_msp.o
                0x08001a98                HAL_I2C_MspInit
 .text.HAL_TIM_Base_MspInit
                0x08001b14       0x74 ./Core/Src/stm32f1xx_hal_msp.o
                0x08001b14                HAL_TIM_Base_MspInit
 .text.HAL_TIM_MspPostInit
                0x08001b88       0x68 ./Core/Src/stm32f1xx_hal_msp.o
                0x08001b88                HAL_TIM_MspPostInit
 .text.HAL_UART_MspInit
                0x08001bf0       0xa8 ./Core/Src/stm32f1xx_hal_msp.o
                0x08001bf0                HAL_UART_MspInit
 .text.HAL_InitTick
                0x08001c98       0xf8 ./Core/Src/stm32f1xx_hal_timebase_tim.o
                0x08001c98                HAL_InitTick
 .text.NMI_Handler
                0x08001d90        0x8 ./Core/Src/stm32f1xx_it.o
                0x08001d90                NMI_Handler
 .text.HardFault_Handler
                0x08001d98        0x8 ./Core/Src/stm32f1xx_it.o
                0x08001d98                HardFault_Handler
 .text.MemManage_Handler
                0x08001da0        0x8 ./Core/Src/stm32f1xx_it.o
                0x08001da0                MemManage_Handler
 .text.BusFault_Handler
                0x08001da8        0x8 ./Core/Src/stm32f1xx_it.o
                0x08001da8                BusFault_Handler
 .text.UsageFault_Handler
                0x08001db0        0x8 ./Core/Src/stm32f1xx_it.o
                0x08001db0                UsageFault_Handler
 .text.DebugMon_Handler
                0x08001db8        0xc ./Core/Src/stm32f1xx_it.o
                0x08001db8                DebugMon_Handler
 .text.TIM1_UP_IRQHandler
                0x08001dc4       0x14 ./Core/Src/stm32f1xx_it.o
                0x08001dc4                TIM1_UP_IRQHandler
 .text.TIM2_IRQHandler
                0x08001dd8       0x14 ./Core/Src/stm32f1xx_it.o
                0x08001dd8                TIM2_IRQHandler
 .text.USART1_IRQHandler
                0x08001dec       0x14 ./Core/Src/stm32f1xx_it.o
                0x08001dec                USART1_IRQHandler
 .text.EXTI15_10_IRQHandler
                0x08001e00       0x10 ./Core/Src/stm32f1xx_it.o
                0x08001e00                EXTI15_10_IRQHandler
 .text._getpid  0x08001e10        0xe ./Core/Src/syscalls.o
                0x08001e10                _getpid
 .text._kill    0x08001e1e       0x20 ./Core/Src/syscalls.o
                0x08001e1e                _kill
 .text._exit    0x08001e3e       0x16 ./Core/Src/syscalls.o
                0x08001e3e                _exit
 .text._read    0x08001e54       0x3a ./Core/Src/syscalls.o
                0x08001e54                _read
 .text._close   0x08001e8e       0x16 ./Core/Src/syscalls.o
                0x08001e8e                _close
 .text._fstat   0x08001ea4       0x1e ./Core/Src/syscalls.o
                0x08001ea4                _fstat
 .text._isatty  0x08001ec2       0x14 ./Core/Src/syscalls.o
                0x08001ec2                _isatty
 .text._lseek   0x08001ed6       0x18 ./Core/Src/syscalls.o
                0x08001ed6                _lseek
 *fill*         0x08001eee        0x2 
 .text._sbrk    0x08001ef0       0x6c ./Core/Src/sysmem.o
                0x08001ef0                _sbrk
 .text.SystemInit
                0x08001f5c        0xc ./Core/Src/system_stm32f1xx.o
                0x08001f5c                SystemInit
 .text.Reset_Handler
                0x08001f68       0x48 ./Core/Startup/startup_stm32f103c8tx.o
                0x08001f68                Reset_Handler
 .text.Default_Handler
                0x08001fb0        0x2 ./Core/Startup/startup_stm32f103c8tx.o
                0x08001fb0                RTC_Alarm_IRQHandler
                0x08001fb0                EXTI2_IRQHandler
                0x08001fb0                TIM1_CC_IRQHandler
                0x08001fb0                PVD_IRQHandler
                0x08001fb0                EXTI3_IRQHandler
                0x08001fb0                EXTI0_IRQHandler
                0x08001fb0                I2C2_EV_IRQHandler
                0x08001fb0                ADC1_2_IRQHandler
                0x08001fb0                SPI1_IRQHandler
                0x08001fb0                TAMPER_IRQHandler
                0x08001fb0                DMA1_Channel4_IRQHandler
                0x08001fb0                USART3_IRQHandler
                0x08001fb0                RTC_IRQHandler
                0x08001fb0                DMA1_Channel7_IRQHandler
                0x08001fb0                CAN1_RX1_IRQHandler
                0x08001fb0                TIM4_IRQHandler
                0x08001fb0                I2C1_EV_IRQHandler
                0x08001fb0                DMA1_Channel6_IRQHandler
                0x08001fb0                TIM3_IRQHandler
                0x08001fb0                RCC_IRQHandler
                0x08001fb0                TIM1_TRG_COM_IRQHandler
                0x08001fb0                DMA1_Channel1_IRQHandler
                0x08001fb0                Default_Handler
                0x08001fb0                EXTI9_5_IRQHandler
                0x08001fb0                SPI2_IRQHandler
                0x08001fb0                DMA1_Channel5_IRQHandler
                0x08001fb0                EXTI4_IRQHandler
                0x08001fb0                USB_LP_CAN1_RX0_IRQHandler
                0x08001fb0                USB_HP_CAN1_TX_IRQHandler
                0x08001fb0                DMA1_Channel3_IRQHandler
                0x08001fb0                WWDG_IRQHandler
                0x08001fb0                TIM1_BRK_IRQHandler
                0x08001fb0                EXTI1_IRQHandler
                0x08001fb0                USART2_IRQHandler
                0x08001fb0                I2C2_ER_IRQHandler
                0x08001fb0                DMA1_Channel2_IRQHandler
                0x08001fb0                CAN1_SCE_IRQHandler
                0x08001fb0                FLASH_IRQHandler
                0x08001fb0                I2C1_ER_IRQHandler
                0x08001fb0                USBWakeUp_IRQHandler
 *fill*         0x08001fb2        0x2 
 .text.HAL_Init
                0x08001fb4       0x2c ./Drivers/STM32F1xx_HAL_Driver/Src/stm32f1xx_hal.o
                0x08001fb4                HAL_Init
 .text.HAL_IncTick
                0x08001fe0       0x24 ./Drivers/STM32F1xx_HAL_Driver/Src/stm32f1xx_hal.o
                0x08001fe0                HAL_IncTick
 .text.HAL_GetTick
                0x08002004       0x14 ./Drivers/STM32F1xx_HAL_Driver/Src/stm32f1xx_hal.o
                0x08002004                HAL_GetTick
 .text.__NVIC_SetPriorityGrouping
                0x08002018       0x48 ./Drivers/STM32F1xx_HAL_Driver/Src/stm32f1xx_hal_cortex.o
 .text.__NVIC_GetPriorityGrouping
                0x08002060       0x1c ./Drivers/STM32F1xx_HAL_Driver/Src/stm32f1xx_hal_cortex.o
 .text.__NVIC_EnableIRQ
                0x0800207c       0x38 ./Drivers/STM32F1xx_HAL_Driver/Src/stm32f1xx_hal_cortex.o
 .text.__NVIC_SetPriority
                0x080020b4       0x54 ./Drivers/STM32F1xx_HAL_Driver/Src/stm32f1xx_hal_cortex.o
 .text.NVIC_EncodePriority
                0x08002108       0x64 ./Drivers/STM32F1xx_HAL_Driver/Src/stm32f1xx_hal_cortex.o
 .text.HAL_NVIC_SetPriorityGrouping
                0x0800216c       0x16 ./Drivers/STM32F1xx_HAL_Driver/Src/stm32f1xx_hal_cortex.o
                0x0800216c                HAL_NVIC_SetPriorityGrouping
 .text.HAL_NVIC_SetPriority
                0x08002182       0x38 ./Drivers/STM32F1xx_HAL_Driver/Src/stm32f1xx_hal_cortex.o
                0x08002182                HAL_NVIC_SetPriority
 .text.HAL_NVIC_EnableIRQ
                0x080021ba       0x1c ./Drivers/STM32F1xx_HAL_Driver/Src/stm32f1xx_hal_cortex.o
                0x080021ba                HAL_NVIC_EnableIRQ
 .text.HAL_DMA_Abort
                0x080021d6       0x76 ./Drivers/STM32F1xx_HAL_Driver/Src/stm32f1xx_hal_dma.o
                0x080021d6                HAL_DMA_Abort
 .text.HAL_DMA_Abort_IT
                0x0800224c       0xf0 ./Drivers/STM32F1xx_HAL_Driver/Src/stm32f1xx_hal_dma.o
                0x0800224c                HAL_DMA_Abort_IT
 .text.HAL_GPIO_Init
                0x0800233c      0x308 ./Drivers/STM32F1xx_HAL_Driver/Src/stm32f1xx_hal_gpio.o
                0x0800233c                HAL_GPIO_Init
 .text.HAL_GPIO_ReadPin
                0x08002644       0x2e ./Drivers/STM32F1xx_HAL_Driver/Src/stm32f1xx_hal_gpio.o
                0x08002644                HAL_GPIO_ReadPin
 .text.HAL_GPIO_WritePin
                0x08002672       0x30 ./Drivers/STM32F1xx_HAL_Driver/Src/stm32f1xx_hal_gpio.o
                0x08002672                HAL_GPIO_WritePin
 *fill*         0x080026a2        0x2 
 .text.HAL_GPIO_EXTI_IRQHandler
                0x080026a4       0x30 ./Drivers/STM32F1xx_HAL_Driver/Src/stm32f1xx_hal_gpio.o
                0x080026a4                HAL_GPIO_EXTI_IRQHandler
 .text.HAL_I2C_Init
                0x080026d4      0x288 ./Drivers/STM32F1xx_HAL_Driver/Src/stm32f1xx_hal_i2c.o
                0x080026d4                HAL_I2C_Init
 .text.HAL_I2C_Mem_Read
                0x0800295c      0x4e8 ./Drivers/STM32F1xx_HAL_Driver/Src/stm32f1xx_hal_i2c.o
                0x0800295c                HAL_I2C_Mem_Read
 .text.I2C_RequestMemoryRead
                0x08002e44      0x1d0 ./Drivers/STM32F1xx_HAL_Driver/Src/stm32f1xx_hal_i2c.o
 .text.I2C_WaitOnFlagUntilTimeout
                0x08003014       0xf4 ./Drivers/STM32F1xx_HAL_Driver/Src/stm32f1xx_hal_i2c.o
 .text.I2C_WaitOnMasterAddressFlagUntilTimeout
                0x08003108      0x140 ./Drivers/STM32F1xx_HAL_Driver/Src/stm32f1xx_hal_i2c.o
 .text.I2C_WaitOnTXEFlagUntilTimeout
                0x08003248       0x90 ./Drivers/STM32F1xx_HAL_Driver/Src/stm32f1xx_hal_i2c.o
 .text.I2C_WaitOnRXNEFlagUntilTimeout
                0x080032d8       0xba ./Drivers/STM32F1xx_HAL_Driver/Src/stm32f1xx_hal_i2c.o
 .text.I2C_IsAcknowledgeFailed
                0x08003392       0x5c ./Drivers/STM32F1xx_HAL_Driver/Src/stm32f1xx_hal_i2c.o
 *fill*         0x080033ee        0x2 
 .text.HAL_RCC_OscConfig
                0x080033f0      0x504 ./Drivers/STM32F1xx_HAL_Driver/Src/stm32f1xx_hal_rcc.o
                0x080033f0                HAL_RCC_OscConfig
 .text.HAL_RCC_ClockConfig
                0x080038f4      0x1d4 ./Drivers/STM32F1xx_HAL_Driver/Src/stm32f1xx_hal_rcc.o
                0x080038f4                HAL_RCC_ClockConfig
 .text.HAL_RCC_GetSysClockFreq
                0x08003ac8       0xa8 ./Drivers/STM32F1xx_HAL_Driver/Src/stm32f1xx_hal_rcc.o
                0x08003ac8                HAL_RCC_GetSysClockFreq
 .text.HAL_RCC_GetHCLKFreq
                0x08003b70       0x14 ./Drivers/STM32F1xx_HAL_Driver/Src/stm32f1xx_hal_rcc.o
                0x08003b70                HAL_RCC_GetHCLKFreq
 .text.HAL_RCC_GetPCLK1Freq
                0x08003b84       0x28 ./Drivers/STM32F1xx_HAL_Driver/Src/stm32f1xx_hal_rcc.o
                0x08003b84                HAL_RCC_GetPCLK1Freq
 .text.HAL_RCC_GetPCLK2Freq
                0x08003bac       0x28 ./Drivers/STM32F1xx_HAL_Driver/Src/stm32f1xx_hal_rcc.o
                0x08003bac                HAL_RCC_GetPCLK2Freq
 .text.HAL_RCC_GetClockConfig
                0x08003bd4       0x60 ./Drivers/STM32F1xx_HAL_Driver/Src/stm32f1xx_hal_rcc.o
                0x08003bd4                HAL_RCC_GetClockConfig
 .text.RCC_Delay
                0x08003c34       0x3c ./Drivers/STM32F1xx_HAL_Driver/Src/stm32f1xx_hal_rcc.o
 .text.HAL_TIM_Base_Init
                0x08003c70       0x9e ./Drivers/STM32F1xx_HAL_Driver/Src/stm32f1xx_hal_tim.o
                0x08003c70                HAL_TIM_Base_Init
 *fill*         0x08003d0e        0x2 
 .text.HAL_TIM_Base_Start
                0x08003d10       0x94 ./Drivers/STM32F1xx_HAL_Driver/Src/stm32f1xx_hal_tim.o
                0x08003d10                HAL_TIM_Base_Start
 .text.HAL_TIM_Base_Stop
                0x08003da4       0x4c ./Drivers/STM32F1xx_HAL_Driver/Src/stm32f1xx_hal_tim.o
                0x08003da4                HAL_TIM_Base_Stop
 .text.HAL_TIM_Base_Start_IT
                0x08003df0       0xa4 ./Drivers/STM32F1xx_HAL_Driver/Src/stm32f1xx_hal_tim.o
                0x08003df0                HAL_TIM_Base_Start_IT
 .text.HAL_TIM_PWM_Init
                0x08003e94       0x9e ./Drivers/STM32F1xx_HAL_Driver/Src/stm32f1xx_hal_tim.o
                0x08003e94                HAL_TIM_PWM_Init
 .text.HAL_TIM_PWM_MspInit
                0x08003f32       0x12 ./Drivers/STM32F1xx_HAL_Driver/Src/stm32f1xx_hal_tim.o
                0x08003f32                HAL_TIM_PWM_MspInit
 .text.HAL_TIM_PWM_Start
                0x08003f44      0x144 ./Drivers/STM32F1xx_HAL_Driver/Src/stm32f1xx_hal_tim.o
                0x08003f44                HAL_TIM_PWM_Start
 .text.HAL_TIM_IRQHandler
                0x08004088      0x1e0 ./Drivers/STM32F1xx_HAL_Driver/Src/stm32f1xx_hal_tim.o
                0x08004088                HAL_TIM_IRQHandler
 .text.HAL_TIM_PWM_ConfigChannel
                0x08004268      0x184 ./Drivers/STM32F1xx_HAL_Driver/Src/stm32f1xx_hal_tim.o
                0x08004268                HAL_TIM_PWM_ConfigChannel
 .text.HAL_TIM_ConfigClockSource
                0x080043ec      0x18e ./Drivers/STM32F1xx_HAL_Driver/Src/stm32f1xx_hal_tim.o
                0x080043ec                HAL_TIM_ConfigClockSource
 .text.HAL_TIM_OC_DelayElapsedCallback
                0x0800457a       0x12 ./Drivers/STM32F1xx_HAL_Driver/Src/stm32f1xx_hal_tim.o
                0x0800457a                HAL_TIM_OC_DelayElapsedCallback
 .text.HAL_TIM_IC_CaptureCallback
                0x0800458c       0x12 ./Drivers/STM32F1xx_HAL_Driver/Src/stm32f1xx_hal_tim.o
                0x0800458c                HAL_TIM_IC_CaptureCallback
 .text.HAL_TIM_PWM_PulseFinishedCallback
                0x0800459e       0x12 ./Drivers/STM32F1xx_HAL_Driver/Src/stm32f1xx_hal_tim.o
                0x0800459e                HAL_TIM_PWM_PulseFinishedCallback
 .text.HAL_TIM_TriggerCallback
                0x080045b0       0x12 ./Drivers/STM32F1xx_HAL_Driver/Src/stm32f1xx_hal_tim.o
                0x080045b0                HAL_TIM_TriggerCallback
 *fill*         0x080045c2        0x2 
 .text.TIM_Base_SetConfig
                0x080045c4       0xdc ./Drivers/STM32F1xx_HAL_Driver/Src/stm32f1xx_hal_tim.o
                0x080045c4                TIM_Base_SetConfig
 .text.TIM_OC1_SetConfig
                0x080046a0       0xcc ./Drivers/STM32F1xx_HAL_Driver/Src/stm32f1xx_hal_tim.o
 .text.TIM_OC2_SetConfig
                0x0800476c       0xd4 ./Drivers/STM32F1xx_HAL_Driver/Src/stm32f1xx_hal_tim.o
                0x0800476c                TIM_OC2_SetConfig
 .text.TIM_OC3_SetConfig
                0x08004840       0xd4 ./Drivers/STM32F1xx_HAL_Driver/Src/stm32f1xx_hal_tim.o
 .text.TIM_OC4_SetConfig
                0x08004914       0x9c ./Drivers/STM32F1xx_HAL_Driver/Src/stm32f1xx_hal_tim.o
 .text.TIM_TI1_ConfigInputStage
                0x080049b0       0x5c ./Drivers/STM32F1xx_HAL_Driver/Src/stm32f1xx_hal_tim.o
 .text.TIM_TI2_ConfigInputStage
                0x08004a0c       0x5e ./Drivers/STM32F1xx_HAL_Driver/Src/stm32f1xx_hal_tim.o
 .text.TIM_ITRx_SetConfig
                0x08004a6a       0x34 ./Drivers/STM32F1xx_HAL_Driver/Src/stm32f1xx_hal_tim.o
 .text.TIM_ETR_SetConfig
                0x08004a9e       0x3e ./Drivers/STM32F1xx_HAL_Driver/Src/stm32f1xx_hal_tim.o
                0x08004a9e                TIM_ETR_SetConfig
 .text.TIM_CCxChannelCmd
                0x08004adc       0x48 ./Drivers/STM32F1xx_HAL_Driver/Src/stm32f1xx_hal_tim.o
                0x08004adc                TIM_CCxChannelCmd
 .text.HAL_TIMEx_MasterConfigSynchronization
                0x08004b24       0xbc ./Drivers/STM32F1xx_HAL_Driver/Src/stm32f1xx_hal_tim_ex.o
                0x08004b24                HAL_TIMEx_MasterConfigSynchronization
 .text.HAL_TIMEx_CommutCallback
                0x08004be0       0x12 ./Drivers/STM32F1xx_HAL_Driver/Src/stm32f1xx_hal_tim_ex.o
                0x08004be0                HAL_TIMEx_CommutCallback
 .text.HAL_TIMEx_BreakCallback
                0x08004bf2       0x12 ./Drivers/STM32F1xx_HAL_Driver/Src/stm32f1xx_hal_tim_ex.o
                0x08004bf2                HAL_TIMEx_BreakCallback
 .text.HAL_UART_Init
                0x08004c04       0xa0 ./Drivers/STM32F1xx_HAL_Driver/Src/stm32f1xx_hal_uart.o
                0x08004c04                HAL_UART_Init
 .text.HAL_UART_Transmit
                0x08004ca4      0x116 ./Drivers/STM32F1xx_HAL_Driver/Src/stm32f1xx_hal_uart.o
                0x08004ca4                HAL_UART_Transmit
 .text.HAL_UART_Receive_IT
                0x08004dba       0x4a ./Drivers/STM32F1xx_HAL_Driver/Src/stm32f1xx_hal_uart.o
                0x08004dba                HAL_UART_Receive_IT
 .text.HAL_UART_IRQHandler
                0x08004e04      0x524 ./Drivers/STM32F1xx_HAL_Driver/Src/stm32f1xx_hal_uart.o
                0x08004e04                HAL_UART_IRQHandler
 .text.HAL_UART_TxCpltCallback
                0x08005328       0x12 ./Drivers/STM32F1xx_HAL_Driver/Src/stm32f1xx_hal_uart.o
                0x08005328                HAL_UART_TxCpltCallback
 .text.HAL_UART_ErrorCallback
                0x0800533a       0x12 ./Drivers/STM32F1xx_HAL_Driver/Src/stm32f1xx_hal_uart.o
                0x0800533a                HAL_UART_ErrorCallback
 .text.HAL_UARTEx_RxEventCallback
                0x0800534c       0x16 ./Drivers/STM32F1xx_HAL_Driver/Src/stm32f1xx_hal_uart.o
                0x0800534c                HAL_UARTEx_RxEventCallback
 .text.UART_WaitOnFlagUntilTimeout
                0x08005362       0xb2 ./Drivers/STM32F1xx_HAL_Driver/Src/stm32f1xx_hal_uart.o
 .text.UART_Start_Receive_IT
                0x08005414       0x72 ./Drivers/STM32F1xx_HAL_Driver/Src/stm32f1xx_hal_uart.o
                0x08005414                UART_Start_Receive_IT
 .text.UART_EndRxTransfer
                0x08005486       0xc4 ./Drivers/STM32F1xx_HAL_Driver/Src/stm32f1xx_hal_uart.o
 .text.UART_DMAAbortOnError
                0x0800554a       0x28 ./Drivers/STM32F1xx_HAL_Driver/Src/stm32f1xx_hal_uart.o
 .text.UART_Transmit_IT
                0x08005572       0x9e ./Drivers/STM32F1xx_HAL_Driver/Src/stm32f1xx_hal_uart.o
 .text.UART_EndTransmit_IT
                0x08005610       0x30 ./Drivers/STM32F1xx_HAL_Driver/Src/stm32f1xx_hal_uart.o
 .text.UART_Receive_IT
                0x08005640      0x17c ./Drivers/STM32F1xx_HAL_Driver/Src/stm32f1xx_hal_uart.o
 .text.UART_SetConfig
                0x080057bc      0x11c ./Drivers/STM32F1xx_HAL_Driver/Src/stm32f1xx_hal_uart.o
 .text.Delay_us
                0x080058d8       0x38 ./HCSR04/HCSR04.o
                0x080058d8                Delay_us
 .text.pulseGPIO
                0x08005910       0x32 ./HCSR04/HCSR04.o
                0x08005910                pulseGPIO
 *fill*         0x08005942        0x2 
 .text.HCSR04_Start
                0x08005944       0x28 ./HCSR04/HCSR04.o
                0x08005944                HCSR04_Start
 .text.HAL_GPIO_EXTI_Callback
                0x0800596c       0x94 ./HCSR04/HCSR04.o
                0x0800596c                HAL_GPIO_EXTI_Callback
 .text.HC04_Complete_Callback
                0x08005a00       0x4c ./HCSR04/HCSR04.o
                0x08005a00                HC04_Complete_Callback
 *fill*         0x08005a4c        0x4 
 .text.HC04_Handle
                0x08005a50       0x5c ./HCSR04/HCSR04.o
                0x08005a50                HC04_Handle
 .text.MPU9250_Read_Accel_Gyro
                0x08005aac       0xa4 ./MPU9250/MPU9250.o
                0x08005aac                MPU9250_Read_Accel_Gyro
 .text.Send_Sensor_Data
                0x08005b50       0xf0 ./MPU9250/MPU9250.o
                0x08005b50                Send_Sensor_Data
 .text.MPU9250_Getdata
                0x08005c40       0x20 ./MPU9250/MPU9250.o
                0x08005c40                MPU9250_Getdata
 .text.__NVIC_SetPriority
                0x08005c60       0x54 ./Middlewares/Third_Party/FreeRTOS/Source/CMSIS_RTOS_V2/cmsis_os2.o
 .text.SysTick_Handler
                0x08005cb4       0x20 ./Middlewares/Third_Party/FreeRTOS/Source/CMSIS_RTOS_V2/cmsis_os2.o
                0x08005cb4                SysTick_Handler
 .text.SVC_Setup
                0x08005cd4       0x12 ./Middlewares/Third_Party/FreeRTOS/Source/CMSIS_RTOS_V2/cmsis_os2.o
 *fill*         0x08005ce6        0x2 
 .text.osKernelInitialize
                0x08005ce8       0x44 ./Middlewares/Third_Party/FreeRTOS/Source/CMSIS_RTOS_V2/cmsis_os2.o
                0x08005ce8                osKernelInitialize
 .text.osKernelStart
                0x08005d2c       0x4c ./Middlewares/Third_Party/FreeRTOS/Source/CMSIS_RTOS_V2/cmsis_os2.o
                0x08005d2c                osKernelStart
 .text.osKernelGetTickCount
                0x08005d78       0x2a ./Middlewares/Third_Party/FreeRTOS/Source/CMSIS_RTOS_V2/cmsis_os2.o
                0x08005d78                osKernelGetTickCount
 .text.osThreadNew
                0x08005da2      0x124 ./Middlewares/Third_Party/FreeRTOS/Source/CMSIS_RTOS_V2/cmsis_os2.o
                0x08005da2                osThreadNew
 .text.osDelay  0x08005ec6       0x36 ./Middlewares/Third_Party/FreeRTOS/Source/CMSIS_RTOS_V2/cmsis_os2.o
                0x08005ec6                osDelay
 .text.osDelayUntil
                0x08005efc       0x5a ./Middlewares/Third_Party/FreeRTOS/Source/CMSIS_RTOS_V2/cmsis_os2.o
                0x08005efc                osDelayUntil
 .text.osSemaphoreNew
                0x08005f56      0x112 ./Middlewares/Third_Party/FreeRTOS/Source/CMSIS_RTOS_V2/cmsis_os2.o
                0x08005f56                osSemaphoreNew
 .text.osSemaphoreAcquire
                0x08006068       0xa4 ./Middlewares/Third_Party/FreeRTOS/Source/CMSIS_RTOS_V2/cmsis_os2.o
                0x08006068                osSemaphoreAcquire
 .text.osSemaphoreRelease
                0x0800610c       0x88 ./Middlewares/Third_Party/FreeRTOS/Source/CMSIS_RTOS_V2/cmsis_os2.o
                0x0800610c                osSemaphoreRelease
 .text.vApplicationGetIdleTaskMemory
                0x08006194       0x30 ./Middlewares/Third_Party/FreeRTOS/Source/CMSIS_RTOS_V2/cmsis_os2.o
                0x08006194                vApplicationGetIdleTaskMemory
 .text.vApplicationGetTimerTaskMemory
                0x080061c4       0x34 ./Middlewares/Third_Party/FreeRTOS/Source/CMSIS_RTOS_V2/cmsis_os2.o
                0x080061c4                vApplicationGetTimerTaskMemory
 .text.vListInitialise
                0x080061f8       0x3e ./Middlewares/Third_Party/FreeRTOS/Source/list.o
                0x080061f8                vListInitialise
 .text.vListInitialiseItem
                0x08006236       0x18 ./Middlewares/Third_Party/FreeRTOS/Source/list.o
                0x08006236                vListInitialiseItem
 .text.vListInsertEnd
                0x0800624e       0x46 ./Middlewares/Third_Party/FreeRTOS/Source/list.o
                0x0800624e                vListInsertEnd
 .text.vListInsert
                0x08006294       0x70 ./Middlewares/Third_Party/FreeRTOS/Source/list.o
                0x08006294                vListInsert
 .text.uxListRemove
                0x08006304       0x52 ./Middlewares/Third_Party/FreeRTOS/Source/list.o
                0x08006304                uxListRemove
 *fill*         0x08006356        0x2 
 .text.xQueueGenericReset
                0x08006358       0xd4 ./Middlewares/Third_Party/FreeRTOS/Source/queue.o
                0x08006358                xQueueGenericReset
 .text.xQueueGenericCreateStatic
                0x0800642c       0xfa ./Middlewares/Third_Party/FreeRTOS/Source/queue.o
                0x0800642c                xQueueGenericCreateStatic
 .text.xQueueGenericCreate
                0x08006526       0x76 ./Middlewares/Third_Party/FreeRTOS/Source/queue.o
                0x08006526                xQueueGenericCreate
 .text.prvInitialiseNewQueue
                0x0800659c       0x46 ./Middlewares/Third_Party/FreeRTOS/Source/queue.o
 .text.xQueueCreateCountingSemaphoreStatic
                0x080065e2       0x72 ./Middlewares/Third_Party/FreeRTOS/Source/queue.o
                0x080065e2                xQueueCreateCountingSemaphoreStatic
 .text.xQueueCreateCountingSemaphore
                0x08006654       0x6a ./Middlewares/Third_Party/FreeRTOS/Source/queue.o
                0x08006654                xQueueCreateCountingSemaphore
 *fill*         0x080066be        0x2 
 .text.xQueueGenericSend
                0x080066c0      0x204 ./Middlewares/Third_Party/FreeRTOS/Source/queue.o
                0x080066c0                xQueueGenericSend
 .text.xQueueGenericSendFromISR
                0x080068c4      0x13c ./Middlewares/Third_Party/FreeRTOS/Source/queue.o
                0x080068c4                xQueueGenericSendFromISR
 .text.xQueueGiveFromISR
                0x08006a00      0x120 ./Middlewares/Third_Party/FreeRTOS/Source/queue.o
                0x08006a00                xQueueGiveFromISR
 .text.xQueueReceive
                0x08006b20      0x1c4 ./Middlewares/Third_Party/FreeRTOS/Source/queue.o
                0x08006b20                xQueueReceive
 .text.xQueueSemaphoreTake
                0x08006ce4      0x220 ./Middlewares/Third_Party/FreeRTOS/Source/queue.o
                0x08006ce4                xQueueSemaphoreTake
 .text.xQueueReceiveFromISR
                0x08006f04      0x104 ./Middlewares/Third_Party/FreeRTOS/Source/queue.o
                0x08006f04                xQueueReceiveFromISR
 .text.vQueueDelete
                0x08007008       0x48 ./Middlewares/Third_Party/FreeRTOS/Source/queue.o
                0x08007008                vQueueDelete
 .text.prvGetDisinheritPriorityAfterTimeout
                0x08007050       0x2e ./Middlewares/Third_Party/FreeRTOS/Source/queue.o
 .text.prvCopyDataToQueue
                0x0800707e       0xd4 ./Middlewares/Third_Party/FreeRTOS/Source/queue.o
 .text.prvCopyDataFromQueue
                0x08007152       0x4c ./Middlewares/Third_Party/FreeRTOS/Source/queue.o
 .text.prvUnlockQueue
                0x0800719e       0xa4 ./Middlewares/Third_Party/FreeRTOS/Source/queue.o
 .text.prvIsQueueEmpty
                0x08007242       0x2c ./Middlewares/Third_Party/FreeRTOS/Source/queue.o
 .text.prvIsQueueFull
                0x0800726e       0x30 ./Middlewares/Third_Party/FreeRTOS/Source/queue.o
 *fill*         0x0800729e        0x2 
 .text.vQueueAddToRegistry
                0x080072a0       0x50 ./Middlewares/Third_Party/FreeRTOS/Source/queue.o
                0x080072a0                vQueueAddToRegistry
 .text.vQueueUnregisterQueue
                0x080072f0       0x54 ./Middlewares/Third_Party/FreeRTOS/Source/queue.o
                0x080072f0                vQueueUnregisterQueue
 .text.vQueueWaitForMessageRestricted
                0x08007344       0x68 ./Middlewares/Third_Party/FreeRTOS/Source/queue.o
                0x08007344                vQueueWaitForMessageRestricted
 .text.xTaskCreateStatic
                0x080073ac       0xc0 ./Middlewares/Third_Party/FreeRTOS/Source/tasks.o
                0x080073ac                xTaskCreateStatic
 .text.xTaskCreate
                0x0800746c       0x8a ./Middlewares/Third_Party/FreeRTOS/Source/tasks.o
                0x0800746c                xTaskCreate
 *fill*         0x080074f6        0x2 
 .text.prvInitialiseNewTask
                0x080074f8      0x150 ./Middlewares/Third_Party/FreeRTOS/Source/tasks.o
 .text.prvAddNewTaskToReadyList
                0x08007648       0xe0 ./Middlewares/Third_Party/FreeRTOS/Source/tasks.o
 .text.vTaskDelayUntil
                0x08007728      0x100 ./Middlewares/Third_Party/FreeRTOS/Source/tasks.o
                0x08007728                vTaskDelayUntil
 .text.vTaskDelay
                0x08007828       0x6c ./Middlewares/Third_Party/FreeRTOS/Source/tasks.o
                0x08007828                vTaskDelay
 .text.vTaskStartScheduler
                0x08007894       0xe0 ./Middlewares/Third_Party/FreeRTOS/Source/tasks.o
                0x08007894                vTaskStartScheduler
 .text.vTaskSuspendAll
                0x08007974       0x1c ./Middlewares/Third_Party/FreeRTOS/Source/tasks.o
                0x08007974                vTaskSuspendAll
 .text.xTaskResumeAll
                0x08007990      0x13c ./Middlewares/Third_Party/FreeRTOS/Source/tasks.o
                0x08007990                xTaskResumeAll
 .text.xTaskGetTickCount
                0x08007acc       0x1c ./Middlewares/Third_Party/FreeRTOS/Source/tasks.o
                0x08007acc                xTaskGetTickCount
 .text.xTaskGetTickCountFromISR
                0x08007ae8       0x24 ./Middlewares/Third_Party/FreeRTOS/Source/tasks.o
                0x08007ae8                xTaskGetTickCountFromISR
 .text.xTaskIncrementTick
                0x08007b0c      0x174 ./Middlewares/Third_Party/FreeRTOS/Source/tasks.o
                0x08007b0c                xTaskIncrementTick
 .text.vTaskSwitchContext
                0x08007c80       0xc8 ./Middlewares/Third_Party/FreeRTOS/Source/tasks.o
                0x08007c80                vTaskSwitchContext
 .text.vTaskPlaceOnEventList
                0x08007d48       0x4c ./Middlewares/Third_Party/FreeRTOS/Source/tasks.o
                0x08007d48                vTaskPlaceOnEventList
 .text.vTaskPlaceOnEventListRestricted
                0x08007d94       0x58 ./Middlewares/Third_Party/FreeRTOS/Source/tasks.o
                0x08007d94                vTaskPlaceOnEventListRestricted
 .text.xTaskRemoveFromEventList
                0x08007dec       0xc8 ./Middlewares/Third_Party/FreeRTOS/Source/tasks.o
                0x08007dec                xTaskRemoveFromEventList
 .text.vTaskInternalSetTimeOutState
                0x08007eb4       0x2c ./Middlewares/Third_Party/FreeRTOS/Source/tasks.o
                0x08007eb4                vTaskInternalSetTimeOutState
 .text.xTaskCheckForTimeOut
                0x08007ee0       0xc8 ./Middlewares/Third_Party/FreeRTOS/Source/tasks.o
                0x08007ee0                xTaskCheckForTimeOut
 .text.vTaskMissedYield
                0x08007fa8       0x18 ./Middlewares/Third_Party/FreeRTOS/Source/tasks.o
                0x08007fa8                vTaskMissedYield
 .text.prvIdleTask
                0x08007fc0       0x30 ./Middlewares/Third_Party/FreeRTOS/Source/tasks.o
 .text.prvInitialiseTaskLists
                0x08007ff0       0x80 ./Middlewares/Third_Party/FreeRTOS/Source/tasks.o
 .text.prvCheckTasksWaitingTermination
                0x08008070       0x5c ./Middlewares/Third_Party/FreeRTOS/Source/tasks.o
 .text.prvDeleteTCB
                0x080080cc       0x6a ./Middlewares/Third_Party/FreeRTOS/Source/tasks.o
 *fill*         0x08008136        0x2 
 .text.prvResetNextTaskUnblockTime
                0x08008138       0x40 ./Middlewares/Third_Party/FreeRTOS/Source/tasks.o
 .text.xTaskGetSchedulerState
                0x08008178       0x3c ./Middlewares/Third_Party/FreeRTOS/Source/tasks.o
                0x08008178                xTaskGetSchedulerState
 .text.xTaskPriorityInherit
                0x080081b4       0xd0 ./Middlewares/Third_Party/FreeRTOS/Source/tasks.o
                0x080081b4                xTaskPriorityInherit
 .text.xTaskPriorityDisinherit
                0x08008284       0xe0 ./Middlewares/Third_Party/FreeRTOS/Source/tasks.o
                0x08008284                xTaskPriorityDisinherit
 .text.vTaskPriorityDisinheritAfterTimeout
                0x08008364      0x108 ./Middlewares/Third_Party/FreeRTOS/Source/tasks.o
                0x08008364                vTaskPriorityDisinheritAfterTimeout
 .text.pvTaskIncrementMutexHeldCount
                0x0800846c       0x28 ./Middlewares/Third_Party/FreeRTOS/Source/tasks.o
                0x0800846c                pvTaskIncrementMutexHeldCount
 .text.prvAddCurrentTaskToDelayedList
                0x08008494       0xa8 ./Middlewares/Third_Party/FreeRTOS/Source/tasks.o
 .text.xTimerCreateTimerTask
                0x0800853c       0x94 ./Middlewares/Third_Party/FreeRTOS/Source/timers.o
                0x0800853c                xTimerCreateTimerTask
 .text.xTimerGenericCommand
                0x080085d0       0x9c ./Middlewares/Third_Party/FreeRTOS/Source/timers.o
                0x080085d0                xTimerGenericCommand
 .text.prvProcessExpiredTimer
                0x0800866c       0x9c ./Middlewares/Third_Party/FreeRTOS/Source/timers.o
 .text.prvTimerTask
                0x08008708       0x26 ./Middlewares/Third_Party/FreeRTOS/Source/timers.o
 *fill*         0x0800872e        0x2 
 .text.prvProcessTimerOrBlockTask
                0x08008730       0x9c ./Middlewares/Third_Party/FreeRTOS/Source/timers.o
 .text.prvGetNextExpireTime
                0x080087cc       0x44 ./Middlewares/Third_Party/FreeRTOS/Source/timers.o
 .text.prvSampleTimeNow
                0x08008810       0x40 ./Middlewares/Third_Party/FreeRTOS/Source/timers.o
 .text.prvInsertTimerInActiveList
                0x08008850       0x84 ./Middlewares/Third_Party/FreeRTOS/Source/timers.o
 .text.prvProcessReceivedCommands
                0x080088d4      0x1cc ./Middlewares/Third_Party/FreeRTOS/Source/timers.o
 .text.prvSwitchTimerLists
                0x08008aa0       0xcc ./Middlewares/Third_Party/FreeRTOS/Source/timers.o
 .text.prvCheckForValidListAndQueue
                0x08008b6c       0x80 ./Middlewares/Third_Party/FreeRTOS/Source/timers.o
 .text.pxPortInitialiseStack
                0x08008bec       0x58 ./Middlewares/Third_Party/FreeRTOS/Source/portable/GCC/ARM_CM3/port.o
                0x08008bec                pxPortInitialiseStack
 .text.prvTaskExitError
                0x08008c44       0x58 ./Middlewares/Third_Party/FreeRTOS/Source/portable/GCC/ARM_CM3/port.o
 *fill*         0x08008c9c        0x4 
 .text.SVC_Handler
                0x08008ca0       0x28 ./Middlewares/Third_Party/FreeRTOS/Source/portable/GCC/ARM_CM3/port.o
                0x08008ca0                SVC_Handler
 .text.prvPortStartFirstTask
                0x08008cc8       0x20 ./Middlewares/Third_Party/FreeRTOS/Source/portable/GCC/ARM_CM3/port.o
 .text.xPortStartScheduler
                0x08008ce8      0x108 ./Middlewares/Third_Party/FreeRTOS/Source/portable/GCC/ARM_CM3/port.o
                0x08008ce8                xPortStartScheduler
 .text.vPortEnterCritical
                0x08008df0       0x60 ./Middlewares/Third_Party/FreeRTOS/Source/portable/GCC/ARM_CM3/port.o
                0x08008df0                vPortEnterCritical
 .text.vPortExitCritical
                0x08008e50       0x54 ./Middlewares/Third_Party/FreeRTOS/Source/portable/GCC/ARM_CM3/port.o
                0x08008e50                vPortExitCritical
 *fill*         0x08008ea4        0xc 
 .text.PendSV_Handler
                0x08008eb0       0x48 ./Middlewares/Third_Party/FreeRTOS/Source/portable/GCC/ARM_CM3/port.o
                0x08008eb0                PendSV_Handler
 .text.xPortSysTickHandler
                0x08008ef8       0x44 ./Middlewares/Third_Party/FreeRTOS/Source/portable/GCC/ARM_CM3/port.o
                0x08008ef8                xPortSysTickHandler
 .text.vPortSetupTimerInterrupt
                0x08008f3c       0x44 ./Middlewares/Third_Party/FreeRTOS/Source/portable/GCC/ARM_CM3/port.o
                0x08008f3c                vPortSetupTimerInterrupt
 .text.vPortValidateInterruptPriority
                0x08008f80       0x80 ./Middlewares/Third_Party/FreeRTOS/Source/portable/GCC/ARM_CM3/port.o
                0x08008f80                vPortValidateInterruptPriority
 .text.pvPortMalloc
                0x08009000      0x19c ./Middlewares/Third_Party/FreeRTOS/Source/portable/MemMang/heap_4.o
                0x08009000                pvPortMalloc
 .text.vPortFree
                0x0800919c       0xc8 ./Middlewares/Third_Party/FreeRTOS/Source/portable/MemMang/heap_4.o
                0x0800919c                vPortFree
 .text.prvHeapInit
                0x08009264       0xc4 ./Middlewares/Third_Party/FreeRTOS/Source/portable/MemMang/heap_4.o
 .text.prvInsertBlockIntoFreeList
                0x08009328       0xb0 ./Middlewares/Third_Party/FreeRTOS/Source/portable/MemMang/heap_4.o
 .text.map      0x080093d8       0x36 ./Servo/Servo.o
                0x080093d8                map
 *fill*         0x0800940e        0x2 
 .text.Servo_Write
                0x08009410       0x9c ./Servo/Servo.o
                0x08009410                Servo_Write
 .text.atoi     0x080094ac        0x8 D:/Code/STM32CubeIde/STM32CubeIDE_1.17.0/STM32CubeIDE/plugins/com.st.stm32cube.ide.mcu.externaltools.gnu-tools-for-stm32.12.3.rel1.win32_1.1.0.202410251130/tools/bin/../lib/gcc/arm-none-eabi/12.3.1/../../../../arm-none-eabi/lib/thumb/v7-m/nofp\libc_nano.a(libc_a-atoi.o)
                0x080094ac                atoi
 .text._strtol_l.constprop.0
                0x080094b4       0xf4 D:/Code/STM32CubeIde/STM32CubeIDE_1.17.0/STM32CubeIDE/plugins/com.st.stm32cube.ide.mcu.externaltools.gnu-tools-for-stm32.12.3.rel1.win32_1.1.0.202410251130/tools/bin/../lib/gcc/arm-none-eabi/12.3.1/../../../../arm-none-eabi/lib/thumb/v7-m/nofp\libc_nano.a(libc_a-strtol.o)
 .text._strtol_r
                0x080095a8        0x4 D:/Code/STM32CubeIde/STM32CubeIDE_1.17.0/STM32CubeIDE/plugins/com.st.stm32cube.ide.mcu.externaltools.gnu-tools-for-stm32.12.3.rel1.win32_1.1.0.202410251130/tools/bin/../lib/gcc/arm-none-eabi/12.3.1/../../../../arm-none-eabi/lib/thumb/v7-m/nofp\libc_nano.a(libc_a-strtol.o)
                0x080095a8                _strtol_r
 .text.strtol   0x080095ac       0x14 D:/Code/STM32CubeIde/STM32CubeIDE_1.17.0/STM32CubeIDE/plugins/com.st.stm32cube.ide.mcu.externaltools.gnu-tools-for-stm32.12.3.rel1.win32_1.1.0.202410251130/tools/bin/../lib/gcc/arm-none-eabi/12.3.1/../../../../arm-none-eabi/lib/thumb/v7-m/nofp\libc_nano.a(libc_a-strtol.o)
                0x080095ac                strtol
 .text.__cvt    0x080095c0       0xc8 D:/Code/STM32CubeIde/STM32CubeIDE_1.17.0/STM32CubeIDE/plugins/com.st.stm32cube.ide.mcu.externaltools.gnu-tools-for-stm32.12.3.rel1.win32_1.1.0.202410251130/tools/bin/../lib/gcc/arm-none-eabi/12.3.1/../../../../arm-none-eabi/lib/thumb/v7-m/nofp\libc_nano.a(libc_a-nano-vfprintf_float.o)
                0x080095c0                __cvt
 .text.__exponent
                0x08009688       0x74 D:/Code/STM32CubeIde/STM32CubeIDE_1.17.0/STM32CubeIDE/plugins/com.st.stm32cube.ide.mcu.externaltools.gnu-tools-for-stm32.12.3.rel1.win32_1.1.0.202410251130/tools/bin/../lib/gcc/arm-none-eabi/12.3.1/../../../../arm-none-eabi/lib/thumb/v7-m/nofp\libc_nano.a(libc_a-nano-vfprintf_float.o)
                0x08009688                __exponent
 .text._printf_float
                0x080096fc      0x458 D:/Code/STM32CubeIde/STM32CubeIDE_1.17.0/STM32CubeIDE/plugins/com.st.stm32cube.ide.mcu.externaltools.gnu-tools-for-stm32.12.3.rel1.win32_1.1.0.202410251130/tools/bin/../lib/gcc/arm-none-eabi/12.3.1/../../../../arm-none-eabi/lib/thumb/v7-m/nofp\libc_nano.a(libc_a-nano-vfprintf_float.o)
                0x080096fc                _printf_float
 .text._printf_common
                0x08009b54       0xe4 D:/Code/STM32CubeIde/STM32CubeIDE_1.17.0/STM32CubeIDE/plugins/com.st.stm32cube.ide.mcu.externaltools.gnu-tools-for-stm32.12.3.rel1.win32_1.1.0.202410251130/tools/bin/../lib/gcc/arm-none-eabi/12.3.1/../../../../arm-none-eabi/lib/thumb/v7-m/nofp\libc_nano.a(libc_a-nano-vfprintf_i.o)
                0x08009b54                _printf_common
 .text._printf_i
                0x08009c38      0x240 D:/Code/STM32CubeIde/STM32CubeIDE_1.17.0/STM32CubeIDE/plugins/com.st.stm32cube.ide.mcu.externaltools.gnu-tools-for-stm32.12.3.rel1.win32_1.1.0.202410251130/tools/bin/../lib/gcc/arm-none-eabi/12.3.1/../../../../arm-none-eabi/lib/thumb/v7-m/nofp\libc_nano.a(libc_a-nano-vfprintf_i.o)
                0x08009c38                _printf_i
 .text._scanf_float
                0x08009e78      0x420 D:/Code/STM32CubeIde/STM32CubeIDE_1.17.0/STM32CubeIDE/plugins/com.st.stm32cube.ide.mcu.externaltools.gnu-tools-for-stm32.12.3.rel1.win32_1.1.0.202410251130/tools/bin/../lib/gcc/arm-none-eabi/12.3.1/../../../../arm-none-eabi/lib/thumb/v7-m/nofp\libc_nano.a(libc_a-nano-vfscanf_float.o)
                0x08009e78                _scanf_float
 .text.std      0x0800a298       0x6c D:/Code/STM32CubeIde/STM32CubeIDE_1.17.0/STM32CubeIDE/plugins/com.st.stm32cube.ide.mcu.externaltools.gnu-tools-for-stm32.12.3.rel1.win32_1.1.0.202410251130/tools/bin/../lib/gcc/arm-none-eabi/12.3.1/../../../../arm-none-eabi/lib/thumb/v7-m/nofp\libc_nano.a(libc_a-findfp.o)
 .text.stdio_exit_handler
                0x0800a304       0x18 D:/Code/STM32CubeIde/STM32CubeIDE_1.17.0/STM32CubeIDE/plugins/com.st.stm32cube.ide.mcu.externaltools.gnu-tools-for-stm32.12.3.rel1.win32_1.1.0.202410251130/tools/bin/../lib/gcc/arm-none-eabi/12.3.1/../../../../arm-none-eabi/lib/thumb/v7-m/nofp\libc_nano.a(libc_a-findfp.o)
 .text.cleanup_stdio
                0x0800a31c       0x40 D:/Code/STM32CubeIde/STM32CubeIDE_1.17.0/STM32CubeIDE/plugins/com.st.stm32cube.ide.mcu.externaltools.gnu-tools-for-stm32.12.3.rel1.win32_1.1.0.202410251130/tools/bin/../lib/gcc/arm-none-eabi/12.3.1/../../../../arm-none-eabi/lib/thumb/v7-m/nofp\libc_nano.a(libc_a-findfp.o)
 .text.global_stdio_init.part.0
                0x0800a35c       0x3c D:/Code/STM32CubeIde/STM32CubeIDE_1.17.0/STM32CubeIDE/plugins/com.st.stm32cube.ide.mcu.externaltools.gnu-tools-for-stm32.12.3.rel1.win32_1.1.0.202410251130/tools/bin/../lib/gcc/arm-none-eabi/12.3.1/../../../../arm-none-eabi/lib/thumb/v7-m/nofp\libc_nano.a(libc_a-findfp.o)
 .text.__sfp_lock_acquire
                0x0800a398        0xc D:/Code/STM32CubeIde/STM32CubeIDE_1.17.0/STM32CubeIDE/plugins/com.st.stm32cube.ide.mcu.externaltools.gnu-tools-for-stm32.12.3.rel1.win32_1.1.0.202410251130/tools/bin/../lib/gcc/arm-none-eabi/12.3.1/../../../../arm-none-eabi/lib/thumb/v7-m/nofp\libc_nano.a(libc_a-findfp.o)
                0x0800a398                __sfp_lock_acquire
 .text.__sfp_lock_release
                0x0800a3a4        0xc D:/Code/STM32CubeIde/STM32CubeIDE_1.17.0/STM32CubeIDE/plugins/com.st.stm32cube.ide.mcu.externaltools.gnu-tools-for-stm32.12.3.rel1.win32_1.1.0.202410251130/tools/bin/../lib/gcc/arm-none-eabi/12.3.1/../../../../arm-none-eabi/lib/thumb/v7-m/nofp\libc_nano.a(libc_a-findfp.o)
                0x0800a3a4                __sfp_lock_release
 .text.__sinit  0x0800a3b0       0x30 D:/Code/STM32CubeIde/STM32CubeIDE_1.17.0/STM32CubeIDE/plugins/com.st.stm32cube.ide.mcu.externaltools.gnu-tools-for-stm32.12.3.rel1.win32_1.1.0.202410251130/tools/bin/../lib/gcc/arm-none-eabi/12.3.1/../../../../arm-none-eabi/lib/thumb/v7-m/nofp\libc_nano.a(libc_a-findfp.o)
                0x0800a3b0                __sinit
 .text._fwalk_sglue
                0x0800a3e0       0x3c D:/Code/STM32CubeIde/STM32CubeIDE_1.17.0/STM32CubeIDE/plugins/com.st.stm32cube.ide.mcu.externaltools.gnu-tools-for-stm32.12.3.rel1.win32_1.1.0.202410251130/tools/bin/../lib/gcc/arm-none-eabi/12.3.1/../../../../arm-none-eabi/lib/thumb/v7-m/nofp\libc_nano.a(libc_a-fwalk.o)
                0x0800a3e0                _fwalk_sglue
 .text.printf   0x0800a41c       0x24 D:/Code/STM32CubeIde/STM32CubeIDE_1.17.0/STM32CubeIDE/plugins/com.st.stm32cube.ide.mcu.externaltools.gnu-tools-for-stm32.12.3.rel1.win32_1.1.0.202410251130/tools/bin/../lib/gcc/arm-none-eabi/12.3.1/../../../../arm-none-eabi/lib/thumb/v7-m/nofp\libc_nano.a(libc_a-printf.o)
                0x0800a41c                iprintf
                0x0800a41c                printf
 .text._puts_r  0x0800a440       0xaa D:/Code/STM32CubeIde/STM32CubeIDE_1.17.0/STM32CubeIDE/plugins/com.st.stm32cube.ide.mcu.externaltools.gnu-tools-for-stm32.12.3.rel1.win32_1.1.0.202410251130/tools/bin/../lib/gcc/arm-none-eabi/12.3.1/../../../../arm-none-eabi/lib/thumb/v7-m/nofp\libc_nano.a(libc_a-puts.o)
                0x0800a440                _puts_r
 *fill*         0x0800a4ea        0x2 
 .text.puts     0x0800a4ec       0x10 D:/Code/STM32CubeIde/STM32CubeIDE_1.17.0/STM32CubeIDE/plugins/com.st.stm32cube.ide.mcu.externaltools.gnu-tools-for-stm32.12.3.rel1.win32_1.1.0.202410251130/tools/bin/../lib/gcc/arm-none-eabi/12.3.1/../../../../arm-none-eabi/lib/thumb/v7-m/nofp\libc_nano.a(libc_a-puts.o)
                0x0800a4ec                puts
 .text.sprintf  0x0800a4fc       0x40 D:/Code/STM32CubeIde/STM32CubeIDE_1.17.0/STM32CubeIDE/plugins/com.st.stm32cube.ide.mcu.externaltools.gnu-tools-for-stm32.12.3.rel1.win32_1.1.0.202410251130/tools/bin/../lib/gcc/arm-none-eabi/12.3.1/../../../../arm-none-eabi/lib/thumb/v7-m/nofp\libc_nano.a(libc_a-sprintf.o)
                0x0800a4fc                siprintf
                0x0800a4fc                sprintf
 .text.__sread  0x0800a53c       0x22 D:/Code/STM32CubeIde/STM32CubeIDE_1.17.0/STM32CubeIDE/plugins/com.st.stm32cube.ide.mcu.externaltools.gnu-tools-for-stm32.12.3.rel1.win32_1.1.0.202410251130/tools/bin/../lib/gcc/arm-none-eabi/12.3.1/../../../../arm-none-eabi/lib/thumb/v7-m/nofp\libc_nano.a(libc_a-stdio.o)
                0x0800a53c                __sread
 .text.__swrite
                0x0800a55e       0x38 D:/Code/STM32CubeIde/STM32CubeIDE_1.17.0/STM32CubeIDE/plugins/com.st.stm32cube.ide.mcu.externaltools.gnu-tools-for-stm32.12.3.rel1.win32_1.1.0.202410251130/tools/bin/../lib/gcc/arm-none-eabi/12.3.1/../../../../arm-none-eabi/lib/thumb/v7-m/nofp\libc_nano.a(libc_a-stdio.o)
                0x0800a55e                __swrite
 .text.__sseek  0x0800a596       0x24 D:/Code/STM32CubeIde/STM32CubeIDE_1.17.0/STM32CubeIDE/plugins/com.st.stm32cube.ide.mcu.externaltools.gnu-tools-for-stm32.12.3.rel1.win32_1.1.0.202410251130/tools/bin/../lib/gcc/arm-none-eabi/12.3.1/../../../../arm-none-eabi/lib/thumb/v7-m/nofp\libc_nano.a(libc_a-stdio.o)
                0x0800a596                __sseek
 .text.__sclose
                0x0800a5ba        0x8 D:/Code/STM32CubeIde/STM32CubeIDE_1.17.0/STM32CubeIDE/plugins/com.st.stm32cube.ide.mcu.externaltools.gnu-tools-for-stm32.12.3.rel1.win32_1.1.0.202410251130/tools/bin/../lib/gcc/arm-none-eabi/12.3.1/../../../../arm-none-eabi/lib/thumb/v7-m/nofp\libc_nano.a(libc_a-stdio.o)
                0x0800a5ba                __sclose
 .text.__swbuf_r
                0x0800a5c2       0x7c D:/Code/STM32CubeIde/STM32CubeIDE_1.17.0/STM32CubeIDE/plugins/com.st.stm32cube.ide.mcu.externaltools.gnu-tools-for-stm32.12.3.rel1.win32_1.1.0.202410251130/tools/bin/../lib/gcc/arm-none-eabi/12.3.1/../../../../arm-none-eabi/lib/thumb/v7-m/nofp\libc_nano.a(libc_a-wbuf.o)
                0x0800a5c2                __swbuf_r
 *fill*         0x0800a63e        0x2 
 .text.__swsetup_r
                0x0800a640       0xac D:/Code/STM32CubeIde/STM32CubeIDE_1.17.0/STM32CubeIDE/plugins/com.st.stm32cube.ide.mcu.externaltools.gnu-tools-for-stm32.12.3.rel1.win32_1.1.0.202410251130/tools/bin/../lib/gcc/arm-none-eabi/12.3.1/../../../../arm-none-eabi/lib/thumb/v7-m/nofp\libc_nano.a(libc_a-wsetup.o)
                0x0800a640                __swsetup_r
 .text.memset   0x0800a6ec       0x10 D:/Code/STM32CubeIde/STM32CubeIDE_1.17.0/STM32CubeIDE/plugins/com.st.stm32cube.ide.mcu.externaltools.gnu-tools-for-stm32.12.3.rel1.win32_1.1.0.202410251130/tools/bin/../lib/gcc/arm-none-eabi/12.3.1/../../../../arm-none-eabi/lib/thumb/v7-m/nofp\libc_nano.a(libc_a-memset.o)
                0x0800a6ec                memset
 .text.strncmp  0x0800a6fc       0x24 D:/Code/STM32CubeIde/STM32CubeIDE_1.17.0/STM32CubeIDE/plugins/com.st.stm32cube.ide.mcu.externaltools.gnu-tools-for-stm32.12.3.rel1.win32_1.1.0.202410251130/tools/bin/../lib/gcc/arm-none-eabi/12.3.1/../../../../arm-none-eabi/lib/thumb/v7-m/nofp\libc_nano.a(libc_a-strncmp.o)
                0x0800a6fc                strncmp
 .text._localeconv_r
                0x0800a720        0x8 D:/Code/STM32CubeIde/STM32CubeIDE_1.17.0/STM32CubeIDE/plugins/com.st.stm32cube.ide.mcu.externaltools.gnu-tools-for-stm32.12.3.rel1.win32_1.1.0.202410251130/tools/bin/../lib/gcc/arm-none-eabi/12.3.1/../../../../arm-none-eabi/lib/thumb/v7-m/nofp\libc_nano.a(libc_a-localeconv.o)
                0x0800a720                _localeconv_r
 .text._close_r
                0x0800a728       0x20 D:/Code/STM32CubeIde/STM32CubeIDE_1.17.0/STM32CubeIDE/plugins/com.st.stm32cube.ide.mcu.externaltools.gnu-tools-for-stm32.12.3.rel1.win32_1.1.0.202410251130/tools/bin/../lib/gcc/arm-none-eabi/12.3.1/../../../../arm-none-eabi/lib/thumb/v7-m/nofp\libc_nano.a(libc_a-closer.o)
                0x0800a728                _close_r
 .text._reclaim_reent
                0x0800a748       0xac D:/Code/STM32CubeIde/STM32CubeIDE_1.17.0/STM32CubeIDE/plugins/com.st.stm32cube.ide.mcu.externaltools.gnu-tools-for-stm32.12.3.rel1.win32_1.1.0.202410251130/tools/bin/../lib/gcc/arm-none-eabi/12.3.1/../../../../arm-none-eabi/lib/thumb/v7-m/nofp\libc_nano.a(libc_a-reent.o)
                0x0800a748                _reclaim_reent
 .text._lseek_r
                0x0800a7f4       0x24 D:/Code/STM32CubeIde/STM32CubeIDE_1.17.0/STM32CubeIDE/plugins/com.st.stm32cube.ide.mcu.externaltools.gnu-tools-for-stm32.12.3.rel1.win32_1.1.0.202410251130/tools/bin/../lib/gcc/arm-none-eabi/12.3.1/../../../../arm-none-eabi/lib/thumb/v7-m/nofp\libc_nano.a(libc_a-lseekr.o)
                0x0800a7f4                _lseek_r
 .text._read_r  0x0800a818       0x24 D:/Code/STM32CubeIde/STM32CubeIDE_1.17.0/STM32CubeIDE/plugins/com.st.stm32cube.ide.mcu.externaltools.gnu-tools-for-stm32.12.3.rel1.win32_1.1.0.202410251130/tools/bin/../lib/gcc/arm-none-eabi/12.3.1/../../../../arm-none-eabi/lib/thumb/v7-m/nofp\libc_nano.a(libc_a-readr.o)
                0x0800a818                _read_r
 .text._write_r
                0x0800a83c       0x24 D:/Code/STM32CubeIde/STM32CubeIDE_1.17.0/STM32CubeIDE/plugins/com.st.stm32cube.ide.mcu.externaltools.gnu-tools-for-stm32.12.3.rel1.win32_1.1.0.202410251130/tools/bin/../lib/gcc/arm-none-eabi/12.3.1/../../../../arm-none-eabi/lib/thumb/v7-m/nofp\libc_nano.a(libc_a-writer.o)
                0x0800a83c                _write_r
 .text.__errno  0x0800a860        0xc D:/Code/STM32CubeIde/STM32CubeIDE_1.17.0/STM32CubeIDE/plugins/com.st.stm32cube.ide.mcu.externaltools.gnu-tools-for-stm32.12.3.rel1.win32_1.1.0.202410251130/tools/bin/../lib/gcc/arm-none-eabi/12.3.1/../../../../arm-none-eabi/lib/thumb/v7-m/nofp\libc_nano.a(libc_a-errno.o)
                0x0800a860                __errno
 .text.__libc_init_array
                0x0800a86c       0x48 D:/Code/STM32CubeIde/STM32CubeIDE_1.17.0/STM32CubeIDE/plugins/com.st.stm32cube.ide.mcu.externaltools.gnu-tools-for-stm32.12.3.rel1.win32_1.1.0.202410251130/tools/bin/../lib/gcc/arm-none-eabi/12.3.1/../../../../arm-none-eabi/lib/thumb/v7-m/nofp\libc_nano.a(libc_a-init.o)
                0x0800a86c                __libc_init_array
 .text.__retarget_lock_init_recursive
                0x0800a8b4        0x2 D:/Code/STM32CubeIde/STM32CubeIDE_1.17.0/STM32CubeIDE/plugins/com.st.stm32cube.ide.mcu.externaltools.gnu-tools-for-stm32.12.3.rel1.win32_1.1.0.202410251130/tools/bin/../lib/gcc/arm-none-eabi/12.3.1/../../../../arm-none-eabi/lib/thumb/v7-m/nofp\libc_nano.a(libc_a-lock.o)
                0x0800a8b4                __retarget_lock_init_recursive
 .text.__retarget_lock_acquire_recursive
                0x0800a8b6        0x2 D:/Code/STM32CubeIde/STM32CubeIDE_1.17.0/STM32CubeIDE/plugins/com.st.stm32cube.ide.mcu.externaltools.gnu-tools-for-stm32.12.3.rel1.win32_1.1.0.202410251130/tools/bin/../lib/gcc/arm-none-eabi/12.3.1/../../../../arm-none-eabi/lib/thumb/v7-m/nofp\libc_nano.a(libc_a-lock.o)
                0x0800a8b6                __retarget_lock_acquire_recursive
 .text.__retarget_lock_release_recursive
                0x0800a8b8        0x2 D:/Code/STM32CubeIde/STM32CubeIDE_1.17.0/STM32CubeIDE/plugins/com.st.stm32cube.ide.mcu.externaltools.gnu-tools-for-stm32.12.3.rel1.win32_1.1.0.202410251130/tools/bin/../lib/gcc/arm-none-eabi/12.3.1/../../../../arm-none-eabi/lib/thumb/v7-m/nofp\libc_nano.a(libc_a-lock.o)
                0x0800a8b8                __retarget_lock_release_recursive
 .text.memchr   0x0800a8ba       0x1c D:/Code/STM32CubeIde/STM32CubeIDE_1.17.0/STM32CubeIDE/plugins/com.st.stm32cube.ide.mcu.externaltools.gnu-tools-for-stm32.12.3.rel1.win32_1.1.0.202410251130/tools/bin/../lib/gcc/arm-none-eabi/12.3.1/../../../../arm-none-eabi/lib/thumb/v7-m/nofp\libc_nano.a(libc_a-memchr-stub.o)
                0x0800a8ba                memchr
 .text.memcpy   0x0800a8d6       0x1c D:/Code/STM32CubeIde/STM32CubeIDE_1.17.0/STM32CubeIDE/plugins/com.st.stm32cube.ide.mcu.externaltools.gnu-tools-for-stm32.12.3.rel1.win32_1.1.0.202410251130/tools/bin/../lib/gcc/arm-none-eabi/12.3.1/../../../../arm-none-eabi/lib/thumb/v7-m/nofp\libc_nano.a(libc_a-memcpy-stub.o)
                0x0800a8d6                memcpy
 *fill*         0x0800a8f2        0x2 
 .text.nanf     0x0800a8f4        0x8 D:/Code/STM32CubeIde/STM32CubeIDE_1.17.0/STM32CubeIDE/plugins/com.st.stm32cube.ide.mcu.externaltools.gnu-tools-for-stm32.12.3.rel1.win32_1.1.0.202410251130/tools/bin/../lib/gcc/arm-none-eabi/12.3.1/../../../../arm-none-eabi/lib/thumb/v7-m/nofp\libc_nano.a(libm_a-sf_nan.o)
                0x0800a8f4                nanf
 .text.quorem   0x0800a8fc      0x110 D:/Code/STM32CubeIde/STM32CubeIDE_1.17.0/STM32CubeIDE/plugins/com.st.stm32cube.ide.mcu.externaltools.gnu-tools-for-stm32.12.3.rel1.win32_1.1.0.202410251130/tools/bin/../lib/gcc/arm-none-eabi/12.3.1/../../../../arm-none-eabi/lib/thumb/v7-m/nofp\libc_nano.a(libc_a-dtoa.o)
 *fill*         0x0800aa0c        0x4 
 .text._dtoa_r  0x0800aa10      0xb90 D:/Code/STM32CubeIde/STM32CubeIDE_1.17.0/STM32CubeIDE/plugins/com.st.stm32cube.ide.mcu.externaltools.gnu-tools-for-stm32.12.3.rel1.win32_1.1.0.202410251130/tools/bin/../lib/gcc/arm-none-eabi/12.3.1/../../../../arm-none-eabi/lib/thumb/v7-m/nofp\libc_nano.a(libc_a-dtoa.o)
                0x0800aa10                _dtoa_r
 .text._free_r  0x0800b5a0       0x90 D:/Code/STM32CubeIde/STM32CubeIDE_1.17.0/STM32CubeIDE/plugins/com.st.stm32cube.ide.mcu.externaltools.gnu-tools-for-stm32.12.3.rel1.win32_1.1.0.202410251130/tools/bin/../lib/gcc/arm-none-eabi/12.3.1/../../../../arm-none-eabi/lib/thumb/v7-m/nofp\libc_nano.a(libc_a-freer.o)
                0x0800b5a0                _free_r
 .text.malloc   0x0800b630       0x10 D:/Code/STM32CubeIde/STM32CubeIDE_1.17.0/STM32CubeIDE/plugins/com.st.stm32cube.ide.mcu.externaltools.gnu-tools-for-stm32.12.3.rel1.win32_1.1.0.202410251130/tools/bin/../lib/gcc/arm-none-eabi/12.3.1/../../../../arm-none-eabi/lib/thumb/v7-m/nofp\libc_nano.a(libc_a-malloc.o)
                0x0800b630                malloc
 .text.sbrk_aligned
                0x0800b640       0x44 D:/Code/STM32CubeIde/STM32CubeIDE_1.17.0/STM32CubeIDE/plugins/com.st.stm32cube.ide.mcu.externaltools.gnu-tools-for-stm32.12.3.rel1.win32_1.1.0.202410251130/tools/bin/../lib/gcc/arm-none-eabi/12.3.1/../../../../arm-none-eabi/lib/thumb/v7-m/nofp\libc_nano.a(libc_a-mallocr.o)
 .text._malloc_r
                0x0800b684      0x100 D:/Code/STM32CubeIde/STM32CubeIDE_1.17.0/STM32CubeIDE/plugins/com.st.stm32cube.ide.mcu.externaltools.gnu-tools-for-stm32.12.3.rel1.win32_1.1.0.202410251130/tools/bin/../lib/gcc/arm-none-eabi/12.3.1/../../../../arm-none-eabi/lib/thumb/v7-m/nofp\libc_nano.a(libc_a-mallocr.o)
                0x0800b684                _malloc_r
 .text.__malloc_lock
                0x0800b784        0xc D:/Code/STM32CubeIde/STM32CubeIDE_1.17.0/STM32CubeIDE/plugins/com.st.stm32cube.ide.mcu.externaltools.gnu-tools-for-stm32.12.3.rel1.win32_1.1.0.202410251130/tools/bin/../lib/gcc/arm-none-eabi/12.3.1/../../../../arm-none-eabi/lib/thumb/v7-m/nofp\libc_nano.a(libc_a-mlock.o)
                0x0800b784                __malloc_lock
 .text.__malloc_unlock
                0x0800b790        0xc D:/Code/STM32CubeIde/STM32CubeIDE_1.17.0/STM32CubeIDE/plugins/com.st.stm32cube.ide.mcu.externaltools.gnu-tools-for-stm32.12.3.rel1.win32_1.1.0.202410251130/tools/bin/../lib/gcc/arm-none-eabi/12.3.1/../../../../arm-none-eabi/lib/thumb/v7-m/nofp\libc_nano.a(libc_a-mlock.o)
                0x0800b790                __malloc_unlock
 .text._Balloc  0x0800b79c       0x80 D:/Code/STM32CubeIde/STM32CubeIDE_1.17.0/STM32CubeIDE/plugins/com.st.stm32cube.ide.mcu.externaltools.gnu-tools-for-stm32.12.3.rel1.win32_1.1.0.202410251130/tools/bin/../lib/gcc/arm-none-eabi/12.3.1/../../../../arm-none-eabi/lib/thumb/v7-m/nofp\libc_nano.a(libc_a-mprec.o)
                0x0800b79c                _Balloc
 .text._Bfree   0x0800b81c       0x44 D:/Code/STM32CubeIde/STM32CubeIDE_1.17.0/STM32CubeIDE/plugins/com.st.stm32cube.ide.mcu.externaltools.gnu-tools-for-stm32.12.3.rel1.win32_1.1.0.202410251130/tools/bin/../lib/gcc/arm-none-eabi/12.3.1/../../../../arm-none-eabi/lib/thumb/v7-m/nofp\libc_nano.a(libc_a-mprec.o)
                0x0800b81c                _Bfree
 .text.__multadd
                0x0800b860       0x8c D:/Code/STM32CubeIde/STM32CubeIDE_1.17.0/STM32CubeIDE/plugins/com.st.stm32cube.ide.mcu.externaltools.gnu-tools-for-stm32.12.3.rel1.win32_1.1.0.202410251130/tools/bin/../lib/gcc/arm-none-eabi/12.3.1/../../../../arm-none-eabi/lib/thumb/v7-m/nofp\libc_nano.a(libc_a-mprec.o)
                0x0800b860                __multadd
 .text.__s2b    0x0800b8ec       0x94 D:/Code/STM32CubeIde/STM32CubeIDE_1.17.0/STM32CubeIDE/plugins/com.st.stm32cube.ide.mcu.externaltools.gnu-tools-for-stm32.12.3.rel1.win32_1.1.0.202410251130/tools/bin/../lib/gcc/arm-none-eabi/12.3.1/../../../../arm-none-eabi/lib/thumb/v7-m/nofp\libc_nano.a(libc_a-mprec.o)
                0x0800b8ec                __s2b
 .text.__hi0bits
                0x0800b980       0x3e D:/Code/STM32CubeIde/STM32CubeIDE_1.17.0/STM32CubeIDE/plugins/com.st.stm32cube.ide.mcu.externaltools.gnu-tools-for-stm32.12.3.rel1.win32_1.1.0.202410251130/tools/bin/../lib/gcc/arm-none-eabi/12.3.1/../../../../arm-none-eabi/lib/thumb/v7-m/nofp\libc_nano.a(libc_a-mprec.o)
                0x0800b980                __hi0bits
 .text.__lo0bits
                0x0800b9be       0x5a D:/Code/STM32CubeIde/STM32CubeIDE_1.17.0/STM32CubeIDE/plugins/com.st.stm32cube.ide.mcu.externaltools.gnu-tools-for-stm32.12.3.rel1.win32_1.1.0.202410251130/tools/bin/../lib/gcc/arm-none-eabi/12.3.1/../../../../arm-none-eabi/lib/thumb/v7-m/nofp\libc_nano.a(libc_a-mprec.o)
                0x0800b9be                __lo0bits
 .text.__i2b    0x0800ba18       0x2c D:/Code/STM32CubeIde/STM32CubeIDE_1.17.0/STM32CubeIDE/plugins/com.st.stm32cube.ide.mcu.externaltools.gnu-tools-for-stm32.12.3.rel1.win32_1.1.0.202410251130/tools/bin/../lib/gcc/arm-none-eabi/12.3.1/../../../../arm-none-eabi/lib/thumb/v7-m/nofp\libc_nano.a(libc_a-mprec.o)
                0x0800ba18                __i2b
 .text.__multiply
                0x0800ba44      0x150 D:/Code/STM32CubeIde/STM32CubeIDE_1.17.0/STM32CubeIDE/plugins/com.st.stm32cube.ide.mcu.externaltools.gnu-tools-for-stm32.12.3.rel1.win32_1.1.0.202410251130/tools/bin/../lib/gcc/arm-none-eabi/12.3.1/../../../../arm-none-eabi/lib/thumb/v7-m/nofp\libc_nano.a(libc_a-mprec.o)
                0x0800ba44                __multiply
 .text.__pow5mult
                0x0800bb94       0xb4 D:/Code/STM32CubeIde/STM32CubeIDE_1.17.0/STM32CubeIDE/plugins/com.st.stm32cube.ide.mcu.externaltools.gnu-tools-for-stm32.12.3.rel1.win32_1.1.0.202410251130/tools/bin/../lib/gcc/arm-none-eabi/12.3.1/../../../../arm-none-eabi/lib/thumb/v7-m/nofp\libc_nano.a(libc_a-mprec.o)
                0x0800bb94                __pow5mult
 .text.__lshift
                0x0800bc48       0xd8 D:/Code/STM32CubeIde/STM32CubeIDE_1.17.0/STM32CubeIDE/plugins/com.st.stm32cube.ide.mcu.externaltools.gnu-tools-for-stm32.12.3.rel1.win32_1.1.0.202410251130/tools/bin/../lib/gcc/arm-none-eabi/12.3.1/../../../../arm-none-eabi/lib/thumb/v7-m/nofp\libc_nano.a(libc_a-mprec.o)
                0x0800bc48                __lshift
 .text.__mcmp   0x0800bd20       0x36 D:/Code/STM32CubeIde/STM32CubeIDE_1.17.0/STM32CubeIDE/plugins/com.st.stm32cube.ide.mcu.externaltools.gnu-tools-for-stm32.12.3.rel1.win32_1.1.0.202410251130/tools/bin/../lib/gcc/arm-none-eabi/12.3.1/../../../../arm-none-eabi/lib/thumb/v7-m/nofp\libc_nano.a(libc_a-mprec.o)
                0x0800bd20                __mcmp
 *fill*         0x0800bd56        0x2 
 .text.__mdiff  0x0800bd58      0x128 D:/Code/STM32CubeIde/STM32CubeIDE_1.17.0/STM32CubeIDE/plugins/com.st.stm32cube.ide.mcu.externaltools.gnu-tools-for-stm32.12.3.rel1.win32_1.1.0.202410251130/tools/bin/../lib/gcc/arm-none-eabi/12.3.1/../../../../arm-none-eabi/lib/thumb/v7-m/nofp\libc_nano.a(libc_a-mprec.o)
                0x0800bd58                __mdiff
 .text.__ulp    0x0800be80       0x40 D:/Code/STM32CubeIde/STM32CubeIDE_1.17.0/STM32CubeIDE/plugins/com.st.stm32cube.ide.mcu.externaltools.gnu-tools-for-stm32.12.3.rel1.win32_1.1.0.202410251130/tools/bin/../lib/gcc/arm-none-eabi/12.3.1/../../../../arm-none-eabi/lib/thumb/v7-m/nofp\libc_nano.a(libc_a-mprec.o)
                0x0800be80                __ulp
 .text.__b2d    0x0800bec0       0x90 D:/Code/STM32CubeIde/STM32CubeIDE_1.17.0/STM32CubeIDE/plugins/com.st.stm32cube.ide.mcu.externaltools.gnu-tools-for-stm32.12.3.rel1.win32_1.1.0.202410251130/tools/bin/../lib/gcc/arm-none-eabi/12.3.1/../../../../arm-none-eabi/lib/thumb/v7-m/nofp\libc_nano.a(libc_a-mprec.o)
                0x0800bec0                __b2d
 .text.__d2b    0x0800bf50       0xb0 D:/Code/STM32CubeIde/STM32CubeIDE_1.17.0/STM32CubeIDE/plugins/com.st.stm32cube.ide.mcu.externaltools.gnu-tools-for-stm32.12.3.rel1.win32_1.1.0.202410251130/tools/bin/../lib/gcc/arm-none-eabi/12.3.1/../../../../arm-none-eabi/lib/thumb/v7-m/nofp\libc_nano.a(libc_a-mprec.o)
                0x0800bf50                __d2b
 .text.__ratio  0x0800c000       0x60 D:/Code/STM32CubeIde/STM32CubeIDE_1.17.0/STM32CubeIDE/plugins/com.st.stm32cube.ide.mcu.externaltools.gnu-tools-for-stm32.12.3.rel1.win32_1.1.0.202410251130/tools/bin/../lib/gcc/arm-none-eabi/12.3.1/../../../../arm-none-eabi/lib/thumb/v7-m/nofp\libc_nano.a(libc_a-mprec.o)
                0x0800c000                __ratio
 .text.__copybits
                0x0800c060       0x46 D:/Code/STM32CubeIde/STM32CubeIDE_1.17.0/STM32CubeIDE/plugins/com.st.stm32cube.ide.mcu.externaltools.gnu-tools-for-stm32.12.3.rel1.win32_1.1.0.202410251130/tools/bin/../lib/gcc/arm-none-eabi/12.3.1/../../../../arm-none-eabi/lib/thumb/v7-m/nofp\libc_nano.a(libc_a-mprec.o)
                0x0800c060                __copybits
 .text.__any_on
                0x0800c0a6       0x42 D:/Code/STM32CubeIde/STM32CubeIDE_1.17.0/STM32CubeIDE/plugins/com.st.stm32cube.ide.mcu.externaltools.gnu-tools-for-stm32.12.3.rel1.win32_1.1.0.202410251130/tools/bin/../lib/gcc/arm-none-eabi/12.3.1/../../../../arm-none-eabi/lib/thumb/v7-m/nofp\libc_nano.a(libc_a-mprec.o)
                0x0800c0a6                __any_on
 .text.sulp     0x0800c0e8       0x42 D:/Code/STM32CubeIde/STM32CubeIDE_1.17.0/STM32CubeIDE/plugins/com.st.stm32cube.ide.mcu.externaltools.gnu-tools-for-stm32.12.3.rel1.win32_1.1.0.202410251130/tools/bin/../lib/gcc/arm-none-eabi/12.3.1/../../../../arm-none-eabi/lib/thumb/v7-m/nofp\libc_nano.a(libc_a-strtod.o)
 *fill*         0x0800c12a        0x6 
 .text._strtod_l
                0x0800c130      0xbb0 D:/Code/STM32CubeIde/STM32CubeIDE_1.17.0/STM32CubeIDE/plugins/com.st.stm32cube.ide.mcu.externaltools.gnu-tools-for-stm32.12.3.rel1.win32_1.1.0.202410251130/tools/bin/../lib/gcc/arm-none-eabi/12.3.1/../../../../arm-none-eabi/lib/thumb/v7-m/nofp\libc_nano.a(libc_a-strtod.o)
                0x0800c130                _strtod_l
 .text._strtod_r
                0x0800cce0        0xc D:/Code/STM32CubeIde/STM32CubeIDE_1.17.0/STM32CubeIDE/plugins/com.st.stm32cube.ide.mcu.externaltools.gnu-tools-for-stm32.12.3.rel1.win32_1.1.0.202410251130/tools/bin/../lib/gcc/arm-none-eabi/12.3.1/../../../../arm-none-eabi/lib/thumb/v7-m/nofp\libc_nano.a(libc_a-strtod.o)
                0x0800cce0                _strtod_r
 .text.__ssputs_r
                0x0800ccec       0xb6 D:/Code/STM32CubeIde/STM32CubeIDE_1.17.0/STM32CubeIDE/plugins/com.st.stm32cube.ide.mcu.externaltools.gnu-tools-for-stm32.12.3.rel1.win32_1.1.0.202410251130/tools/bin/../lib/gcc/arm-none-eabi/12.3.1/../../../../arm-none-eabi/lib/thumb/v7-m/nofp\libc_nano.a(libc_a-nano-svfprintf.o)
                0x0800ccec                __ssputs_r
 *fill*         0x0800cda2        0x2 
 .text._svfprintf_r
                0x0800cda4      0x1f8 D:/Code/STM32CubeIde/STM32CubeIDE_1.17.0/STM32CubeIDE/plugins/com.st.stm32cube.ide.mcu.externaltools.gnu-tools-for-stm32.12.3.rel1.win32_1.1.0.202410251130/tools/bin/../lib/gcc/arm-none-eabi/12.3.1/../../../../arm-none-eabi/lib/thumb/v7-m/nofp\libc_nano.a(libc_a-nano-svfprintf.o)
                0x0800cda4                _svfiprintf_r
                0x0800cda4                _svfprintf_r
 .text.__sfputc_r
                0x0800cf9c       0x2a D:/Code/STM32CubeIde/STM32CubeIDE_1.17.0/STM32CubeIDE/plugins/com.st.stm32cube.ide.mcu.externaltools.gnu-tools-for-stm32.12.3.rel1.win32_1.1.0.202410251130/tools/bin/../lib/gcc/arm-none-eabi/12.3.1/../../../../arm-none-eabi/lib/thumb/v7-m/nofp\libc_nano.a(libc_a-nano-vfprintf.o)
 .text.__sfputs_r
                0x0800cfc6       0x24 D:/Code/STM32CubeIde/STM32CubeIDE_1.17.0/STM32CubeIDE/plugins/com.st.stm32cube.ide.mcu.externaltools.gnu-tools-for-stm32.12.3.rel1.win32_1.1.0.202410251130/tools/bin/../lib/gcc/arm-none-eabi/12.3.1/../../../../arm-none-eabi/lib/thumb/v7-m/nofp\libc_nano.a(libc_a-nano-vfprintf.o)
                0x0800cfc6                __sfputs_r
 *fill*         0x0800cfea        0x2 
 .text._vfprintf_r
                0x0800cfec      0x230 D:/Code/STM32CubeIde/STM32CubeIDE_1.17.0/STM32CubeIDE/plugins/com.st.stm32cube.ide.mcu.externaltools.gnu-tools-for-stm32.12.3.rel1.win32_1.1.0.202410251130/tools/bin/../lib/gcc/arm-none-eabi/12.3.1/../../../../arm-none-eabi/lib/thumb/v7-m/nofp\libc_nano.a(libc_a-nano-vfprintf.o)
                0x0800cfec                _vfprintf_r
                0x0800cfec                _vfiprintf_r
 .text.__sflush_r
                0x0800d21c      0x100 D:/Code/STM32CubeIde/STM32CubeIDE_1.17.0/STM32CubeIDE/plugins/com.st.stm32cube.ide.mcu.externaltools.gnu-tools-for-stm32.12.3.rel1.win32_1.1.0.202410251130/tools/bin/../lib/gcc/arm-none-eabi/12.3.1/../../../../arm-none-eabi/lib/thumb/v7-m/nofp\libc_nano.a(libc_a-fflush.o)
                0x0800d21c                __sflush_r
 .text._fflush_r
                0x0800d31c       0x50 D:/Code/STM32CubeIde/STM32CubeIDE_1.17.0/STM32CubeIDE/plugins/com.st.stm32cube.ide.mcu.externaltools.gnu-tools-for-stm32.12.3.rel1.win32_1.1.0.202410251130/tools/bin/../lib/gcc/arm-none-eabi/12.3.1/../../../../arm-none-eabi/lib/thumb/v7-m/nofp\libc_nano.a(libc_a-fflush.o)
                0x0800d31c                _fflush_r
 .text.__swhatbuf_r
                0x0800d36c       0x4a D:/Code/STM32CubeIde/STM32CubeIDE_1.17.0/STM32CubeIDE/plugins/com.st.stm32cube.ide.mcu.externaltools.gnu-tools-for-stm32.12.3.rel1.win32_1.1.0.202410251130/tools/bin/../lib/gcc/arm-none-eabi/12.3.1/../../../../arm-none-eabi/lib/thumb/v7-m/nofp\libc_nano.a(libc_a-makebuf.o)
                0x0800d36c                __swhatbuf_r
 .text.__smakebuf_r
                0x0800d3b6       0x78 D:/Code/STM32CubeIde/STM32CubeIDE_1.17.0/STM32CubeIDE/plugins/com.st.stm32cube.ide.mcu.externaltools.gnu-tools-for-stm32.12.3.rel1.win32_1.1.0.202410251130/tools/bin/../lib/gcc/arm-none-eabi/12.3.1/../../../../arm-none-eabi/lib/thumb/v7-m/nofp\libc_nano.a(libc_a-makebuf.o)
                0x0800d3b6                __smakebuf_r
 .text.memmove  0x0800d42e       0x34 D:/Code/STM32CubeIde/STM32CubeIDE_1.17.0/STM32CubeIDE/plugins/com.st.stm32cube.ide.mcu.externaltools.gnu-tools-for-stm32.12.3.rel1.win32_1.1.0.202410251130/tools/bin/../lib/gcc/arm-none-eabi/12.3.1/../../../../arm-none-eabi/lib/thumb/v7-m/nofp\libc_nano.a(libc_a-memmove.o)
                0x0800d42e                memmove
 *fill*         0x0800d462        0x2 
 .text._fstat_r
                0x0800d464       0x24 D:/Code/STM32CubeIde/STM32CubeIDE_1.17.0/STM32CubeIDE/plugins/com.st.stm32cube.ide.mcu.externaltools.gnu-tools-for-stm32.12.3.rel1.win32_1.1.0.202410251130/tools/bin/../lib/gcc/arm-none-eabi/12.3.1/../../../../arm-none-eabi/lib/thumb/v7-m/nofp\libc_nano.a(libc_a-fstatr.o)
                0x0800d464                _fstat_r
 .text._isatty_r
                0x0800d488       0x20 D:/Code/STM32CubeIde/STM32CubeIDE_1.17.0/STM32CubeIDE/plugins/com.st.stm32cube.ide.mcu.externaltools.gnu-tools-for-stm32.12.3.rel1.win32_1.1.0.202410251130/tools/bin/../lib/gcc/arm-none-eabi/12.3.1/../../../../arm-none-eabi/lib/thumb/v7-m/nofp\libc_nano.a(libc_a-isattyr.o)
                0x0800d488                _isatty_r
 .text._sbrk_r  0x0800d4a8       0x20 D:/Code/STM32CubeIde/STM32CubeIDE_1.17.0/STM32CubeIDE/plugins/com.st.stm32cube.ide.mcu.externaltools.gnu-tools-for-stm32.12.3.rel1.win32_1.1.0.202410251130/tools/bin/../lib/gcc/arm-none-eabi/12.3.1/../../../../arm-none-eabi/lib/thumb/v7-m/nofp\libc_nano.a(libc_a-sbrkr.o)
                0x0800d4a8                _sbrk_r
 .text.nan      0x0800d4c8        0xc D:/Code/STM32CubeIde/STM32CubeIDE_1.17.0/STM32CubeIDE/plugins/com.st.stm32cube.ide.mcu.externaltools.gnu-tools-for-stm32.12.3.rel1.win32_1.1.0.202410251130/tools/bin/../lib/gcc/arm-none-eabi/12.3.1/../../../../arm-none-eabi/lib/thumb/v7-m/nofp\libc_nano.a(libm_a-s_nan.o)
                0x0800d4c8                nan
 .text.__assert_func
                0x0800d4d4       0x3c D:/Code/STM32CubeIde/STM32CubeIDE_1.17.0/STM32CubeIDE/plugins/com.st.stm32cube.ide.mcu.externaltools.gnu-tools-for-stm32.12.3.rel1.win32_1.1.0.202410251130/tools/bin/../lib/gcc/arm-none-eabi/12.3.1/../../../../arm-none-eabi/lib/thumb/v7-m/nofp\libc_nano.a(libc_a-assert.o)
                0x0800d4d4                __assert_func
 .text._calloc_r
                0x0800d510       0x28 D:/Code/STM32CubeIde/STM32CubeIDE_1.17.0/STM32CubeIDE/plugins/com.st.stm32cube.ide.mcu.externaltools.gnu-tools-for-stm32.12.3.rel1.win32_1.1.0.202410251130/tools/bin/../lib/gcc/arm-none-eabi/12.3.1/../../../../arm-none-eabi/lib/thumb/v7-m/nofp\libc_nano.a(libc_a-callocr.o)
                0x0800d510                _calloc_r
 .text.rshift   0x0800d538       0xa6 D:/Code/STM32CubeIde/STM32CubeIDE_1.17.0/STM32CubeIDE/plugins/com.st.stm32cube.ide.mcu.externaltools.gnu-tools-for-stm32.12.3.rel1.win32_1.1.0.202410251130/tools/bin/../lib/gcc/arm-none-eabi/12.3.1/../../../../arm-none-eabi/lib/thumb/v7-m/nofp\libc_nano.a(libc_a-gdtoa-gethex.o)
 .text.__hexdig_fun
                0x0800d5de       0x2a D:/Code/STM32CubeIde/STM32CubeIDE_1.17.0/STM32CubeIDE/plugins/com.st.stm32cube.ide.mcu.externaltools.gnu-tools-for-stm32.12.3.rel1.win32_1.1.0.202410251130/tools/bin/../lib/gcc/arm-none-eabi/12.3.1/../../../../arm-none-eabi/lib/thumb/v7-m/nofp\libc_nano.a(libc_a-gdtoa-gethex.o)
                0x0800d5de                __hexdig_fun
 .text.__gethex
                0x0800d608      0x420 D:/Code/STM32CubeIde/STM32CubeIDE_1.17.0/STM32CubeIDE/plugins/com.st.stm32cube.ide.mcu.externaltools.gnu-tools-for-stm32.12.3.rel1.win32_1.1.0.202410251130/tools/bin/../lib/gcc/arm-none-eabi/12.3.1/../../../../arm-none-eabi/lib/thumb/v7-m/nofp\libc_nano.a(libc_a-gdtoa-gethex.o)
                0x0800d608                __gethex
 .text.L_shift  0x0800da28       0x24 D:/Code/STM32CubeIde/STM32CubeIDE_1.17.0/STM32CubeIDE/plugins/com.st.stm32cube.ide.mcu.externaltools.gnu-tools-for-stm32.12.3.rel1.win32_1.1.0.202410251130/tools/bin/../lib/gcc/arm-none-eabi/12.3.1/../../../../arm-none-eabi/lib/thumb/v7-m/nofp\libc_nano.a(libc_a-gdtoa-hexnan.o)
 .text.__match  0x0800da4c       0x28 D:/Code/STM32CubeIde/STM32CubeIDE_1.17.0/STM32CubeIDE/plugins/com.st.stm32cube.ide.mcu.externaltools.gnu-tools-for-stm32.12.3.rel1.win32_1.1.0.202410251130/tools/bin/../lib/gcc/arm-none-eabi/12.3.1/../../../../arm-none-eabi/lib/thumb/v7-m/nofp\libc_nano.a(libc_a-gdtoa-hexnan.o)
                0x0800da4c                __match
 .text.__hexnan
                0x0800da74      0x136 D:/Code/STM32CubeIde/STM32CubeIDE_1.17.0/STM32CubeIDE/plugins/com.st.stm32cube.ide.mcu.externaltools.gnu-tools-for-stm32.12.3.rel1.win32_1.1.0.202410251130/tools/bin/../lib/gcc/arm-none-eabi/12.3.1/../../../../arm-none-eabi/lib/thumb/v7-m/nofp\libc_nano.a(libc_a-gdtoa-hexnan.o)
                0x0800da74                __hexnan
 .text.__ascii_mbtowc
                0x0800dbaa       0x24 D:/Code/STM32CubeIde/STM32CubeIDE_1.17.0/STM32CubeIDE/plugins/com.st.stm32cube.ide.mcu.externaltools.gnu-tools-for-stm32.12.3.rel1.win32_1.1.0.202410251130/tools/bin/../lib/gcc/arm-none-eabi/12.3.1/../../../../arm-none-eabi/lib/thumb/v7-m/nofp\libc_nano.a(libc_a-mbtowc_r.o)
                0x0800dbaa                __ascii_mbtowc
 .text._realloc_r
                0x0800dbce       0x5c D:/Code/STM32CubeIde/STM32CubeIDE_1.17.0/STM32CubeIDE/plugins/com.st.stm32cube.ide.mcu.externaltools.gnu-tools-for-stm32.12.3.rel1.win32_1.1.0.202410251130/tools/bin/../lib/gcc/arm-none-eabi/12.3.1/../../../../arm-none-eabi/lib/thumb/v7-m/nofp\libc_nano.a(libc_a-reallocr.o)
                0x0800dbce                _realloc_r
 .text.__ascii_wctomb
                0x0800dc2a       0x1a D:/Code/STM32CubeIde/STM32CubeIDE_1.17.0/STM32CubeIDE/plugins/com.st.stm32cube.ide.mcu.externaltools.gnu-tools-for-stm32.12.3.rel1.win32_1.1.0.202410251130/tools/bin/../lib/gcc/arm-none-eabi/12.3.1/../../../../arm-none-eabi/lib/thumb/v7-m/nofp\libc_nano.a(libc_a-wctomb_r.o)
                0x0800dc2a                __ascii_wctomb
 .text.fprintf  0x0800dc44       0x24 D:/Code/STM32CubeIde/STM32CubeIDE_1.17.0/STM32CubeIDE/plugins/com.st.stm32cube.ide.mcu.externaltools.gnu-tools-for-stm32.12.3.rel1.win32_1.1.0.202410251130/tools/bin/../lib/gcc/arm-none-eabi/12.3.1/../../../../arm-none-eabi/lib/thumb/v7-m/nofp\libc_nano.a(libc_a-fprintf.o)
                0x0800dc44                fiprintf
                0x0800dc44                fprintf
 .text.abort    0x0800dc68        0xe D:/Code/STM32CubeIde/STM32CubeIDE_1.17.0/STM32CubeIDE/plugins/com.st.stm32cube.ide.mcu.externaltools.gnu-tools-for-stm32.12.3.rel1.win32_1.1.0.202410251130/tools/bin/../lib/gcc/arm-none-eabi/12.3.1/../../../../arm-none-eabi/lib/thumb/v7-m/nofp\libc_nano.a(libc_a-abort.o)
                0x0800dc68                abort
 .text._malloc_usable_size_r
                0x0800dc76       0x10 D:/Code/STM32CubeIde/STM32CubeIDE_1.17.0/STM32CubeIDE/plugins/com.st.stm32cube.ide.mcu.externaltools.gnu-tools-for-stm32.12.3.rel1.win32_1.1.0.202410251130/tools/bin/../lib/gcc/arm-none-eabi/12.3.1/../../../../arm-none-eabi/lib/thumb/v7-m/nofp\libc_nano.a(libc_a-msizer.o)
                0x0800dc76                _malloc_usable_size_r
 .text._raise_r
                0x0800dc86       0x50 D:/Code/STM32CubeIde/STM32CubeIDE_1.17.0/STM32CubeIDE/plugins/com.st.stm32cube.ide.mcu.externaltools.gnu-tools-for-stm32.12.3.rel1.win32_1.1.0.202410251130/tools/bin/../lib/gcc/arm-none-eabi/12.3.1/../../../../arm-none-eabi/lib/thumb/v7-m/nofp\libc_nano.a(libc_a-signal.o)
                0x0800dc86                _raise_r
 *fill*         0x0800dcd6        0x2 
 .text.raise    0x0800dcd8       0x10 D:/Code/STM32CubeIde/STM32CubeIDE_1.17.0/STM32CubeIDE/plugins/com.st.stm32cube.ide.mcu.externaltools.gnu-tools-for-stm32.12.3.rel1.win32_1.1.0.202410251130/tools/bin/../lib/gcc/arm-none-eabi/12.3.1/../../../../arm-none-eabi/lib/thumb/v7-m/nofp\libc_nano.a(libc_a-signal.o)
                0x0800dcd8                raise
 .text._kill_r  0x0800dce8       0x24 D:/Code/STM32CubeIde/STM32CubeIDE_1.17.0/STM32CubeIDE/plugins/com.st.stm32cube.ide.mcu.externaltools.gnu-tools-for-stm32.12.3.rel1.win32_1.1.0.202410251130/tools/bin/../lib/gcc/arm-none-eabi/12.3.1/../../../../arm-none-eabi/lib/thumb/v7-m/nofp\libc_nano.a(libc_a-signalr.o)
                0x0800dce8                _kill_r
 .text._getpid_r
                0x0800dd0c        0x4 D:/Code/STM32CubeIde/STM32CubeIDE_1.17.0/STM32CubeIDE/plugins/com.st.stm32cube.ide.mcu.externaltools.gnu-tools-for-stm32.12.3.rel1.win32_1.1.0.202410251130/tools/bin/../lib/gcc/arm-none-eabi/12.3.1/../../../../arm-none-eabi/lib/thumb/v7-m/nofp\libc_nano.a(libc_a-signalr.o)
                0x0800dd0c                _getpid_r
 *(.glue_7)
 .glue_7        0x0800dd10        0x0 linker stubs
 *(.glue_7t)
 .glue_7t       0x0800dd10        0x0 linker stubs
 *(.eh_frame)
 .eh_frame      0x0800dd10        0x0 D:/Code/STM32CubeIde/STM32CubeIDE_1.17.0/STM32CubeIDE/plugins/com.st.stm32cube.ide.mcu.externaltools.gnu-tools-for-stm32.12.3.rel1.win32_1.1.0.202410251130/tools/bin/../lib/gcc/arm-none-eabi/12.3.1/thumb/v7-m/nofp/crtbegin.o
 *(.init)
 .init          0x0800dd10        0x4 D:/Code/STM32CubeIde/STM32CubeIDE_1.17.0/STM32CubeIDE/plugins/com.st.stm32cube.ide.mcu.externaltools.gnu-tools-for-stm32.12.3.rel1.win32_1.1.0.202410251130/tools/bin/../lib/gcc/arm-none-eabi/12.3.1/thumb/v7-m/nofp/crti.o
                0x0800dd10                _init
 .init          0x0800dd14        0x8 D:/Code/STM32CubeIde/STM32CubeIDE_1.17.0/STM32CubeIDE/plugins/com.st.stm32cube.ide.mcu.externaltools.gnu-tools-for-stm32.12.3.rel1.win32_1.1.0.202410251130/tools/bin/../lib/gcc/arm-none-eabi/12.3.1/thumb/v7-m/nofp/crtn.o
 *(.fini)
 .fini          0x0800dd1c        0x4 D:/Code/STM32CubeIde/STM32CubeIDE_1.17.0/STM32CubeIDE/plugins/com.st.stm32cube.ide.mcu.externaltools.gnu-tools-for-stm32.12.3.rel1.win32_1.1.0.202410251130/tools/bin/../lib/gcc/arm-none-eabi/12.3.1/thumb/v7-m/nofp/crti.o
                0x0800dd1c                _fini
 .fini          0x0800dd20        0x8 D:/Code/STM32CubeIde/STM32CubeIDE_1.17.0/STM32CubeIDE/plugins/com.st.stm32cube.ide.mcu.externaltools.gnu-tools-for-stm32.12.3.rel1.win32_1.1.0.202410251130/tools/bin/../lib/gcc/arm-none-eabi/12.3.1/thumb/v7-m/nofp/crtn.o
                0x0800dd28                        . = ALIGN (0x4)
                0x0800dd28                        _etext = .

.vfp11_veneer   0x0800dd28        0x0
 .vfp11_veneer  0x0800dd28        0x0 linker stubs

.v4_bx          0x0800dd28        0x0
 .v4_bx         0x0800dd28        0x0 linker stubs

.iplt           0x0800dd28        0x0
 .iplt          0x0800dd28        0x0 D:/Code/STM32CubeIde/STM32CubeIDE_1.17.0/STM32CubeIDE/plugins/com.st.stm32cube.ide.mcu.externaltools.gnu-tools-for-stm32.12.3.rel1.win32_1.1.0.202410251130/tools/bin/../lib/gcc/arm-none-eabi/12.3.1/thumb/v7-m/nofp/crtbegin.o

.rodata         0x0800dd28      0x6b0
                0x0800dd28                        . = ALIGN (0x4)
 *(.rodata)
 .rodata        0x0800dd28      0x15b ./Core/Src/main.o
 *fill*         0x0800de83        0x1 
 .rodata        0x0800de84        0xe ./HCSR04/HCSR04.o
 *fill*         0x0800de92        0x2 
 .rodata        0x0800de94        0x5 ./Middlewares/Third_Party/FreeRTOS/Source/tasks.o
 *fill*         0x0800de99        0x3 
 .rodata        0x0800de9c        0xd ./Middlewares/Third_Party/FreeRTOS/Source/timers.o
 *(.rodata*)
 *fill*         0x0800dea9        0x3 
 .rodata.Task1_MPU9250_attributes
                0x0800deac       0x24 ./Core/Src/main.o
                0x0800deac                Task1_MPU9250_attributes
 .rodata.Task2_HCSR04_attributes
                0x0800ded0       0x24 ./Core/Src/main.o
                0x0800ded0                Task2_HCSR04_attributes
 .rodata.Task3_UARTCMD_attributes
                0x0800def4       0x24 ./Core/Src/main.o