../Core/Src/main.c:57:5:_write	24	static
../Core/Src/main.c:90:6:lora_Init	8	static
../Core/Src/main.c:117:6:send_broadcast	8	static
../Core/Src/main.c:123:6:send_ack	32	static
../Core/Src/main.c:132:6:send_stt	144	static
../Core/Src/main.c:141:6:send_ok	32	static
../Core/Src/main.c:150:6:send_request	32	static
../Core/Src/main.c:160:5:search_Node	128	static
../Core/Src/main.c:212:6:send_data	16	static
../Core/Src/main.c:219:5:receive_data	112	static
../Core/Src/main.c:261:6:get_data_Node	40	static
../Core/Src/main.c:288:6:send_data_PC	720	static
../Core/Src/main.c:329:5:main	16	static
../Core/Src/main.c:402:6:SystemClock_Config	88	static
../Core/Src/main.c:449:13:MX_RTC_Init	8	static
../Core/Src/main.c:480:13:MX_SPI1_Init	8	static
../Core/Src/main.c:518:13:MX_USART3_UART_Init	8	static
../Core/Src/main.c:551:13:MX_GPIO_Init	40	static
../Core/Src/main.c:610:6:Error_Handler	4	static,ignoring_inline_asm
