../Core/Src/main.c:78:10:Get_ADC_channel	32	static
../Core/Src/main.c:125:7:Read_Temperature	48	static
../Core/Src/main.c:152:6:HAL_UART_RxCpltCallback	24	static
../Core/Src/main.c:163:5:_write	24	static
../Core/Src/main.c:180:9:Decimal2BCD	16	static
../Core/Src/main.c:184:9:BCD2Decimal	16	static
../Core/Src/main.c:188:6:Print_DateTime	48	static
../Core/Src/main.c:196:6:RTC_Writetime	32	static
../Core/Src/main.c:209:6:RTC_Readtime	40	static
../Core/Src/main.c:229:5:main	8	static
../Core/Src/main.c:292:6:SystemClock_Config	88	static
../Core/Src/main.c:338:13:MX_ADC1_Init	24	static
../Core/Src/main.c:385:13:MX_I2C1_Init	8	static
../Core/Src/main.c:419:13:MX_SPI2_Init	8	static
../Core/Src/main.c:457:13:MX_USART1_UART_Init	8	static
../Core/Src/main.c:490:13:MX_GPIO_Init	40	static
../Core/Src/main.c:533:6:Error_Handler	4	static,ignoring_inline_asm
