../Core/Src/main.c:109:5:_write	24	static
../Core/Src/main.c:118:6:HAL_UART_RxCpltCallback	16	static
../Core/Src/main.c:145:5:main	8	static
../Core/Src/main.c:247:6:SystemClock_Config	72	static
../Core/Src/main.c:286:13:MX_USART1_UART_Init	8	static
../Core/Src/main.c:319:13:MX_GPIO_Init	40	static
../Core/Src/main.c:365:6:S_Task1_LedBoard	24	static
../Core/Src/main.c:413:6:S_Task2_LedBlue	24	static
../Core/Src/main.c:459:6:S_Task1_PrintNotify	24	static
../Core/Src/main.c:489:6:S_Task4_CountUp	24	static
../Core/Src/main.c:521:6:HAL_TIM_PeriodElapsedCallback	16	static
../Core/Src/main.c:538:6:Error_Handler	4	static,ignoring_inline_asm
