../Core/Src/main.c:74:5:_write	24	static
../Core/Src/main.c:92:6:UART_CMD_Process	192	static
../Core/Src/main.c:194:6:HAL_UART_RxCpltCallback	16	static
../Core/Src/main.c:212:6:Task1_MPU9250	88	static
../Core/Src/main.c:218:6:Task2_HCSR04	8	static
../Core/Src/main.c:223:6:isQueueEmpty	4	static
../Core/Src/main.c:227:6:isQueueFull	4	static
../Core/Src/main.c:231:6:enqueue	16	static
../Core/Src/main.c:240:6:dequeue	16	static
../Core/Src/main.c:249:6:processCommand	16	static
../Core/Src/main.c:265:6:parseUartBuffer	24	static
../Core/Src/main.c:286:6:processQueue	16	static
../Core/Src/main.c:298:5:main	16	static
../Core/Src/main.c:354:6:SystemClock_Config	72	static
../Core/Src/main.c:394:13:MX_I2C1_Init	8	static
../Core/Src/main.c:428:13:MX_TIM1_Init	32	static
../Core/Src/main.c:474:13:MX_TIM4_Init	64	static
../Core/Src/main.c:533:13:MX_USART1_UART_Init	8	static
../Core/Src/main.c:566:13:MX_GPIO_Init	40	static
../Core/Src/main.c:609:6:Error_Handler	4	static,ignoring_inline_asm
