../Core/Src/main.c:57:5:_write	24	static
../Core/Src/main.c:87:6:lora_Init	8	static
../Core/Src/main.c:114:6:send_broadcast	8	static
../Core/Src/main.c:122:6:send_ID	104	static
../Core/Src/main.c:131:5:search_Node	88	static
../Core/Src/main.c:156:6:send_data	16	static
../Core/Src/main.c:163:5:receive_data	112	static
../Core/Src/main.c:201:5:main	16	static
../Core/Src/main.c:257:6:SystemClock_Config	88	static
../Core/Src/main.c:305:13:MX_RTC_Init	8	static
../Core/Src/main.c:336:13:MX_SPI1_Init	8	static
../Core/Src/main.c:374:13:MX_USART3_UART_Init	8	static
../Core/Src/main.c:407:13:MX_GPIO_Init	40	static
../Core/Src/main.c:474:6:Error_Handler	4	static,ignoring_inline_asm
