D:/DH/20242 TK He thong nhung/STM32 Homework Prj/TKHTNhung_BTL_20242/MyLib/HCSR04/HCSR04.c:10:6:Delay_us	16	static
D:/DH/20242 TK He thong nhung/STM32 Homework Prj/TKHTNhung_BTL_20242/MyLib/HCSR04/HCSR04.c:18:6:Delay_ms	24	static
D:/DH/20242 TK He thong nhung/STM32 Homework Prj/TKHTNhung_BTL_20242/MyLib/HCSR04/HCSR04.c:24:6:pulseGPIO	16	static
D:/DH/20242 TK He thong nhung/STM32 Homework Prj/TKHTNhung_BTL_20242/MyLib/HCSR04/HCSR04.c:30:6:HCSR04_Start	8	static
D:/DH/20242 TK He thong nhung/STM32 Homework Prj/TKHTNhung_BTL_20242/MyLib/HCSR04/HCSR04.c:37:6:HAL_GPIO_EXTI_Callback	16	static
D:/DH/20242 TK He thong nhung/STM32 Homework Prj/TKHTNhung_BTL_20242/MyLib/HCSR04/HCSR04.c:63:6:HC04_Handle	8	static
