../Core/Src/main.c:91:5:_write	24	static
../Core/Src/main.c:100:6:HAL_UART_RxCpltCallback	16	static
../Core/Src/main.c:126:5:main	8	static
../Core/Src/main.c:220:6:SystemClock_Config	72	static
../Core/Src/main.c:259:13:MX_USART1_UART_Init	8	static
../Core/Src/main.c:292:13:MX_GPIO_Init	40	static
../Core/Src/main.c:338:6:S_Task1_LedBoard	24	static
../Core/Src/main.c:373:6:S_Task2_LedBlue	24	static
../Core/Src/main.c:407:6:StartTask03	24	static
../Core/Src/main.c:433:6:HAL_TIM_PeriodElapsedCallback	16	static
../Core/Src/main.c:450:6:Error_Handler	4	static,ignoring_inline_asm
