D:/DH/20242 TK He thong nhung/STM32 Homework Prj/TKHTNhung_BTL_20242/MyLib/HCSR04/HCSR04.c:11:6:Delay_us	16	static
D:/DH/20242 TK He thong nhung/STM32 Homework Prj/TKHTNhung_BTL_20242/MyLib/HCSR04/HCSR04.c:19:6:Delay_ms	24	static
D:/DH/20242 TK He thong nhung/STM32 Homework Prj/TKHTNhung_BTL_20242/MyLib/HCSR04/HCSR04.c:25:6:pulseGPIO	16	static
D:/DH/20242 TK He thong nhung/STM32 Homework Prj/TKHTNhung_BTL_20242/MyLib/HCSR04/HCSR04.c:31:6:HCSR04_Start	8	static
D:/DH/20242 TK He thong nhung/STM32 Homework Prj/TKHTNhung_BTL_20242/MyLib/HCSR04/HCSR04.c:38:6:HC04_Complete_Callback	16	static
D:/DH/20242 TK He thong nhung/STM32 Homework Prj/TKHTNhung_BTL_20242/MyLib/HCSR04/HCSR04.c:47:6:HC04_Handle	8	static
