D:/DH/Lumi/LabROBI/Config_UART/SDK_ROBI_STM32F1_1.0.0/shared/Middle/led/led.c:59:1:LedControl_Init	8	static
D:/DH/Lumi/LabROBI/Config_UART/SDK_ROBI_STM32F1_1.0.0/shared/Middle/led/led.c:72:6:LedGreenGPIO_Config	16	static
D:/DH/Lumi/LabROBI/Config_UART/SDK_ROBI_STM32F1_1.0.0/shared/Middle/led/led.c:93:6:TIMLED_Configuration	40	static
D:/DH/Lumi/LabROBI/Config_UART/SDK_ROBI_STM32F1_1.0.0/shared/Middle/led/led.c:152:1:LedControl_SetColor	24	static
D:/DH/Lumi/LabROBI/Config_UART/SDK_ROBI_STM32F1_1.0.0/shared/Middle/led/led.c:190:6:LedToggle	24	static
D:/DH/Lumi/LabROBI/Config_UART/SDK_ROBI_STM32F1_1.0.0/shared/Middle/led/led.c:213:6:Toggle_LedYellow	8	static
D:/DH/Lumi/LabROBI/Config_UART/SDK_ROBI_STM32F1_1.0.0/shared/Middle/led/led.c:240:6:Toggle_LedRed	8	static
D:/DH/Lumi/LabROBI/Config_UART/SDK_ROBI_STM32F1_1.0.0/shared/Middle/led/led.c:270:6:LedControl_Blink	24	static
