../Core/Src/main.c:73:5:_write	24	static
../Core/Src/main.c:85:6:UART_CMD_Process	192	static
../Core/Src/main.c:187:6:HAL_UART_RxCpltCallback	16	static
../Core/Src/main.c:204:6:Task1_MPU9250	88	static
../Core/Src/main.c:210:6:Task2_HCSR04	8	static
../Core/Src/main.c:221:5:main	16	static
../Core/Src/main.c:284:6:SystemClock_Config	72	static
../Core/Src/main.c:324:13:MX_I2C1_Init	8	static
../Core/Src/main.c:358:13:MX_TIM1_Init	32	static
../Core/Src/main.c:404:13:MX_TIM4_Init	64	static
../Core/Src/main.c:463:13:MX_USART1_UART_Init	8	static
../Core/Src/main.c:496:13:MX_GPIO_Init	40	static
../Core/Src/main.c:539:6:Error_Handler	4	static,ignoring_inline_asm
