Archive member included to satisfy reference by file (symbol)

D:/Code/STM32CubeIde/STM32CubeIDE_1.17.0/STM32CubeIDE/plugins/com.st.stm32cube.ide.mcu.externaltools.gnu-tools-for-stm32.12.3.rel1.win32_1.1.0.202410251130/tools/bin/../lib/gcc/arm-none-eabi/12.3.1/../../../../arm-none-eabi/lib/thumb/v7-m/nofp\libc_nano.a(libc_a-exit.o)
                              D:/Code/STM32CubeIde/STM32CubeIDE_1.17.0/STM32CubeIDE/plugins/com.st.stm32cube.ide.mcu.externaltools.gnu-tools-for-stm32.12.3.rel1.win32_1.1.0.202410251130/tools/bin/../lib/gcc/arm-none-eabi/12.3.1/../../../../arm-none-eabi/lib/thumb/v7-m/nofp/crt0.o (exit)
D:/Code/STM32CubeIde/STM32CubeIDE_1.17.0/STM32CubeIDE/plugins/com.st.stm32cube.ide.mcu.externaltools.gnu-tools-for-stm32.12.3.rel1.win32_1.1.0.202410251130/tools/bin/../lib/gcc/arm-none-eabi/12.3.1/../../../../arm-none-eabi/lib/thumb/v7-m/nofp\libc_nano.a(libc_a-findfp.o)
                              ./Middlewares/Third_Party/FreeRTOS/Source/tasks.o (__sf)
D:/Code/STM32CubeIde/STM32CubeIDE_1.17.0/STM32CubeIDE/plugins/com.st.stm32cube.ide.mcu.externaltools.gnu-tools-for-stm32.12.3.rel1.win32_1.1.0.202410251130/tools/bin/../lib/gcc/arm-none-eabi/12.3.1/../../../../arm-none-eabi/lib/thumb/v7-m/nofp\libc_nano.a(libc_a-fwalk.o)
                              D:/Code/STM32CubeIde/STM32CubeIDE_1.17.0/STM32CubeIDE/plugins/com.st.stm32cube.ide.mcu.externaltools.gnu-tools-for-stm32.12.3.rel1.win32_1.1.0.202410251130/tools/bin/../lib/gcc/arm-none-eabi/12.3.1/../../../../arm-none-eabi/lib/thumb/v7-m/nofp\libc_nano.a(libc_a-findfp.o) (_fwalk_sglue)
D:/Code/STM32CubeIde/STM32CubeIDE_1.17.0/STM32CubeIDE/plugins/com.st.stm32cube.ide.mcu.externaltools.gnu-tools-for-stm32.12.3.rel1.win32_1.1.0.202410251130/tools/bin/../lib/gcc/arm-none-eabi/12.3.1/../../../../arm-none-eabi/lib/thumb/v7-m/nofp\libc_nano.a(libc_a-printf.o)
                              ./Core/Src/main.o (printf)
D:/Code/STM32CubeIde/STM32CubeIDE_1.17.0/STM32CubeIDE/plugins/com.st.stm32cube.ide.mcu.externaltools.gnu-tools-for-stm32.12.3.rel1.win32_1.1.0.202410251130/tools/bin/../lib/gcc/arm-none-eabi/12.3.1/../../../../arm-none-eabi/lib/thumb/v7-m/nofp\libc_nano.a(libc_a-puts.o)
                              ./Core/Src/main.o (puts)
D:/Code/STM32CubeIde/STM32CubeIDE_1.17.0/STM32CubeIDE/plugins/com.st.stm32cube.ide.mcu.externaltools.gnu-tools-for-stm32.12.3.rel1.win32_1.1.0.202410251130/tools/bin/../lib/gcc/arm-none-eabi/12.3.1/../../../../arm-none-eabi/lib/thumb/v7-m/nofp\libc_nano.a(libc_a-stdio.o)
                              D:/Code/STM32CubeIde/STM32CubeIDE_1.17.0/STM32CubeIDE/plugins/com.st.stm32cube.ide.mcu.externaltools.gnu-tools-for-stm32.12.3.rel1.win32_1.1.0.202410251130/tools/bin/../lib/gcc/arm-none-eabi/12.3.1/../../../../arm-none-eabi/lib/thumb/v7-m/nofp\libc_nano.a(libc_a-findfp.o) (__sread)
D:/Code/STM32CubeIde/STM32CubeIDE_1.17.0/STM32CubeIDE/plugins/com.st.stm32cube.ide.mcu.externaltools.gnu-tools-for-stm32.12.3.rel1.win32_1.1.0.202410251130/tools/bin/../lib/gcc/arm-none-eabi/12.3.1/../../../../arm-none-eabi/lib/thumb/v7-m/nofp\libc_nano.a(libc_a-wbuf.o)
                              D:/Code/STM32CubeIde/STM32CubeIDE_1.17.0/STM32CubeIDE/plugins/com.st.stm32cube.ide.mcu.externaltools.gnu-tools-for-stm32.12.3.rel1.win32_1.1.0.202410251130/tools/bin/../lib/gcc/arm-none-eabi/12.3.1/../../../../arm-none-eabi/lib/thumb/v7-m/nofp\libc_nano.a(libc_a-puts.o) (__swbuf_r)
D:/Code/STM32CubeIde/STM32CubeIDE_1.17.0/STM32CubeIDE/plugins/com.st.stm32cube.ide.mcu.externaltools.gnu-tools-for-stm32.12.3.rel1.win32_1.1.0.202410251130/tools/bin/../lib/gcc/arm-none-eabi/12.3.1/../../../../arm-none-eabi/lib/thumb/v7-m/nofp\libc_nano.a(libc_a-wsetup.o)
                              D:/Code/STM32CubeIde/STM32CubeIDE_1.17.0/STM32CubeIDE/plugins/com.st.stm32cube.ide.mcu.externaltools.gnu-tools-for-stm32.12.3.rel1.win32_1.1.0.202410251130/tools/bin/../lib/gcc/arm-none-eabi/12.3.1/../../../../arm-none-eabi/lib/thumb/v7-m/nofp\libc_nano.a(libc_a-puts.o) (__swsetup_r)
D:/Code/STM32CubeIde/STM32CubeIDE_1.17.0/STM32CubeIDE/plugins/com.st.stm32cube.ide.mcu.externaltools.gnu-tools-for-stm32.12.3.rel1.win32_1.1.0.202410251130/tools/bin/../lib/gcc/arm-none-eabi/12.3.1/../../../../arm-none-eabi/lib/thumb/v7-m/nofp\libc_nano.a(libc_a-memset.o)
                              D:/Code/STM32CubeIde/STM32CubeIDE_1.17.0/STM32CubeIDE/plugins/com.st.stm32cube.ide.mcu.externaltools.gnu-tools-for-stm32.12.3.rel1.win32_1.1.0.202410251130/tools/bin/../lib/gcc/arm-none-eabi/12.3.1/../../../../arm-none-eabi/lib/thumb/v7-m/nofp/crt0.o (memset)
D:/Code/STM32CubeIde/STM32CubeIDE_1.17.0/STM32CubeIDE/plugins/com.st.stm32cube.ide.mcu.externaltools.gnu-tools-for-stm32.12.3.rel1.win32_1.1.0.202410251130/tools/bin/../lib/gcc/arm-none-eabi/12.3.1/../../../../arm-none-eabi/lib/thumb/v7-m/nofp\libc_nano.a(libc_a-closer.o)
[...]
Memory Configuration

Name             Origin             Length             Attributes
RAM              0x20000000         0x00005000         xrw
FLASH            0x08000000         0x00010000         xr
*default*        0x00000000         0xffffffff

Linker script and memory map

LOAD D:/Code/STM32CubeIde/STM32CubeIDE_1.17.0/STM32CubeIDE/plugins/com.st.stm32cube.ide.mcu.externaltools.gnu-tools-for-stm32.12.3.rel1.win32_1.1.0.202410251130/tools/bin/../lib/gcc/arm-none-eabi/12.3.1/thumb/v7-m/nofp/crti.o
LOAD D:/Code/STM32CubeIde/STM32CubeIDE_1.17.0/STM32CubeIDE/plugins/com.st.stm32cube.ide.mcu.externaltools.gnu-tools-for-stm32.12.3.rel1.win32_1.1.0.202410251130/tools/bin/../lib/gcc/arm-none-eabi/12.3.1/thumb/v7-m/nofp/crtbegin.o
LOAD D:/Code/STM32CubeIde/STM32CubeIDE_1.17.0/STM32CubeIDE/plugins/com.st.stm32cube.ide.mcu.externaltools.gnu-tools-for-stm32.12.3.rel1.win32_1.1.0.202410251130/tools/bin/../lib/gcc/arm-none-eabi/12.3.1/../../../../arm-none-eabi/lib/thumb/v7-m/nofp/crt0.o
LOAD ./Core/Src/freertos.o
LOAD ./Core/Src/main.o
LOAD ./Core/Src/stm32f1xx_hal_msp.o
LOAD ./Core/Src/stm32f1xx_hal_timebase_tim.o
LOAD ./Core/Src/stm32f1xx_it.o
LOAD ./Core/Src/syscalls.o
LOAD ./Core/Src/sysmem.o
LOAD ./Core/Src/system_stm32f1xx.o
LOAD ./Core/Startup/startup_stm32f103c8tx.o
LOAD ./Drivers/STM32F1xx_HAL_Driver/Src/stm32f1xx_hal.o
LOAD ./Drivers/STM32F1xx_HAL_Driver/Src/stm32f1xx_hal_cortex.o
LOAD ./Drivers/STM32F1xx_HAL_Driver/Src/stm32f1xx_hal_dma.o
LOAD ./Drivers/STM32F1xx_HAL_Driver/Src/stm32f1xx_hal_exti.o
LOAD ./Drivers/STM32F1xx_HAL_Driver/Src/stm32f1xx_hal_flash.o
LOAD ./Drivers/STM32F1xx_HAL_Driver/Src/stm32f1xx_hal_flash_ex.o
LOAD ./Drivers/STM32F1xx_HAL_Driver/Src/stm32f1xx_hal_gpio.o
LOAD ./Drivers/STM32F1xx_HAL_Driver/Src/stm32f1xx_hal_gpio_ex.o
LOAD ./Drivers/STM32F1xx_HAL_Driver/Src/stm32f1xx_hal_pwr.o
LOAD ./Drivers/STM32F1xx_HAL_Driver/Src/stm32f1xx_hal_rcc.o
LOAD ./Drivers/STM32F1xx_HAL_Driver/Src/stm32f1xx_hal_rcc_ex.o
LOAD ./Drivers/STM32F1xx_HAL_Driver/Src/stm32f1xx_hal_tim.o
LOAD ./Drivers/STM32F1xx_HAL_Driver/Src/stm32f1xx_hal_tim_ex.o
LOAD ./Drivers/STM32F1xx_HAL_Driver/Src/stm32f1xx_hal_uart.o
LOAD ./Middlewares/Third_Party/FreeRTOS/Source/CMSIS_RTOS_V2/cmsis_os2.o
LOAD ./Middlewares/Third_Party/FreeRTOS/Source/croutine.o
LOAD ./Middlewares/Third_Party/FreeRTOS/Source/event_groups.o
LOAD ./Middlewares/Third_Party/FreeRTOS/Source/list.o
LOAD ./Middlewares/Third_Party/FreeRTOS/Source/queue.o
LOAD ./Middlewares/Third_Party/FreeRTOS/Source/stream_buffer.o
LOAD ./Middlewares/Third_Party/FreeRTOS/Source/tasks.o
LOAD ./Middlewares/Third_Party/FreeRTOS/Source/timers.o
LOAD ./Middlewares/Third_Party/FreeRTOS/Source/portable/GCC/ARM_CM3/port.o
LOAD ./Middlewares/Third_Party/FreeRTOS/Source/portable/MemMang/heap_4.o
START GROUP
LOAD D:/Code/STM32CubeIde/STM32CubeIDE_1.17.0/STM32CubeIDE/plugins/com.st.stm32cube.ide.mcu.externaltools.gnu-tools-for-stm32.12.3.rel1.win32_1.1.0.202410251130/tools/bin/../lib/gcc/arm-none-eabi/12.3.1/../../../../arm-none-eabi/lib/thumb/v7-m/nofp\libc_nano.a
LOAD D:/Code/STM32CubeIde/STM32CubeIDE_1.17.0/STM32CubeIDE/plugins/com.st.stm32cube.ide.mcu.externaltools.gnu-tools-for-stm32.12.3.rel1.win32_1.1.0.202410251130/tools/bin/../lib/gcc/arm-none-eabi/12.3.1/../../../../arm-none-eabi/lib/thumb/v7-m/nofp\libm.a
END GROUP
START GROUP
LOAD D:/Code/STM32CubeIde/STM32CubeIDE_1.17.0/STM32CubeIDE/plugins/com.st.stm32cube.ide.mcu.externaltools.gnu-tools-for-stm32.12.3.rel1.win32_1.1.0.202410251130/tools/bin/../lib/gcc/arm-none-eabi/12.3.1/thumb/v7-m/nofp\libgcc.a
LOAD D:/Code/STM32CubeIde/STM32CubeIDE_1.17.0/STM32CubeIDE/plugins/com.st.stm32cube.ide.mcu.externaltools.gnu-tools-for-stm32.12.3.rel1.win32_1.1.0.202410251130/tools/bin/../lib/gcc/arm-none-eabi/12.3.1/../../../../arm-none-eabi/lib/thumb/v7-m/nofp\libc_nano.a
END GROUP
START GROUP
LOAD D:/Code/STM32CubeIde/STM32CubeIDE_1.17.0/STM32CubeIDE/plugins/com.st.stm32cube.ide.mcu.externaltools.gnu-tools-for-stm32.12.3.rel1.win32_1.1.0.202410251130/tools/bin/../lib/gcc/arm-none-eabi/12.3.1/thumb/v7-m/nofp\libgcc.a
LOAD D:/Code/STM32CubeIde/STM32CubeIDE_1.17.0/STM32CubeIDE/plugins/com.st.stm32cube.ide.mcu.externaltools.gnu-tools-for-stm32.12.3.rel1.win32_1.1.0.202410251130/tools/bin/../lib/gcc/arm-none-eabi/12.3.1/../../../../arm-none-eabi/lib/thumb/v7-m/nofp\libc_nano.a
LOAD D:/Code/STM32CubeIde/STM32CubeIDE_1.17.0/STM32CubeIDE/plugins/com.st.stm32cube.ide.mcu.externaltools.gnu-tools-for-stm32.12.3.rel1.win32_1.1.0.202410251130/tools/bin/../lib/gcc/arm-none-eabi/12.3.1/../../../../arm-none-eabi/lib/thumb/v7-m/nofp\libnosys.a
END GROUP
START GROUP
LOAD D:/Code/STM32CubeIde/STM32CubeIDE_1.17.0/STM32CubeIDE/plugins/com.st.stm32cube.ide.mcu.externaltools.gnu-tools-for-stm32.12.3.rel1.win32_1.1.0.202410251130/tools/bin/../lib/gcc/arm-none-eabi/12.3.1/thumb/v7-m/nofp\libgcc.a
LOAD D:/Code/STM32CubeIde/STM32CubeIDE_1.17.0/STM32CubeIDE/plugins/com.st.stm32cube.ide.mcu.externaltools.gnu-tools-for-stm32.12.3.rel1.win32_1.1.0.202410251130/tools/bin/../lib/gcc/arm-none-eabi/12.3.1/../../../../arm-none-eabi/lib/thumb/v7-m/nofp\libc_nano.a
LOAD D:/Code/STM32CubeIde/STM32CubeIDE_1.17.0/STM32CubeIDE/plugins/com.st.stm32cube.ide.mcu.externaltools.gnu-tools-for-stm32.12.3.rel1.win32_1.1.0.202410251130/tools/bin/../lib/gcc/arm-none-eabi/12.3.1/../../../../arm-none-eabi/lib/thumb/v7-m/nofp\libnosys.a
END GROUP
LOAD D:/Code/STM32CubeIde/STM32CubeIDE_1.17.0/STM32CubeIDE/plugins/com.st.stm32cube.ide.mcu.externaltools.gnu-tools-for-stm32.12.3.rel1.win32_1.1.0.202410251130/tools/bin/../lib/gcc/arm-none-eabi/12.3.1/thumb/v7-m/nofp/crtend.o
LOAD D:/Code/STM32CubeIde/STM32CubeIDE_1.17.0/STM32CubeIDE/plugins/com.st.stm32cube.ide.mcu.externaltools.gnu-tools-for-stm32.12.3.rel1.win32_1.1.0.202410251130/tools/bin/../lib/gcc/arm-none-eabi/12.3.1/thumb/v7-m/nofp/crtn.o
                0x20005000                        _estack = (ORIGIN (RAM) + LENGTH (RAM))
                0x00000200                        _Min_Heap_Size = 0x200
                0x00000400                        _Min_Stack_Size = 0x400

.isr_vector     0x08000000      0x10c
                0x08000000                        . = ALIGN (0x4)
 *(.isr_vector)
 .isr_vector    0x08000000      0x10c ./Core/Startup/startup_stm32f103c8tx.o
                0x08000000                g_pfnVectors
                0x0800010c                        . = ALIGN (0x4)

.text           0x08000110     0x79b8
                0x08000110                        . = ALIGN (0x4)
 *(.text)
 .text          0x08000110       0x40 D:/Code/STM32CubeIde/STM32CubeIDE_1.17.0/STM32CubeIDE/plugins/com.st.stm32cube.ide.mcu.externaltools.gnu-tools-for-stm32.12.3.rel1.win32_1.1.0.202410251130/tools/bin/../lib/gcc/arm-none-eabi/12.3.1/thumb/v7-m/nofp/crtbegin.o
 *(.text*)
 .text._write   0x08000150       0x2c ./Core/Src/main.o
                0x08000150                _write
 .text.HAL_UART_RxCpltCallback
                0x0800017c       0x84 ./Core/Src/main.o
                0x0800017c                HAL_UART_RxCpltCallback
 .text.main     0x08000200       0xe4 ./Core/Src/main.o
                0x08000200                main
 .text.SystemClock_Config
                0x080002e4       0x82 ./Core/Src/main.o
                0x080002e4                SystemClock_Config
 *fill*         0x08000366        0x2 
 .text.MX_USART1_UART_Init
                0x08000368       0x54 ./Core/Src/main.o
 .text.MX_GPIO_Init
                0x080003bc       0xc4 ./Core/Src/main.o
 .text.S_Task1_LedBoard
                0x08000480       0xbc ./Core/Src/main.o
                0x08000480                S_Task1_LedBoard
 .text.S_Task2_LedBlue
                0x0800053c       0xac ./Core/Src/main.o
                0x0800053c                S_Task2_LedBlue
 .text.S_Task1_PrintNotify
                0x080005e8       0x70 ./Core/Src/main.o
                0x080005e8                S_Task1_PrintNotify
 .text.S_Task4_CountUp
                0x08000658       0x44 ./Core/Src/main.o
                0x08000658                S_Task4_CountUp
 .text.HAL_TIM_PeriodElapsedCallback
                0x0800069c       0x24 ./Core/Src/main.o
                0x0800069c                HAL_TIM_PeriodElapsedCallback
 .text.Error_Handler
                0x080006c0        0xc ./Core/Src/main.o
                0x080006c0                Error_Handler
 .text.HAL_MspInit
                0x080006cc       0x70 ./Core/Src/stm32f1xx_hal_msp.o
                0x080006cc                HAL_MspInit
 .text.HAL_UART_MspInit
                0x0800073c       0xa8 ./Core/Src/stm32f1xx_hal_msp.o
                0x0800073c                HAL_UART_MspInit
 .text.HAL_InitTick
                0x080007e4       0xe4 ./Core/Src/stm32f1xx_hal_timebase_tim.o
                0x080007e4                HAL_InitTick
 .text.NMI_Handler
                0x080008c8        0x8 ./Core/Src/stm32f1xx_it.o
                0x080008c8                NMI_Handler
 .text.HardFault_Handler
                0x080008d0        0x8 ./Core/Src/stm32f1xx_it.o
                0x080008d0                HardFault_Handler
 .text.MemManage_Handler
                0x080008d8        0x8 ./Core/Src/stm32f1xx_it.o
                0x080008d8                MemManage_Handler
 .text.BusFault_Handler
                0x080008e0        0x8 ./Core/Src/stm32f1xx_it.o
                0x080008e0                BusFault_Handler
 .text.UsageFault_Handler
                0x080008e8        0x8 ./Core/Src/stm32f1xx_it.o
                0x080008e8                UsageFault_Handler
 .text.DebugMon_Handler
                0x080008f0        0xc ./Core/Src/stm32f1xx_it.o
                0x080008f0                DebugMon_Handler
 .text.TIM1_UP_IRQHandler
                0x080008fc       0x14 ./Core/Src/stm32f1xx_it.o
                0x080008fc                TIM1_UP_IRQHandler
 .text.USART1_IRQHandler
                0x08000910       0x14 ./Core/Src/stm32f1xx_it.o
                0x08000910                USART1_IRQHandler
 .text._read    0x08000924       0x3a ./Core/Src/syscalls.o
                0x08000924                _read
 .text._close   0x0800095e       0x16 ./Core/Src/syscalls.o
                0x0800095e                _close
 .text._fstat   0x08000974       0x1e ./Core/Src/syscalls.o
                0x08000974                _fstat
 .text._isatty  0x08000992       0x14 ./Core/Src/syscalls.o
                0x08000992                _isatty
 .text._lseek   0x080009a6       0x18 ./Core/Src/syscalls.o
                0x080009a6                _lseek
 *fill*         0x080009be        0x2 
 .text._sbrk    0x080009c0       0x6c ./Core/Src/sysmem.o
                0x080009c0                _sbrk
 .text.SystemInit
                0x08000a2c        0xc ./Core/Src/system_stm32f1xx.o
                0x08000a2c                SystemInit
 .text.Reset_Handler
                0x08000a38       0x48 ./Core/Startup/startup_stm32f103c8tx.o
                0x08000a38                Reset_Handler
 .text.Default_Handler
                0x08000a80        0x2 ./Core/Startup/startup_stm32f103c8tx.o
                0x08000a80                RTC_Alarm_IRQHandler
                0x08000a80                EXTI2_IRQHandler
                0x08000a80                TIM1_CC_IRQHandler
                0x08000a80                PVD_IRQHandler
                0x08000a80                EXTI3_IRQHandler
                0x08000a80                EXTI0_IRQHandler
                0x08000a80                I2C2_EV_IRQHandler
                0x08000a80                ADC1_2_IRQHandler
                0x08000a80                SPI1_IRQHandler
                0x08000a80                TAMPER_IRQHandler
                0x08000a80                DMA1_Channel4_IRQHandler
                0x08000a80                USART3_IRQHandler
                0x08000a80                RTC_IRQHandler
                0x08000a80                DMA1_Channel7_IRQHandler
                0x08000a80                CAN1_RX1_IRQHandler
                0x08000a80                TIM4_IRQHandler
                0x08000a80                I2C1_EV_IRQHandler
                0x08000a80                DMA1_Channel6_IRQHandler
                0x08000a80                TIM3_IRQHandler
                0x08000a80                RCC_IRQHandler
                0x08000a80                TIM1_TRG_COM_IRQHandler
                0x08000a80                DMA1_Channel1_IRQHandler
                0x08000a80                Default_Handler
                0x08000a80                EXTI15_10_IRQHandler
                0x08000a80                EXTI9_5_IRQHandler
                0x08000a80                SPI2_IRQHandler
                0x08000a80                DMA1_Channel5_IRQHandler
                0x08000a80                EXTI4_IRQHandler
                0x08000a80                USB_LP_CAN1_RX0_IRQHandler
                0x08000a80                USB_HP_CAN1_TX_IRQHandler
                0x08000a80                DMA1_Channel3_IRQHandler
                0x08000a80                WWDG_IRQHandler
                0x08000a80                TIM2_IRQHandler
                0x08000a80                TIM1_BRK_IRQHandler
                0x08000a80                EXTI1_IRQHandler
                0x08000a80                USART2_IRQHandler
                0x08000a80                I2C2_ER_IRQHandler
                0x08000a80                DMA1_Channel2_IRQHandler
                0x08000a80                CAN1_SCE_IRQHandler
                0x08000a80                FLASH_IRQHandler
                0x08000a80                I2C1_ER_IRQHandler
                0x08000a80                USBWakeUp_IRQHandler
 *fill*         0x08000a82        0x2 
 .text.HAL_Init
                0x08000a84       0x2c ./Drivers/STM32F1xx_HAL_Driver/Src/stm32f1xx_hal.o
                0x08000a84                HAL_Init
 .text.HAL_IncTick
                0x08000ab0       0x24 ./Drivers/STM32F1xx_HAL_Driver/Src/stm32f1xx_hal.o
                0x08000ab0                HAL_IncTick
 .text.HAL_GetTick
                0x08000ad4       0x14 ./Drivers/STM32F1xx_HAL_Driver/Src/stm32f1xx_hal.o
                0x08000ad4                HAL_GetTick
 .text.__NVIC_SetPriorityGrouping
                0x08000ae8       0x48 ./Drivers/STM32F1xx_HAL_Driver/Src/stm32f1xx_hal_cortex.o
 .text.__NVIC_GetPriorityGrouping
                0x08000b30       0x1c ./Drivers/STM32F1xx_HAL_Driver/Src/stm32f1xx_hal_cortex.o
 .text.__NVIC_EnableIRQ
                0x08000b4c       0x38 ./Drivers/STM32F1xx_HAL_Driver/Src/stm32f1xx_hal_cortex.o
 .text.__NVIC_SetPriority
                0x08000b84       0x54 ./Drivers/STM32F1xx_HAL_Driver/Src/stm32f1xx_hal_cortex.o
 .text.NVIC_EncodePriority
                0x08000bd8       0x64 ./Drivers/STM32F1xx_HAL_Driver/Src/stm32f1xx_hal_cortex.o
 .text.HAL_NVIC_SetPriorityGrouping
                0x08000c3c       0x16 ./Drivers/STM32F1xx_HAL_Driver/Src/stm32f1xx_hal_cortex.o
                0x08000c3c                HAL_NVIC_SetPriorityGrouping
 .text.HAL_NVIC_SetPriority
                0x08000c52       0x38 ./Drivers/STM32F1xx_HAL_Driver/Src/stm32f1xx_hal_cortex.o
                0x08000c52                HAL_NVIC_SetPriority
 .text.HAL_NVIC_EnableIRQ
                0x08000c8a       0x1c ./Drivers/STM32F1xx_HAL_Driver/Src/stm32f1xx_hal_cortex.o
                0x08000c8a                HAL_NVIC_EnableIRQ
 .text.HAL_DMA_Abort
                0x08000ca6       0x76 ./Drivers/STM32F1xx_HAL_Driver/Src/stm32f1xx_hal_dma.o
                0x08000ca6                HAL_DMA_Abort
 .text.HAL_DMA_Abort_IT
                0x08000d1c       0xf0 ./Drivers/STM32F1xx_HAL_Driver/Src/stm32f1xx_hal_dma.o
                0x08000d1c                HAL_DMA_Abort_IT
 .text.HAL_GPIO_Init
                0x08000e0c      0x308 ./Drivers/STM32F1xx_HAL_Driver/Src/stm32f1xx_hal_gpio.o
                0x08000e0c                HAL_GPIO_Init
 .text.HAL_GPIO_WritePin
                0x08001114       0x30 ./Drivers/STM32F1xx_HAL_Driver/Src/stm32f1xx_hal_gpio.o
                0x08001114                HAL_GPIO_WritePin
 .text.HAL_GPIO_TogglePin
                0x08001144       0x32 ./Drivers/STM32F1xx_HAL_Driver/Src/stm32f1xx_hal_gpio.o
                0x08001144                HAL_GPIO_TogglePin
 *fill*         0x08001176        0x2 
 .text.HAL_RCC_OscConfig
                0x08001178      0x504 ./Drivers/STM32F1xx_HAL_Driver/Src/stm32f1xx_hal_rcc.o
                0x08001178                HAL_RCC_OscConfig
 .text.HAL_RCC_ClockConfig
                0x0800167c      0x1d4 ./Drivers/STM32F1xx_HAL_Driver/Src/stm32f1xx_hal_rcc.o
                0x0800167c                HAL_RCC_ClockConfig
 .text.HAL_RCC_GetSysClockFreq
                0x08001850       0xa8 ./Drivers/STM32F1xx_HAL_Driver/Src/stm32f1xx_hal_rcc.o
                0x08001850                HAL_RCC_GetSysClockFreq
 .text.HAL_RCC_GetHCLKFreq
                0x080018f8       0x14 ./Drivers/STM32F1xx_HAL_Driver/Src/stm32f1xx_hal_rcc.o
                0x080018f8                HAL_RCC_GetHCLKFreq
 .text.HAL_RCC_GetPCLK1Freq
                0x0800190c       0x28 ./Drivers/STM32F1xx_HAL_Driver/Src/stm32f1xx_hal_rcc.o
                0x0800190c                HAL_RCC_GetPCLK1Freq
 .text.HAL_RCC_GetPCLK2Freq
                0x08001934       0x28 ./Drivers/STM32F1xx_HAL_Driver/Src/stm32f1xx_hal_rcc.o
                0x08001934                HAL_RCC_GetPCLK2Freq
 .text.HAL_RCC_GetClockConfig
                0x0800195c       0x60 ./Drivers/STM32F1xx_HAL_Driver/Src/stm32f1xx_hal_rcc.o
                0x0800195c                HAL_RCC_GetClockConfig
 .text.RCC_Delay
                0x080019bc       0x3c ./Drivers/STM32F1xx_HAL_Driver/Src/stm32f1xx_hal_rcc.o
 .text.HAL_TIM_Base_Init
                0x080019f8       0x9e ./Drivers/STM32F1xx_HAL_Driver/Src/stm32f1xx_hal_tim.o
                0x080019f8                HAL_TIM_Base_Init
 .text.HAL_TIM_Base_MspInit
                0x08001a96       0x12 ./Drivers/STM32F1xx_HAL_Driver/Src/stm32f1xx_hal_tim.o
                0x08001a96                HAL_TIM_Base_MspInit
 .text.HAL_TIM_Base_Start_IT
                0x08001aa8       0xa4 ./Drivers/STM32F1xx_HAL_Driver/Src/stm32f1xx_hal_tim.o
                0x08001aa8                HAL_TIM_Base_Start_IT
 .text.HAL_TIM_IRQHandler
                0x08001b4c      0x1e0 ./Drivers/STM32F1xx_HAL_Driver/Src/stm32f1xx_hal_tim.o
                0x08001b4c                HAL_TIM_IRQHandler
 .text.HAL_TIM_OC_DelayElapsedCallback
                0x08001d2c       0x12 ./Drivers/STM32F1xx_HAL_Driver/Src/stm32f1xx_hal_tim.o
                0x08001d2c                HAL_TIM_OC_DelayElapsedCallback
 .text.HAL_TIM_IC_CaptureCallback
                0x08001d3e       0x12 ./Drivers/STM32F1xx_HAL_Driver/Src/stm32f1xx_hal_tim.o
                0x08001d3e                HAL_TIM_IC_CaptureCallback
 .text.HAL_TIM_PWM_PulseFinishedCallback
                0x08001d50       0x12 ./Drivers/STM32F1xx_HAL_Driver/Src/stm32f1xx_hal_tim.o
                0x08001d50                HAL_TIM_PWM_PulseFinishedCallback
 .text.HAL_TIM_TriggerCallback
                0x08001d62       0x12 ./Drivers/STM32F1xx_HAL_Driver/Src/stm32f1xx_hal_tim.o
                0x08001d62                HAL_TIM_TriggerCallback
 .text.TIM_Base_SetConfig
                0x08001d74       0xdc ./Drivers/STM32F1xx_HAL_Driver/Src/stm32f1xx_hal_tim.o
                0x08001d74                TIM_Base_SetConfig
 .text.HAL_TIMEx_CommutCallback
                0x08001e50       0x12 ./Drivers/STM32F1xx_HAL_Driver/Src/stm32f1xx_hal_tim_ex.o
                0x08001e50                HAL_TIMEx_CommutCallback
 .text.HAL_TIMEx_BreakCallback
                0x08001e62       0x12 ./Drivers/STM32F1xx_HAL_Driver/Src/stm32f1xx_hal_tim_ex.o
                0x08001e62                HAL_TIMEx_BreakCallback
 .text.HAL_UART_Init
                0x08001e74       0xa0 ./Drivers/STM32F1xx_HAL_Driver/Src/stm32f1xx_hal_uart.o
                0x08001e74                HAL_UART_Init
 .text.HAL_UART_Transmit
                0x08001f14      0x116 ./Drivers/STM32F1xx_HAL_Driver/Src/stm32f1xx_hal_uart.o
                0x08001f14                HAL_UART_Transmit
 .text.HAL_UART_Receive_IT
                0x0800202a       0x4a ./Drivers/STM32F1xx_HAL_Driver/Src/stm32f1xx_hal_uart.o
                0x0800202a                HAL_UART_Receive_IT
 .text.HAL_UART_IRQHandler
                0x08002074      0x524 ./Drivers/STM32F1xx_HAL_Driver/Src/stm32f1xx_hal_uart.o
                0x08002074                HAL_UART_IRQHandler
 .text.HAL_UART_TxCpltCallback
                0x08002598       0x12 ./Drivers/STM32F1xx_HAL_Driver/Src/stm32f1xx_hal_uart.o
                0x08002598                HAL_UART_TxCpltCallback
 .text.HAL_UART_ErrorCallback
                0x080025aa       0x12 ./Drivers/STM32F1xx_HAL_Driver/Src/stm32f1xx_hal_uart.o
                0x080025aa                HAL_UART_ErrorCallback
 .text.HAL_UARTEx_RxEventCallback
                0x080025bc       0x16 ./Drivers/STM32F1xx_HAL_Driver/Src/stm32f1xx_hal_uart.o
                0x080025bc                HAL_UARTEx_RxEventCallback
 .text.UART_WaitOnFlagUntilTimeout
                0x080025d2       0xb2 ./Drivers/STM32F1xx_HAL_Driver/Src/stm32f1xx_hal_uart.o
 .text.UART_Start_Receive_IT
                0x08002684       0x72 ./Drivers/STM32F1xx_HAL_Driver/Src/stm32f1xx_hal_uart.o
                0x08002684                UART_Start_Receive_IT
 .text.UART_EndRxTransfer
                0x080026f6       0xc4 ./Drivers/STM32F1xx_HAL_Driver/Src/stm32f1xx_hal_uart.o
 .text.UART_DMAAbortOnError
                0x080027ba       0x28 ./Drivers/STM32F1xx_HAL_Driver/Src/stm32f1xx_hal_uart.o
 .text.UART_Transmit_IT
                0x080027e2       0x9e ./Drivers/STM32F1xx_HAL_Driver/Src/stm32f1xx_hal_uart.o
 .text.UART_EndTransmit_IT
                0x08002880       0x30 ./Drivers/STM32F1xx_HAL_Driver/Src/stm32f1xx_hal_uart.o
 .text.UART_Receive_IT
                0x080028b0      0x17c ./Drivers/STM32F1xx_HAL_Driver/Src/stm32f1xx_hal_uart.o
 .text.UART_SetConfig
                0x08002a2c      0x11c ./Drivers/STM32F1xx_HAL_Driver/Src/stm32f1xx_hal_uart.o
 .text.__NVIC_SetPriority
                0x08002b48       0x54 ./Middlewares/Third_Party/FreeRTOS/Source/CMSIS_RTOS_V2/cmsis_os2.o
 .text.SysTick_Handler
                0x08002b9c       0x20 ./Middlewares/Third_Party/FreeRTOS/Source/CMSIS_RTOS_V2/cmsis_os2.o
                0x08002b9c                SysTick_Handler
 .text.SVC_Setup
                0x08002bbc       0x12 ./Middlewares/Third_Party/FreeRTOS/Source/CMSIS_RTOS_V2/cmsis_os2.o
 *fill*         0x08002bce        0x2 
 .text.osKernelInitialize
                0x08002bd0       0x44 ./Middlewares/Third_Party/FreeRTOS/Source/CMSIS_RTOS_V2/cmsis_os2.o
                0x08002bd0                osKernelInitialize
 .text.osKernelStart
                0x08002c14       0x4c ./Middlewares/Third_Party/FreeRTOS/Source/CMSIS_RTOS_V2/cmsis_os2.o
                0x08002c14                osKernelStart
 .text.osKernelGetTickCount
                0x08002c60       0x2a ./Middlewares/Third_Party/FreeRTOS/Source/CMSIS_RTOS_V2/cmsis_os2.o
                0x08002c60                osKernelGetTickCount
 .text.osThreadNew
                0x08002c8a      0x124 ./Middlewares/Third_Party/FreeRTOS/Source/CMSIS_RTOS_V2/cmsis_os2.o
                0x08002c8a                osThreadNew
 .text.osDelayUntil
                0x08002dae       0x5a ./Middlewares/Third_Party/FreeRTOS/Source/CMSIS_RTOS_V2/cmsis_os2.o
                0x08002dae                osDelayUntil
 .text.osEventFlagsNew
                0x08002e08       0x7e ./Middlewares/Third_Party/FreeRTOS/Source/CMSIS_RTOS_V2/cmsis_os2.o
                0x08002e08                osEventFlagsNew
 *fill*         0x08002e86        0x2 
 .text.osEventFlagsSet
                0x08002e88       0x84 ./Middlewares/Third_Party/FreeRTOS/Source/CMSIS_RTOS_V2/cmsis_os2.o
                0x08002e88                osEventFlagsSet
 .text.osEventFlagsClear
                0x08002f0c       0x62 ./Middlewares/Third_Party/FreeRTOS/Source/CMSIS_RTOS_V2/cmsis_os2.o
                0x08002f0c                osEventFlagsClear
 .text.osEventFlagsWait
                0x08002f6e       0xca ./Middlewares/Third_Party/FreeRTOS/Source/CMSIS_RTOS_V2/cmsis_os2.o
                0x08002f6e                osEventFlagsWait
 .text.osSemaphoreNew
                0x08003038      0x112 ./Middlewares/Third_Party/FreeRTOS/Source/CMSIS_RTOS_V2/cmsis_os2.o
                0x08003038                osSemaphoreNew
 *fill*         0x0800314a        0x2 
 .text.osSemaphoreAcquire
                0x0800314c       0xa4 ./Middlewares/Third_Party/FreeRTOS/Source/CMSIS_RTOS_V2/cmsis_os2.o
                0x0800314c                osSemaphoreAcquire
 .text.osSemaphoreRelease
                0x080031f0       0x88 ./Middlewares/Third_Party/FreeRTOS/Source/CMSIS_RTOS_V2/cmsis_os2.o
                0x080031f0                osSemaphoreRelease
 .text.vApplicationGetIdleTaskMemory
                0x08003278       0x30 ./Middlewares/Third_Party/FreeRTOS/Source/CMSIS_RTOS_V2/cmsis_os2.o
                0x08003278                vApplicationGetIdleTaskMemory
 .text.vApplicationGetTimerTaskMemory
                0x080032a8       0x34 ./Middlewares/Third_Party/FreeRTOS/Source/CMSIS_RTOS_V2/cmsis_os2.o
                0x080032a8                vApplicationGetTimerTaskMemory
 .text.xEventGroupCreateStatic
                0x080032dc       0x72 ./Middlewares/Third_Party/FreeRTOS/Source/event_groups.o
                0x080032dc                xEventGroupCreateStatic
 .text.xEventGroupCreate
                0x0800334e       0x34 ./Middlewares/Third_Party/FreeRTOS/Source/event_groups.o
                0x0800334e                xEventGroupCreate
 *fill*         0x08003382        0x2 
 .text.xEventGroupWaitBits
                0x08003384      0x1a4 ./Middlewares/Third_Party/FreeRTOS/Source/event_groups.o
                0x08003384                xEventGroupWaitBits
 .text.xEventGroupClearBits
                0x08003528       0x72 ./Middlewares/Third_Party/FreeRTOS/Source/event_groups.o
                0x08003528                xEventGroupClearBits
 *fill*         0x0800359a        0x2 
 .text.xEventGroupClearBitsFromISR
                0x0800359c       0x28 ./Middlewares/Third_Party/FreeRTOS/Source/event_groups.o
                0x0800359c                xEventGroupClearBitsFromISR
 .text.xEventGroupGetBitsFromISR
                0x080035c4       0x46 ./Middlewares/Third_Party/FreeRTOS/Source/event_groups.o
                0x080035c4                xEventGroupGetBitsFromISR
 .text.xEventGroupSetBits
                0x0800360a      0x118 ./Middlewares/Third_Party/FreeRTOS/Source/event_groups.o
                0x0800360a                xEventGroupSetBits
 .text.vEventGroupSetBitsCallback
                0x08003722       0x1a ./Middlewares/Third_Party/FreeRTOS/Source/event_groups.o
                0x08003722                vEventGroupSetBitsCallback
 .text.vEventGroupClearBitsCallback
                0x0800373c       0x1a ./Middlewares/Third_Party/FreeRTOS/Source/event_groups.o
                0x0800373c                vEventGroupClearBitsCallback
 .text.prvTestWaitCondition
                0x08003756       0x42 ./Middlewares/Third_Party/FreeRTOS/Source/event_groups.o
 .text.xEventGroupSetBitsFromISR
                0x08003798       0x28 ./Middlewares/Third_Party/FreeRTOS/Source/event_groups.o
                0x08003798                xEventGroupSetBitsFromISR
 .text.vListInitialise
                0x080037c0       0x3e ./Middlewares/Third_Party/FreeRTOS/Source/list.o
                0x080037c0                vListInitialise
 .text.vListInitialiseItem
                0x080037fe       0x18 ./Middlewares/Third_Party/FreeRTOS/Source/list.o
                0x080037fe                vListInitialiseItem
 .text.vListInsertEnd
                0x08003816       0x46 ./Middlewares/Third_Party/FreeRTOS/Source/list.o
                0x08003816                vListInsertEnd
 .text.vListInsert
                0x0800385c       0x70 ./Middlewares/Third_Party/FreeRTOS/Source/list.o
                0x0800385c                vListInsert
 .text.uxListRemove
                0x080038cc       0x52 ./Middlewares/Third_Party/FreeRTOS/Source/list.o
                0x080038cc                uxListRemove
 *fill*         0x0800391e        0x2 
 .text.xQueueGenericReset
                0x08003920       0xd4 ./Middlewares/Third_Party/FreeRTOS/Source/queue.o
                0x08003920                xQueueGenericReset
 .text.xQueueGenericCreateStatic
                0x080039f4       0xfa ./Middlewares/Third_Party/FreeRTOS/Source/queue.o
                0x080039f4                xQueueGenericCreateStatic
 .text.xQueueGenericCreate
                0x08003aee       0x76 ./Middlewares/Third_Party/FreeRTOS/Source/queue.o
                0x08003aee                xQueueGenericCreate
 .text.prvInitialiseNewQueue
                0x08003b64       0x46 ./Middlewares/Third_Party/FreeRTOS/Source/queue.o
 .text.xQueueCreateCountingSemaphoreStatic
                0x08003baa       0x72 ./Middlewares/Third_Party/FreeRTOS/Source/queue.o
                0x08003baa                xQueueCreateCountingSemaphoreStatic
 .text.xQueueCreateCountingSemaphore
                0x08003c1c       0x6a ./Middlewares/Third_Party/FreeRTOS/Source/queue.o
                0x08003c1c                xQueueCreateCountingSemaphore
 *fill*         0x08003c86        0x2 
 .text.xQueueGenericSend
                0x08003c88      0x204 ./Middlewares/Third_Party/FreeRTOS/Source/queue.o
                0x08003c88                xQueueGenericSend
 .text.xQueueGenericSendFromISR
                0x08003e8c      0x13c ./Middlewares/Third_Party/FreeRTOS/Source/queue.o
                0x08003e8c                xQueueGenericSendFromISR
 .text.xQueueGiveFromISR
                0x08003fc8      0x120 ./Middlewares/Third_Party/FreeRTOS/Source/queue.o
                0x08003fc8                xQueueGiveFromISR
 .text.xQueueReceive
                0x080040e8      0x1c4 ./Middlewares/Third_Party/FreeRTOS/Source/queue.o
                0x080040e8                xQueueReceive
 .text.xQueueSemaphoreTake
                0x080042ac      0x220 ./Middlewares/Third_Party/FreeRTOS/Source/queue.o
                0x080042ac                xQueueSemaphoreTake
 .text.xQueueReceiveFromISR
                0x080044cc      0x104 ./Middlewares/Third_Party/FreeRTOS/Source/queue.o
                0x080044cc                xQueueReceiveFromISR
 .text.vQueueDelete
                0x080045d0       0x48 ./Middlewares/Third_Party/FreeRTOS/Source/queue.o
                0x080045d0                vQueueDelete
 .text.prvGetDisinheritPriorityAfterTimeout
                0x08004618       0x2e ./Middlewares/Third_Party/FreeRTOS/Source/queue.o
 .text.prvCopyDataToQueue
                0x08004646       0xd4 ./Middlewares/Third_Party/FreeRTOS/Source/queue.o
 .text.prvCopyDataFromQueue
                0x0800471a       0x4c ./Middlewares/Third_Party/FreeRTOS/Source/queue.o
 .text.prvUnlockQueue
                0x08004766       0xa4 ./Middlewares/Third_Party/FreeRTOS/Source/queue.o
 .text.prvIsQueueEmpty
                0x0800480a       0x2c ./Middlewares/Third_Party/FreeRTOS/Source/queue.o
 .text.prvIsQueueFull
                0x08004836       0x30 ./Middlewares/Third_Party/FreeRTOS/Source/queue.o
 *fill*         0x08004866        0x2 
 .text.vQueueAddToRegistry
                0x08004868       0x50 ./Middlewares/Third_Party/FreeRTOS/Source/queue.o
                0x08004868                vQueueAddToRegistry
 .text.vQueueUnregisterQueue
                0x080048b8       0x54 ./Middlewares/Third_Party/FreeRTOS/Source/queue.o
                0x080048b8                vQueueUnregisterQueue
 .text.vQueueWaitForMessageRestricted
                0x0800490c       0x68 ./Middlewares/Third_Party/FreeRTOS/Source/queue.o
                0x0800490c                vQueueWaitForMessageRestricted
 .text.xTaskCreateStatic
                0x08004974       0xc0 ./Middlewares/Third_Party/FreeRTOS/Source/tasks.o
                0x08004974                xTaskCreateStatic
 .text.xTaskCreate
                0x08004a34       0x8a ./Middlewares/Third_Party/FreeRTOS/Source/tasks.o
                0x08004a34                xTaskCreate
 *fill*         0x08004abe        0x2 
 .text.prvInitialiseNewTask
                0x08004ac0      0x150 ./Middlewares/Third_Party/FreeRTOS/Source/tasks.o
 .text.prvAddNewTaskToReadyList
                0x08004c10       0xe0 ./Middlewares/Third_Party/FreeRTOS/Source/tasks.o
 .text.vTaskDelayUntil
                0x08004cf0      0x100 ./Middlewares/Third_Party/FreeRTOS/Source/tasks.o
                0x08004cf0                vTaskDelayUntil
 .text.vTaskStartScheduler
                0x08004df0       0xe0 ./Middlewares/Third_Party/FreeRTOS/Source/tasks.o
                0x08004df0                vTaskStartScheduler
 .text.vTaskSuspendAll
                0x08004ed0       0x1c ./Middlewares/Third_Party/FreeRTOS/Source/tasks.o
                0x08004ed0                vTaskSuspendAll
 .text.xTaskResumeAll
                0x08004eec      0x13c ./Middlewares/Third_Party/FreeRTOS/Source/tasks.o
                0x08004eec                xTaskResumeAll
 .text.xTaskGetTickCount
                0x08005028       0x1c ./Middlewares/Third_Party/FreeRTOS/Source/tasks.o
                0x08005028                xTaskGetTickCount
 .text.xTaskGetTickCountFromISR
                0x08005044       0x24 ./Middlewares/Third_Party/FreeRTOS/Source/tasks.o
                0x08005044                xTaskGetTickCountFromISR
 .text.xTaskIncrementTick
                0x08005068      0x174 ./Middlewares/Third_Party/FreeRTOS/Source/tasks.o
                0x08005068                xTaskIncrementTick
 .text.vTaskSwitchContext
                0x080051dc       0xc8 ./Middlewares/Third_Party/FreeRTOS/Source/tasks.o
                0x080051dc                vTaskSwitchContext
 .text.vTaskPlaceOnEventList
                0x080052a4       0x4c ./Middlewares/Third_Party/FreeRTOS/Source/tasks.o
                0x080052a4                vTaskPlaceOnEventList
 .text.vTaskPlaceOnUnorderedEventList
                0x080052f0       0x7c ./Middlewares/Third_Party/FreeRTOS/Source/tasks.o
                0x080052f0                vTaskPlaceOnUnorderedEventList
 .text.vTaskPlaceOnEventListRestricted
                0x0800536c       0x58 ./Middlewares/Third_Party/FreeRTOS/Source/tasks.o
                0x0800536c                vTaskPlaceOnEventListRestricted
 .text.xTaskRemoveFromEventList
                0x080053c4       0xc8 ./Middlewares/Third_Party/FreeRTOS/Source/tasks.o
                0x080053c4                xTaskRemoveFromEventList
 .text.vTaskRemoveFromUnorderedEventList
                0x0800548c       0xc8 ./Middlewares/Third_Party/FreeRTOS/Source/tasks.o
                0x0800548c                vTaskRemoveFromUnorderedEventList
 .text.vTaskInternalSetTimeOutState
                0x08005554       0x2c ./Middlewares/Third_Party/FreeRTOS/Source/tasks.o
                0x08005554                vTaskInternalSetTimeOutState
 .text.xTaskCheckForTimeOut
                0x08005580       0xc8 ./Middlewares/Third_Party/FreeRTOS/Source/tasks.o
                0x08005580                xTaskCheckForTimeOut
 .text.vTaskMissedYield
                0x08005648       0x18 ./Middlewares/Third_Party/FreeRTOS/Source/tasks.o
                0x08005648                vTaskMissedYield
 .text.prvIdleTask
                0x08005660       0x30 ./Middlewares/Third_Party/FreeRTOS/Source/tasks.o
 .text.prvInitialiseTaskLists
                0x08005690       0x80 ./Middlewares/Third_Party/FreeRTOS/Source/tasks.o
 .text.prvCheckTasksWaitingTermination
                0x08005710       0x5c ./Middlewares/Third_Party/FreeRTOS/Source/tasks.o
 .text.prvDeleteTCB
                0x0800576c       0x6a ./Middlewares/Third_Party/FreeRTOS/Source/tasks.o
 *fill*         0x080057d6        0x2 
 .text.prvResetNextTaskUnblockTime
                0x080057d8       0x40 ./Middlewares/Third_Party/FreeRTOS/Source/tasks.o
 .text.xTaskGetSchedulerState
                0x08005818       0x3c ./Middlewares/Third_Party/FreeRTOS/Source/tasks.o
                0x08005818                xTaskGetSchedulerState
 .text.xTaskPriorityInherit
                0x08005854       0xd0 ./Middlewares/Third_Party/FreeRTOS/Source/tasks.o
                0x08005854                xTaskPriorityInherit
 .text.xTaskPriorityDisinherit
                0x08005924       0xe0 ./Middlewares/Third_Party/FreeRTOS/Source/tasks.o
                0x08005924                xTaskPriorityDisinherit
 .text.vTaskPriorityDisinheritAfterTimeout
                0x08005a04      0x108 ./Middlewares/Third_Party/FreeRTOS/Source/tasks.o
                0x08005a04                vTaskPriorityDisinheritAfterTimeout
 .text.uxTaskResetEventItemValue
                0x08005b0c       0x30 ./Middlewares/Third_Party/FreeRTOS/Source/tasks.o
                0x08005b0c                uxTaskResetEventItemValue
 .text.pvTaskIncrementMutexHeldCount
                0x08005b3c       0x28 ./Middlewares/Third_Party/FreeRTOS/Source/tasks.o
                0x08005b3c                pvTaskIncrementMutexHeldCount
 .text.prvAddCurrentTaskToDelayedList
                0x08005b64       0xa8 ./Middlewares/Third_Party/FreeRTOS/Source/tasks.o
 .text.xTimerCreateTimerTask
                0x08005c0c       0x94 ./Middlewares/Third_Party/FreeRTOS/Source/timers.o
                0x08005c0c                xTimerCreateTimerTask
 .text.xTimerGenericCommand
                0x08005ca0       0x9c ./Middlewares/Third_Party/FreeRTOS/Source/timers.o
                0x08005ca0                xTimerGenericCommand
 .text.prvProcessExpiredTimer
                0x08005d3c       0x9c ./Middlewares/Third_Party/FreeRTOS/Source/timers.o
 .text.prvTimerTask
                0x08005dd8       0x26 ./Middlewares/Third_Party/FreeRTOS/Source/timers.o
 *fill*         0x08005dfe        0x2 
 .text.prvProcessTimerOrBlockTask
                0x08005e00       0x9c ./Middlewares/Third_Party/FreeRTOS/Source/timers.o
 .text.prvGetNextExpireTime
                0x08005e9c       0x44 ./Middlewares/Third_Party/FreeRTOS/Source/timers.o
 .text.prvSampleTimeNow
                0x08005ee0       0x40 ./Middlewares/Third_Party/FreeRTOS/Source/timers.o
 .text.prvInsertTimerInActiveList
                0x08005f20       0x84 ./Middlewares/Third_Party/FreeRTOS/Source/timers.o
 .text.prvProcessReceivedCommands
                0x08005fa4      0x1cc ./Middlewares/Third_Party/FreeRTOS/Source/timers.o
 .text.prvSwitchTimerLists
                0x08006170       0xcc ./Middlewares/Third_Party/FreeRTOS/Source/timers.o
 .text.prvCheckForValidListAndQueue
                0x0800623c       0x80 ./Middlewares/Third_Party/FreeRTOS/Source/timers.o
 .text.xTimerPendFunctionCallFromISR
                0x080062bc       0x40 ./Middlewares/Third_Party/FreeRTOS/Source/timers.o
                0x080062bc                xTimerPendFunctionCallFromISR
 .text.pxPortInitialiseStack
                0x080062fc       0x58 ./Middlewares/Third_Party/FreeRTOS/Source/portable/GCC/ARM_CM3/port.o
                0x080062fc                pxPortInitialiseStack
 .text.prvTaskExitError
                0x08006354       0x58 ./Middlewares/Third_Party/FreeRTOS/Source/portable/GCC/ARM_CM3/port.o
 *fill*         0x080063ac        0x4 
 .text.SVC_Handler
                0x080063b0       0x28 ./Middlewares/Third_Party/FreeRTOS/Source/portable/GCC/ARM_CM3/port.o
                0x080063b0                SVC_Handler
 .text.prvPortStartFirstTask
                0x080063d8       0x20 ./Middlewares/Third_Party/FreeRTOS/Source/portable/GCC/ARM_CM3/port.o
 .text.xPortStartScheduler
                0x080063f8       0xe4 ./Middlewares/Third_Party/FreeRTOS/Source/portable/GCC/ARM_CM3/port.o
                0x080063f8                xPortStartScheduler
 .text.vPortEnterCritical
                0x080064dc       0x60 ./Middlewares/Third_Party/FreeRTOS/Source/portable/GCC/ARM_CM3/port.o
                0x080064dc                vPortEnterCritical
 .text.vPortExitCritical
                0x0800653c       0x54 ./Middlewares/Third_Party/FreeRTOS/Source/portable/GCC/ARM_CM3/port.o
                0x0800653c                vPortExitCritical
 .text.PendSV_Handler
                0x08006590       0x48 ./Middlewares/Third_Party/FreeRTOS/Source/portable/GCC/ARM_CM3/port.o
                0x08006590                PendSV_Handler
 .text.xPortSysTickHandler
                0x080065d8       0x44 ./Middlewares/Third_Party/FreeRTOS/Source/portable/GCC/ARM_CM3/port.o
                0x080065d8                xPortSysTickHandler
 .text.vPortSetupTimerInterrupt
                0x0800661c       0x44 ./Middlewares/Third_Party/FreeRTOS/Source/portable/GCC/ARM_CM3/port.o
                0x0800661c                vPortSetupTimerInterrupt
 .text.vPortValidateInterruptPriority
                0x08006660       0x80 ./Middlewares/Third_Party/FreeRTOS/Source/portable/GCC/ARM_CM3/port.o
                0x08006660                vPortValidateInterruptPriority
 .text.pvPortMalloc
                0x080066e0      0x19c ./Middlewares/Third_Party/FreeRTOS/Source/portable/MemMang/heap_4.o
                0x080066e0                pvPortMalloc
 .text.vPortFree
                0x0800687c       0xc8 ./Middlewares/Third_Party/FreeRTOS/Source/portable/MemMang/heap_4.o
                0x0800687c                vPortFree
 .text.prvHeapInit
                0x08006944       0xc4 ./Middlewares/Third_Party/FreeRTOS/Source/portable/MemMang/heap_4.o
 .text.prvInsertBlockIntoFreeList
                0x08006a08       0xb0 ./Middlewares/Third_Party/FreeRTOS/Source/portable/MemMang/heap_4.o
 .text.std      0x08006ab8       0x6c D:/Code/STM32CubeIde/STM32CubeIDE_1.17.0/STM32CubeIDE/plugins/com.st.stm32cube.ide.mcu.externaltools.gnu-tools-for-stm32.12.3.rel1.win32_1.1.0.202410251130/tools/bin/../lib/gcc/arm-none-eabi/12.3.1/../../../../arm-none-eabi/lib/thumb/v7-m/nofp\libc_nano.a(libc_a-findfp.o)
 .text.stdio_exit_handler
                0x08006b24       0x18 D:/Code/STM32CubeIde/STM32CubeIDE_1.17.0/STM32CubeIDE/plugins/com.st.stm32cube.ide.mcu.externaltools.gnu-tools-for-stm32.12.3.rel1.win32_1.1.0.202410251130/tools/bin/../lib/gcc/arm-none-eabi/12.3.1/../../../../arm-none-eabi/lib/thumb/v7-m/nofp\libc_nano.a(libc_a-findfp.o)
 .text.cleanup_stdio
                0x08006b3c       0x40 D:/Code/STM32CubeIde/STM32CubeIDE_1.17.0/STM32CubeIDE/plugins/com.st.stm32cube.ide.mcu.externaltools.gnu-tools-for-stm32.12.3.rel1.win32_1.1.0.202410251130/tools/bin/../lib/gcc/arm-none-eabi/12.3.1/../../../../arm-none-eabi/lib/thumb/v7-m/nofp\libc_nano.a(libc_a-findfp.o)
 .text.global_stdio_init.part.0
                0x08006b7c       0x3c D:/Code/STM32CubeIde/STM32CubeIDE_1.17.0/STM32CubeIDE/plugins/com.st.stm32cube.ide.mcu.externaltools.gnu-tools-for-stm32.12.3.rel1.win32_1.1.0.202410251130/tools/bin/../lib/gcc/arm-none-eabi/12.3.1/../../../../arm-none-eabi/lib/thumb/v7-m/nofp\libc_nano.a(libc_a-findfp.o)
 .text.__sfp_lock_acquire
                0x08006bb8        0xc D:/Code/STM32CubeIde/STM32CubeIDE_1.17.0/STM32CubeIDE/plugins/com.st.stm32cube.ide.mcu.externaltools.gnu-tools-for-stm32.12.3.rel1.win32_1.1.0.202410251130/tools/bin/../lib/gcc/arm-none-eabi/12.3.1/../../../../arm-none-eabi/lib/thumb/v7-m/nofp\libc_nano.a(libc_a-findfp.o)
                0x08006bb8                __sfp_lock_acquire
 .text.__sfp_lock_release
                0x08006bc4        0xc D:/Code/STM32CubeIde/STM32CubeIDE_1.17.0/STM32CubeIDE/plugins/com.st.stm32cube.ide.mcu.externaltools.gnu-tools-for-stm32.12.3.rel1.win32_1.1.0.202410251130/tools/bin/../lib/gcc/arm-none-eabi/12.3.1/../../../../arm-none-eabi/lib/thumb/v7-m/nofp\libc_nano.a(libc_a-findfp.o)
                0x08006bc4                __sfp_lock_release
 .text.__sinit  0x08006bd0       0x30 D:/Code/STM32CubeIde/STM32CubeIDE_1.17.0/STM32CubeIDE/plugins/com.st.stm32cube.ide.mcu.externaltools.gnu-tools-for-stm32.12.3.rel1.win32_1.1.0.202410251130/tools/bin/../lib/gcc/arm-none-eabi/12.3.1/../../../../arm-none-eabi/lib/thumb/v7-m/nofp\libc_nano.a(libc_a-findfp.o)
                0x08006bd0                __sinit
 .text._fwalk_sglue
                0x08006c00       0x3c D:/Code/STM32CubeIde/STM32CubeIDE_1.17.0/STM32CubeIDE/plugins/com.st.stm32cube.ide.mcu.externaltools.gnu-tools-for-stm32.12.3.rel1.win32_1.1.0.202410251130/tools/bin/../lib/gcc/arm-none-eabi/12.3.1/../../../../arm-none-eabi/lib/thumb/v7-m/nofp\libc_nano.a(libc_a-fwalk.o)
                0x08006c00                _fwalk_sglue
 .text.printf   0x08006c3c       0x24 D:/Code/STM32CubeIde/STM32CubeIDE_1.17.0/STM32CubeIDE/plugins/com.st.stm32cube.ide.mcu.externaltools.gnu-tools-for-stm32.12.3.rel1.win32_1.1.0.202410251130/tools/bin/../lib/gcc/arm-none-eabi/12.3.1/../../../../arm-none-eabi/lib/thumb/v7-m/nofp\libc_nano.a(libc_a-printf.o)
                0x08006c3c                iprintf
                0x08006c3c                printf
 .text._puts_r  0x08006c60       0xaa D:/Code/STM32CubeIde/STM32CubeIDE_1.17.0/STM32CubeIDE/plugins/com.st.stm32cube.ide.mcu.externaltools.gnu-tools-for-stm32.12.3.rel1.win32_1.1.0.202410251130/tools/bin/../lib/gcc/arm-none-eabi/12.3.1/../../../../arm-none-eabi/lib/thumb/v7-m/nofp\libc_nano.a(libc_a-puts.o)
                0x08006c60                _puts_r
 *fill*         0x08006d0a        0x2 
 .text.puts     0x08006d0c       0x10 D:/Code/STM32CubeIde/STM32CubeIDE_1.17.0/STM32CubeIDE/plugins/com.st.stm32cube.ide.mcu.externaltools.gnu-tools-for-stm32.12.3.rel1.win32_1.1.0.202410251130/tools/bin/../lib/gcc/arm-none-eabi/12.3.1/../../../../arm-none-eabi/lib/thumb/v7-m/nofp\libc_nano.a(libc_a-puts.o)
                0x08006d0c                puts
 .text.__sread  0x08006d1c       0x22 D:/Code/STM32CubeIde/STM32CubeIDE_1.17.0/STM32CubeIDE/plugins/com.st.stm32cube.ide.mcu.externaltools.gnu-tools-for-stm32.12.3.rel1.win32_1.1.0.202410251130/tools/bin/../lib/gcc/arm-none-eabi/12.3.1/../../../../arm-none-eabi/lib/thumb/v7-m/nofp\libc_nano.a(libc_a-stdio.o)
                0x08006d1c                __sread
 .text.__swrite
                0x08006d3e       0x38 D:/Code/STM32CubeIde/STM32CubeIDE_1.17.0/STM32CubeIDE/plugins/com.st.stm32cube.ide.mcu.externaltools.gnu-tools-for-stm32.12.3.rel1.win32_1.1.0.202410251130/tools/bin/../lib/gcc/arm-none-eabi/12.3.1/../../../../arm-none-eabi/lib/thumb/v7-m/nofp\libc_nano.a(libc_a-stdio.o)
                0x08006d3e                __swrite
 .text.__sseek  0x08006d76       0x24 D:/Code/STM32CubeIde/STM32CubeIDE_1.17.0/STM32CubeIDE/plugins/com.st.stm32cube.ide.mcu.externaltools.gnu-tools-for-stm32.12.3.rel1.win32_1.1.0.202410251130/tools/bin/../lib/gcc/arm-none-eabi/12.3.1/../../../../arm-none-eabi/lib/thumb/v7-m/nofp\libc_nano.a(libc_a-stdio.o)
                0x08006d76                __sseek
 .text.__sclose
                0x08006d9a        0x8 D:/Code/STM32CubeIde/STM32CubeIDE_1.17.0/STM32CubeIDE/plugins/com.st.stm32cube.ide.mcu.externaltools.gnu-tools-for-stm32.12.3.rel1.win32_1.1.0.202410251130/tools/bin/../lib/gcc/arm-none-eabi/12.3.1/../../../../arm-none-eabi/lib/thumb/v7-m/nofp\libc_nano.a(libc_a-stdio.o)
                0x08006d9a                __sclose
 .text.__swbuf_r
                0x08006da2       0x7c D:/Code/STM32CubeIde/STM32CubeIDE_1.17.0/STM32CubeIDE/plugins/com.st.stm32cube.ide.mcu.externaltools.gnu-tools-for-stm32.12.3.rel1.win32_1.1.0.202410251130/tools/bin/../lib/gcc/arm-none-eabi/12.3.1/../../../../arm-none-eabi/lib/thumb/v7-m/nofp\libc_nano.a(libc_a-wbuf.o)
                0x08006da2                __swbuf_r
 *fill*         0x08006e1e        0x2 
 .text.__swsetup_r
                0x08006e20       0xac D:/Code/STM32CubeIde/STM32CubeIDE_1.17.0/STM32CubeIDE/plugins/com.st.stm32cube.ide.mcu.externaltools.gnu-tools-for-stm32.12.3.rel1.win32_1.1.0.202410251130/tools/bin/../lib/gcc/arm-none-eabi/12.3.1/../../../../arm-none-eabi/lib/thumb/v7-m/nofp\libc_nano.a(libc_a-wsetup.o)
                0x08006e20                __swsetup_r
 .text.memset   0x08006ecc       0x10 D:/Code/STM32CubeIde/STM32CubeIDE_1.17.0/STM32CubeIDE/plugins/com.st.stm32cube.ide.mcu.externaltools.gnu-tools-for-stm32.12.3.rel1.win32_1.1.0.202410251130/tools/bin/../lib/gcc/arm-none-eabi/12.3.1/../../../../arm-none-eabi/lib/thumb/v7-m/nofp\libc_nano.a(libc_a-memset.o)
                0x08006ecc                memset
 .text._close_r
                0x08006edc       0x20 D:/Code/STM32CubeIde/STM32CubeIDE_1.17.0/STM32CubeIDE/plugins/com.st.stm32cube.ide.mcu.externaltools.gnu-tools-for-stm32.12.3.rel1.win32_1.1.0.202410251130/tools/bin/../lib/gcc/arm-none-eabi/12.3.1/../../../../arm-none-eabi/lib/thumb/v7-m/nofp\libc_nano.a(libc_a-closer.o)
                0x08006edc                _close_r
 .text._reclaim_reent
                0x08006efc       0xac D:/Code/STM32CubeIde/STM32CubeIDE_1.17.0/STM32CubeIDE/plugins/com.st.stm32cube.ide.mcu.externaltools.gnu-tools-for-stm32.12.3.rel1.win32_1.1.0.202410251130/tools/bin/../lib/gcc/arm-none-eabi/12.3.1/../../../../arm-none-eabi/lib/thumb/v7-m/nofp\libc_nano.a(libc_a-reent.o)
                0x08006efc                _reclaim_reent
 .text._lseek_r
                0x08006fa8       0x24 D:/Code/STM32CubeIde/STM32CubeIDE_1.17.0/STM32CubeIDE/plugins/com.st.stm32cube.ide.mcu.externaltools.gnu-tools-for-stm32.12.3.rel1.win32_1.1.0.202410251130/tools/bin/../lib/gcc/arm-none-eabi/12.3.1/../../../../arm-none-eabi/lib/thumb/v7-m/nofp\libc_nano.a(libc_a-lseekr.o)
                0x08006fa8                _lseek_r
 .text._read_r  0x08006fcc       0x24 D:/Code/STM32CubeIde/STM32CubeIDE_1.17.0/STM32CubeIDE/plugins/com.st.stm32cube.ide.mcu.externaltools.gnu-tools-for-stm32.12.3.rel1.win32_1.1.0.202410251130/tools/bin/../lib/gcc/arm-none-eabi/12.3.1/../../../../arm-none-eabi/lib/thumb/v7-m/nofp\libc_nano.a(libc_a-readr.o)
                0x08006fcc                _read_r
 .text._write_r
                0x08006ff0       0x24 D:/Code/STM32CubeIde/STM32CubeIDE_1.17.0/STM32CubeIDE/plugins/com.st.stm32cube.ide.mcu.externaltools.gnu-tools-for-stm32.12.3.rel1.win32_1.1.0.202410251130/tools/bin/../lib/gcc/arm-none-eabi/12.3.1/../../../../arm-none-eabi/lib/thumb/v7-m/nofp\libc_nano.a(libc_a-writer.o)
                0x08006ff0                _write_r
 .text.__errno  0x08007014        0xc D:/Code/STM32CubeIde/STM32CubeIDE_1.17.0/STM32CubeIDE/plugins/com.st.stm32cube.ide.mcu.externaltools.gnu-tools-for-stm32.12.3.rel1.win32_1.1.0.202410251130/tools/bin/../lib/gcc/arm-none-eabi/12.3.1/../../../../arm-none-eabi/lib/thumb/v7-m/nofp\libc_nano.a(libc_a-errno.o)
                0x08007014                __errno
 .text.__libc_init_array
                0x08007020       0x48 D:/Code/STM32CubeIde/STM32CubeIDE_1.17.0/STM32CubeIDE/plugins/com.st.stm32cube.ide.mcu.externaltools.gnu-tools-for-stm32.12.3.rel1.win32_1.1.0.202410251130/tools/bin/../lib/gcc/arm-none-eabi/12.3.1/../../../../arm-none-eabi/lib/thumb/v7-m/nofp\libc_nano.a(libc_a-init.o)
                0x08007020                __libc_init_array
 .text.__retarget_lock_init_recursive
                0x08007068        0x2 D:/Code/STM32CubeIde/STM32CubeIDE_1.17.0/STM32CubeIDE/plugins/com.st.stm32cube.ide.mcu.externaltools.gnu-tools-for-stm32.12.3.rel1.win32_1.1.0.202410251130/tools/bin/../lib/gcc/arm-none-eabi/12.3.1/../../../../arm-none-eabi/lib/thumb/v7-m/nofp\libc_nano.a(libc_a-lock.o)
                0x08007068                __retarget_lock_init_recursive
 .text.__retarget_lock_acquire_recursive
                0x0800706a        0x2 D:/Code/STM32CubeIde/STM32CubeIDE_1.17.0/STM32CubeIDE/plugins/com.st.stm32cube.ide.mcu.externaltools.gnu-tools-for-stm32.12.3.rel1.win32_1.1.0.202410251130/tools/bin/../lib/gcc/arm-none-eabi/12.3.1/../../../../arm-none-eabi/lib/thumb/v7-m/nofp\libc_nano.a(libc_a-lock.o)
                0x0800706a                __retarget_lock_acquire_recursive
 .text.__retarget_lock_release_recursive
                0x0800706c        0x2 D:/Code/STM32CubeIde/STM32CubeIDE_1.17.0/STM32CubeIDE/plugins/com.st.stm32cube.ide.mcu.externaltools.gnu-tools-for-stm32.12.3.rel1.win32_1.1.0.202410251130/tools/bin/../lib/gcc/arm-none-eabi/12.3.1/../../../../arm-none-eabi/lib/thumb/v7-m/nofp\libc_nano.a(libc_a-lock.o)
                0x0800706c                __retarget_lock_release_recursive
 .text.memcpy   0x0800706e       0x1c D:/Code/STM32CubeIde/STM32CubeIDE_1.17.0/STM32CubeIDE/plugins/com.st.stm32cube.ide.mcu.externaltools.gnu-tools-for-stm32.12.3.rel1.win32_1.1.0.202410251130/tools/bin/../lib/gcc/arm-none-eabi/12.3.1/../../../../arm-none-eabi/lib/thumb/v7-m/nofp\libc_nano.a(libc_a-memcpy-stub.o)
                0x0800706e                memcpy
 *fill*         0x0800708a        0x2 
 .text._free_r  0x0800708c       0x90 D:/Code/STM32CubeIde/STM32CubeIDE_1.17.0/STM32CubeIDE/plugins/com.st.stm32cube.ide.mcu.externaltools.gnu-tools-for-stm32.12.3.rel1.win32_1.1.0.202410251130/tools/bin/../lib/gcc/arm-none-eabi/12.3.1/../../../../arm-none-eabi/lib/thumb/v7-m/nofp\libc_nano.a(libc_a-freer.o)
                0x0800708c                _free_r
 .text.sbrk_aligned
                0x0800711c       0x44 D:/Code/STM32CubeIde/STM32CubeIDE_1.17.0/STM32CubeIDE/plugins/com.st.stm32cube.ide.mcu.externaltools.gnu-tools-for-stm32.12.3.rel1.win32_1.1.0.202410251130/tools/bin/../lib/gcc/arm-none-eabi/12.3.1/../../../../arm-none-eabi/lib/thumb/v7-m/nofp\libc_nano.a(libc_a-mallocr.o)
 .text._malloc_r
                0x08007160      0x100 D:/Code/STM32CubeIde/STM32CubeIDE_1.17.0/STM32CubeIDE/plugins/com.st.stm32cube.ide.mcu.externaltools.gnu-tools-for-stm32.12.3.rel1.win32_1.1.0.202410251130/tools/bin/../lib/gcc/arm-none-eabi/12.3.1/../../../../arm-none-eabi/lib/thumb/v7-m/nofp\libc_nano.a(libc_a-mallocr.o)
                0x08007160                _malloc_r
 .text.__malloc_lock
                0x08007260        0xc D:/Code/STM32CubeIde/STM32CubeIDE_1.17.0/STM32CubeIDE/plugins/com.st.stm32cube.ide.mcu.externaltools.gnu-tools-for-stm32.12.3.rel1.win32_1.1.0.202410251130/tools/bin/../lib/gcc/arm-none-eabi/12.3.1/../../../../arm-none-eabi/lib/thumb/v7-m/nofp\libc_nano.a(libc_a-mlock.o)
                0x08007260                __malloc_lock
 .text.__malloc_unlock
                0x0800726c        0xc D:/Code/STM32CubeIde/STM32CubeIDE_1.17.0/STM32CubeIDE/plugins/com.st.stm32cube.ide.mcu.externaltools.gnu-tools-for-stm32.12.3.rel1.win32_1.1.0.202410251130/tools/bin/../lib/gcc/arm-none-eabi/12.3.1/../../../../arm-none-eabi/lib/thumb/v7-m/nofp\libc_nano.a(libc_a-mlock.o)
                0x0800726c                __malloc_unlock
 .text.__sfputc_r
                0x08007278       0x2a D:/Code/STM32CubeIde/STM32CubeIDE_1.17.0/STM32CubeIDE/plugins/com.st.stm32cube.ide.mcu.externaltools.gnu-tools-for-stm32.12.3.rel1.win32_1.1.0.202410251130/tools/bin/../lib/gcc/arm-none-eabi/12.3.1/../../../../arm-none-eabi/lib/thumb/v7-m/nofp\libc_nano.a(libc_a-nano-vfprintf.o)
 .text.__sfputs_r
                0x080072a2       0x24 D:/Code/STM32CubeIde/STM32CubeIDE_1.17.0/STM32CubeIDE/plugins/com.st.stm32cube.ide.mcu.externaltools.gnu-tools-for-stm32.12.3.rel1.win32_1.1.0.202410251130/tools/bin/../lib/gcc/arm-none-eabi/12.3.1/../../../../arm-none-eabi/lib/thumb/v7-m/nofp\libc_nano.a(libc_a-nano-vfprintf.o)
                0x080072a2                __sfputs_r
 *fill*         0x080072c6        0x2 
 .text._vfprintf_r
                0x080072c8      0x230 D:/Code/STM32CubeIde/STM32CubeIDE_1.17.0/STM32CubeIDE/plugins/com.st.stm32cube.ide.mcu.externaltools.gnu-tools-for-stm32.12.3.rel1.win32_1.1.0.202410251130/tools/bin/../lib/gcc/arm-none-eabi/12.3.1/../../../../arm-none-eabi/lib/thumb/v7-m/nofp\libc_nano.a(libc_a-nano-vfprintf.o)
                0x080072c8                _vfprintf_r
                0x080072c8                _vfiprintf_r
 .text._printf_common
                0x080074f8       0xe4 D:/Code/STM32CubeIde/STM32CubeIDE_1.17.0/STM32CubeIDE/plugins/com.st.stm32cube.ide.mcu.externaltools.gnu-tools-for-stm32.12.3.rel1.win32_1.1.0.202410251130/tools/bin/../lib/gcc/arm-none-eabi/12.3.1/../../../../arm-none-eabi/lib/thumb/v7-m/nofp\libc_nano.a(libc_a-nano-vfprintf_i.o)
                0x080074f8                _printf_common
 .text._printf_i
                0x080075dc      0x240 D:/Code/STM32CubeIde/STM32CubeIDE_1.17.0/STM32CubeIDE/plugins/com.st.stm32cube.ide.mcu.externaltools.gnu-tools-for-stm32.12.3.rel1.win32_1.1.0.202410251130/tools/bin/../lib/gcc/arm-none-eabi/12.3.1/../../../../arm-none-eabi/lib/thumb/v7-m/nofp\libc_nano.a(libc_a-nano-vfprintf_i.o)
                0x080075dc                _printf_i
 .text.__sflush_r
                0x0800781c      0x100 D:/Code/STM32CubeIde/STM32CubeIDE_1.17.0/STM32CubeIDE/plugins/com.st.stm32cube.ide.mcu.externaltools.gnu-tools-for-stm32.12.3.rel1.win32_1.1.0.202410251130/tools/bin/../lib/gcc/arm-none-eabi/12.3.1/../../../../arm-none-eabi/lib/thumb/v7-m/nofp\libc_nano.a(libc_a-fflush.o)
                0x0800781c                __sflush_r
 .text._fflush_r
                0x0800791c       0x50 D:/Code/STM32CubeIde/STM32CubeIDE_1.17.0/STM32CubeIDE/plugins/com.st.stm32cube.ide.mcu.externaltools.gnu-tools-for-stm32.12.3.rel1.win32_1.1.0.202410251130/tools/bin/../lib/gcc/arm-none-eabi/12.3.1/../../../../arm-none-eabi/lib/thumb/v7-m/nofp\libc_nano.a(libc_a-fflush.o)
                0x0800791c                _fflush_r
 .text.__swhatbuf_r
                0x0800796c       0x4a D:/Code/STM32CubeIde/STM32CubeIDE_1.17.0/STM32CubeIDE/plugins/com.st.stm32cube.ide.mcu.externaltools.gnu-tools-for-stm32.12.3.rel1.win32_1.1.0.202410251130/tools/bin/../lib/gcc/arm-none-eabi/12.3.1/../../../../arm-none-eabi/lib/thumb/v7-m/nofp\libc_nano.a(libc_a-makebuf.o)
                0x0800796c                __swhatbuf_r
 .text.__smakebuf_r
                0x080079b6       0x78 D:/Code/STM32CubeIde/STM32CubeIDE_1.17.0/STM32CubeIDE/plugins/com.st.stm32cube.ide.mcu.externaltools.gnu-tools-for-stm32.12.3.rel1.win32_1.1.0.202410251130/tools/bin/../lib/gcc/arm-none-eabi/12.3.1/../../../../arm-none-eabi/lib/thumb/v7-m/nofp\libc_nano.a(libc_a-makebuf.o)
                0x080079b6                __smakebuf_r
 *fill*         0x08007a2e        0x2 
 .text._fstat_r
                0x08007a30       0x24 D:/Code/STM32CubeIde/STM32CubeIDE_1.17.0/STM32CubeIDE/plugins/com.st.stm32cube.ide.mcu.externaltools.gnu-tools-for-stm32.12.3.rel1.win32_1.1.0.202410251130/tools/bin/../lib/gcc/arm-none-eabi/12.3.1/../../../../arm-none-eabi/lib/thumb/v7-m/nofp\libc_nano.a(libc_a-fstatr.o)
                0x08007a30                _fstat_r
 .text._isatty_r
                0x08007a54       0x20 D:/Code/STM32CubeIde/STM32CubeIDE_1.17.0/STM32CubeIDE/plugins/com.st.stm32cube.ide.mcu.externaltools.gnu-tools-for-stm32.12.3.rel1.win32_1.1.0.202410251130/tools/bin/../lib/gcc/arm-none-eabi/12.3.1/../../../../arm-none-eabi/lib/thumb/v7-m/nofp\libc_nano.a(libc_a-isattyr.o)
                0x08007a54                _isatty_r
 .text._sbrk_r  0x08007a74       0x20 D:/Code/STM32CubeIde/STM32CubeIDE_1.17.0/STM32CubeIDE/plugins/com.st.stm32cube.ide.mcu.externaltools.gnu-tools-for-stm32.12.3.rel1.win32_1.1.0.202410251130/tools/bin/../lib/gcc/arm-none-eabi/12.3.1/../../../../arm-none-eabi/lib/thumb/v7-m/nofp\libc_nano.a(libc_a-sbrkr.o)
                0x08007a74                _sbrk_r
 .text.memchr   0x08007a94       0x1c D:/Code/STM32CubeIde/STM32CubeIDE_1.17.0/STM32CubeIDE/plugins/com.st.stm32cube.ide.mcu.externaltools.gnu-tools-for-stm32.12.3.rel1.win32_1.1.0.202410251130/tools/bin/../lib/gcc/arm-none-eabi/12.3.1/../../../../arm-none-eabi/lib/thumb/v7-m/nofp\libc_nano.a(libc_a-memchr-stub.o)
                0x08007a94                memchr
 *(.glue_7)
 .glue_7        0x08007ab0        0x0 linker stubs
 *(.glue_7t)
 .glue_7t       0x08007ab0        0x0 linker stubs
 *(.eh_frame)
 .eh_frame      0x08007ab0        0x0 D:/Code/STM32CubeIde/STM32CubeIDE_1.17.0/STM32CubeIDE/plugins/com.st.stm32cube.ide.mcu.externaltools.gnu-tools-for-stm32.12.3.rel1.win32_1.1.0.202410251130/tools/bin/../lib/gcc/arm-none-eabi/12.3.1/thumb/v7-m/nofp/crtbegin.o
 *(.init)
 .init          0x08007ab0        0x4 D:/Code/STM32CubeIde/STM32CubeIDE_1.17.0/STM32CubeIDE/plugins/com.st.stm32cube.ide.mcu.externaltools.gnu-tools-for-stm32.12.3.rel1.win32_1.1.0.202410251130/tools/bin/../lib/gcc/arm-none-eabi/12.3.1/thumb/v7-m/nofp/crti.o
                0x08007ab0                _init
 .init          0x08007ab4        0x8 D:/Code/STM32CubeIde/STM32CubeIDE_1.17.0/STM32CubeIDE/plugins/com.st.stm32cube.ide.mcu.externaltools.gnu-tools-for-stm32.12.3.rel1.win32_1.1.0.202410251130/tools/bin/../lib/gcc/arm-none-eabi/12.3.1/thumb/v7-m/nofp/crtn.o
 *(.fini)
 .fini          0x08007abc        0x4 D:/Code/STM32CubeIde/STM32CubeIDE_1.17.0/STM32CubeIDE/plugins/com.st.stm32cube.ide.mcu.externaltools.gnu-tools-for-stm32.12.3.rel1.win32_1.1.0.202410251130/tools/bin/../lib/gcc/arm-none-eabi/12.3.1/thumb/v7-m/nofp/crti.o
                0x08007abc                _fini
 .fini          0x08007ac0        0x8 D:/Code/STM32CubeIde/STM32CubeIDE_1.17.0/STM32CubeIDE/plugins/com.st.stm32cube.ide.mcu.externaltools.gnu-tools-for-stm32.12.3.rel1.win32_1.1.0.202410251130/tools/bin/../lib/gcc/arm-none-eabi/12.3.1/thumb/v7-m/nofp/crtn.o
                0x08007ac8                        . = ALIGN (0x4)
                0x08007ac8                        _etext = .

.vfp11_veneer   0x08007ac8        0x0
 .vfp11_veneer  0x08007ac8        0x0 linker stubs

.v4_bx          0x08007ac8        0x0
 .v4_bx         0x08007ac8        0x0 linker stubs

.iplt           0x08007ac8        0x0
 .iplt          0x08007ac8        0x0 D:/Code/STM32CubeIde/STM32CubeIDE_1.17.0/STM32CubeIDE/plugins/com.st.stm32cube.ide.mcu.externaltools.gnu-tools-for-stm32.12.3.rel1.win32_1.1.0.202410251130/tools/bin/../lib/gcc/arm-none-eabi/12.3.1/thumb/v7-m/nofp/crtbegin.o

.rodata         0x08007ac8      0x270
                0x08007ac8                        . = ALIGN (0x4)
 *(.rodata)
 .rodata        0x08007ac8      0x135 ./Core/Src/main.o
 *fill*         0x08007bfd        0x3 
 .rodata        0x08007c00        0x5 ./Middlewares/Third_Party/FreeRTOS/Source/tasks.o
 *fill*         0x08007c05        0x3 
 .rodata        0x08007c08        0xd ./Middlewares/Third_Party/FreeRTOS/Source/timers.o
 *(.rodata*)
 *fill*         0x08007c15        0x3 
 .rodata.Task1_LedBoard_attributes
                0x08007c18       0x24 ./Core/Src/main.o
                0x08007c18                Task1_LedBoard_attributes
 .rodata.Task2_LedBlue_attributes
                0x08007c3c       0x24 ./Core/Src/main.o
                0x08007c3c                Task2_LedBlue_attributes
 .rodata.Task1_PrintNoti_attributes
                0x08007c60       0x24 ./Core/Src/main.o
                0x08007c60                Task1_PrintNoti_attributes
 .rodata.Task4_CountUp_attributes
                0x08007c84       0x24 ./Core/Src/main.o
                0x08007c84                Task4_CountUp_attributes
 .rodata.semUart_attributes
                0x08007ca8       0x10 ./Core/Src/main.o
                0x08007ca8                semUart_attributes
 .rodata.notifyEvent_attributes
                0x08007cb8       0x10 ./Core/Src/main.o
                0x08007cb8                notifyEvent_attributes
 .rodata.uartEventFlag_attributes
                0x08007cc8       0x10 ./Core/Src/main.o
                0x08007cc8                uartEventFlag_attributes
 .rodata.AHBPrescTable
                0x08007cd8       0x10 ./Core/Src/system_stm32f1xx.o
                0x08007cd8                AHBPrescTable
 .rodata.APBPrescTable
                0x08007ce8        0x8 ./Core/Src/system_stm32f1xx.o
                0x08007ce8                APBPrescTable
 .rodata.aPLLMULFactorTable.1
                0x08007cf0       0x10 ./Drivers/STM32F1xx_HAL_Driver/Src/stm32f1xx_hal_rcc.o
 .rodata.aPredivFactorTable.0
                0x08007d00        0x2 ./Drivers/STM32F1xx_HAL_Driver/Src/stm32f1xx_hal_rcc.o
 .rodata._vfprintf_r.str1.1
                0x08007d02       0x11 D:/Code/STM32CubeIde/STM32CubeIDE_1.17.0/STM32CubeIDE/plugins/com.st.stm32cube.ide.mcu.externaltools.gnu-tools-for-stm32.12.3.rel1.win32_1.1.0.202410251130/tools/bin/../lib/gcc/arm-none-eabi/12.3.1/../../../../arm-none-eabi/lib/thumb/v7-m/nofp\libc_nano.a(libc_a-nano-vfprintf.o)
 .rodata._printf_i.str1.1
                0x08007d13       0x22 D:/Code/STM32CubeIde/STM32CubeIDE_1.17.0/STM32CubeIDE/plugins/com.st.stm32cube.ide.mcu.externaltools.gnu-tools-for-stm32.12.3.rel1.win32_1.1.0.202410251130/tools/bin/../lib/gcc/arm-none-eabi/12.3.1/../../../../arm-none-eabi/lib/thumb/v7-m/nofp\libc_nano.a(libc_a-nano-vfprintf_i.o)
                0x08007d38                        . = ALIGN (0x4)
 *fill*         0x08007d35        0x3 

.ARM.extab      0x08007d38        0x0
                0x08007d38                        . = ALIGN (0x4)
 *(.ARM.extab* .gnu.linkonce.armextab.*)
                0x08007d38                        . = ALIGN (0x4)

.ARM            0x08007d38        0x0
                0x08007d38                        . = ALIGN (0x4)
                0x08007d38                        __exidx_start = .
 *(.ARM.exidx*)
                0x08007d38                        __exidx_end = .
                0x08007d38                        . = ALIGN (0x4)

.preinit_array  0x08007d38        0x0
                0x08007d38                        . = ALIGN (0x4)
                0x08007d38                        PROVIDE (__preinit_array_start = .)
 *(.preinit_array*)
                0x08007d38                        PROVIDE (__preinit_array_end = .)
                0x08007d38                        . = ALIGN (0x4)

.init_array     0x08007d38        0x4
                0x08007d38                        . = ALIGN (0x4)
                0x08007d38                        PROVIDE (__init_array_start = .)
 *(SORT_BY_NAME(.init_array.*))
 *(.init_array*)
 .init_array    0x08007d38        0x4 D:/Code/STM32CubeIde/STM32CubeIDE_1.17.0/STM32CubeIDE/plugins/com.st.stm32cube.ide.mcu.externaltools.gnu-tools-for-stm32.12.3.rel1.win32_1.1.0.202410251130/tools/bin/../lib/gcc/arm-none-eabi/12.3.1/thumb/v7-m/nofp/crtbegin.o
                0x08007d3c                        PROVIDE (__init_array_end = .)
                0x08007d3c                        . = ALIGN (0x4)

.fini_array     0x08007d3c        0x4
                0x08007d3c                        . = ALIGN (0x4)
                [!provide]                        PROVIDE (__fini_array_start = .)
 *(SORT_BY_NAME(.fini_array.*))
 *(.fini_array*)
 .fini_array    0x08007d3c        0x4 D:/Code/STM32CubeIde/STM32CubeIDE_1.17.0/STM32CubeIDE/plugins/com.st.stm32cube.ide.mcu.externaltools.gnu-tools-for-stm32.12.3.rel1.win32_1.1.0.202410251130/tools/bin/../lib/gcc/arm-none-eabi/12.3.1/thumb/v7-m/nofp/crtbegin.o
                [!provide]                        PROVIDE (__fini_array_end = .)
                0x08007d40                        . = ALIGN (0x4)
                0x08007d40                        _sidata = LOADADDR (.data)

.rel.dyn        0x08007d40        0x0
 .rel.iplt      0x08007d40        0x0 D:/Code/STM32CubeIde/STM32CubeIDE_1.17.0/STM32CubeIDE/plugins/com.st.stm32cube.ide.mcu.externaltools.gnu-tools-for-stm32.12.3.rel1.win32_1.1.0.202410251130/tools/bin/../lib/gcc/arm-none-eabi/12.3.1/thumb/v7-m/nofp/crtbegin.o

.data           0x20000000       0x6c load address 0x08007d40
                0x20000000                        . = ALIGN (0x4)
                0x20000000                        _sdata = .
 *(.data)
 *(.data*)
 .data.SystemCoreClock
                0x20000000        0x4 ./Core/Src/system_stm32f1xx.o
                0x20000000                SystemCoreClock
 .data.uwTickPrio
                0x20000004        0x4 ./Drivers/STM32F1xx_HAL_Driver/Src/stm32f1xx_hal.o
                0x20000004                uwTickPrio
 .data.uwTickFreq
                0x20000008        0x1 ./Drivers/STM32F1xx_HAL_Driver/Src/stm32f1xx_hal.o
                0x20000008                uwTickFreq
 *fill*         0x20000009        0x3 
 .data.uxCriticalNesting
                0x2000000c        0x4 ./Middlewares/Third_Party/FreeRTOS/Source/portable/GCC/ARM_CM3/port.o
 .data.__sglue  0x20000010        0xc D:/Code/STM32CubeIde/STM32CubeIDE_1.17.0/STM32CubeIDE/plugins/com.st.stm32cube.ide.mcu.externaltools.gnu-tools-for-stm32.12.3.rel1.win32_1.1.0.202410251130/tools/bin/../lib/gcc/arm-none-eabi/12.3.1/../../../../arm-none-eabi/lib/thumb/v7-m/nofp\libc_nano.a(libc_a-findfp.o)
                0x20000010                __sglue
 .data._impure_ptr
                0x2000001c        0x4 D:/Code/STM32CubeIde/STM32CubeIDE_1.17.0/STM32CubeIDE/plugins/com.st.stm32cube.ide.mcu.externaltools.gnu-tools-for-stm32.12.3.rel1.win32_1.1.0.202410251130/tools/bin/../lib/gcc/arm-none-eabi/12.3.1/../../../../arm-none-eabi/lib/thumb/v7-m/nofp\libc_nano.a(libc_a-impure.o)
                0x2000001c                _impure_ptr
 .data._impure_data
                0x20000020       0x4c D:/Code/STM32CubeIde/STM32CubeIDE_1.17.0/STM32CubeIDE/plugins/com.st.stm32cube.ide.mcu.externaltools.gnu-tools-for-stm32.12.3.rel1.win32_1.1.0.202410251130/tools/bin/../lib/gcc/arm-none-eabi/12.3.1/../../../../arm-none-eabi/lib/thumb/v7-m/nofp\libc_nano.a(libc_a-impure.o)
                0x20000020                _impure_data
 *(.RamFunc)
 *(.RamFunc*)
                0x2000006c                        . = ALIGN (0x4)
                0x2000006c                        _edata = .

.igot.plt       0x2000006c        0x0 load address 0x08007dac
 .igot.plt      0x2000006c        0x0 D:/Code/STM32CubeIde/STM32CubeIDE_1.17.0/STM32CubeIDE/plugins/com.st.stm32cube.ide.mcu.externaltools.gnu-tools-for-stm32.12.3.rel1.win32_1.1.0.202410251130/tools/bin/../lib/gcc/arm-none-eabi/12.3.1/thumb/v7-m/nofp/crtbegin.o
                0x2000006c                        . = ALIGN (0x4)

.bss            0x2000006c     0x1c70 load address 0x08007dac
                0x2000006c                        _sbss = .
                0x2000006c                        __bss_start__ = _sbss
 *(.bss)
 .bss           0x2000006c       0x1c D:/Code/STM32CubeIde/STM32CubeIDE_1.17.0/STM32CubeIDE/plugins/com.st.stm32cube.ide.mcu.externaltools.gnu-tools-for-stm32.12.3.rel1.win32_1.1.0.202410251130/tools/bin/../lib/gcc/arm-none-eabi/12.3.1/thumb/v7-m/nofp/crtbegin.o
 *(.bss*)
 .bss.huart1    0x20000088       0x48 ./Core/Src/main.o
                0x20000088                huart1
 .bss.Task1_LedBoardHandle
                0x200000d0        0x4 ./Core/Src/main.o
                0x200000d0                Task1_LedBoardHandle
 .bss.Task2_LedBlueHandle
                0x200000d4        0x4 ./Core/Src/main.o
                0x200000d4                Task2_LedBlueHandle
 .bss.Task1_PrintNotiHandle
                0x200000d8        0x4 ./Core/Src/main.o
                0x200000d8                Task1_PrintNotiHandle
 .bss.Task4_CountUpHandle
                0x200000dc        0x4 ./Core/Src/main.o
                0x200000dc                Task4_CountUpHandle
 .bss.semUartHandle
                0x200000e0        0x4 ./Core/Src/main.o
                0x200000e0                semUartHandle
 .bss.notifyEventHandle
                0x200000e4        0x4 ./Core/Src/main.o
                0x200000e4                notifyEventHandle
 .bss.uartEventFlagHandle
                0x200000e8        0x4 ./Core/Src/main.o
                0x200000e8                uartEventFlagHandle
 .bss.data_rx   0x200000ec        0x1 ./Core/Src/main.o
                0x200000ec                data_rx
 *fill*         0x200000ed        0x3 
 .bss.uart_buff
                0x200000f0       0x64 ./Core/Src/main.o
                0x200000f0                uart_buff
 .bss.uart_index
                0x20000154        0x1 ./Core/Src/main.o
                0x20000154                uart_index
 .bss.uart_flag
                0x20000155        0x1 ./Core/Src/main.o
                0x20000155                uart_flag
 .bss.countUp   0x20000156        0x1 ./Core/Src/main.o
                0x20000156                countUp
 *fill*         0x20000157        0x1 
 .bss.htim1     0x20000158       0x48 ./Core/Src/stm32f1xx_hal_timebase_tim.o
                0x20000158                htim1
 .bss.__sbrk_heap_end
                0x200001a0        0x4 ./Core/Src/sysmem.o
 .bss.uwTick    0x200001a4        0x4 ./Drivers/STM32F1xx_HAL_Driver/Src/stm32f1xx_hal.o
                0x200001a4                uwTick
 .bss.KernelState
                0x200001a8        0x4 ./Middlewares/Third_Party/FreeRTOS/Source/CMSIS_RTOS_V2/cmsis_os2.o
 .bss.Idle_TCB.3
                0x200001ac       0xa8 ./Middlewares/Third_Party/FreeRTOS/Source/CMSIS_RTOS_V2/cmsis_os2.o
 .bss.Idle_Stack.2
                0x20000254      0x200 ./Middlewares/Third_Party/FreeRTOS/Source/CMSIS_RTOS_V2/cmsis_os2.o
 .bss.Timer_TCB.1
                0x20000454       0xa8 ./Middlewares/Third_Party/FreeRTOS/Source/CMSIS_RTOS_V2/cmsis_os2.o
 .bss.Timer_Stack.0
                0x200004fc      0x400 ./Middlewares/Third_Party/FreeRTOS/Source/CMSIS_RTOS_V2/cmsis_os2.o
 .bss.xQueueRegistry
                0x200008fc       0x40 ./Middlewares/Third_Party/FreeRTOS/Source/queue.o
                0x200008fc                xQueueRegistry
 .bss.pxCurrentTCB
                0x2000093c        0x4 ./Middlewares/Third_Party/FreeRTOS/Source/tasks.o
                0x2000093c                pxCurrentTCB
 .bss.pxReadyTasksLists
                0x20000940      0x460 ./Middlewares/Third_Party/FreeRTOS/Source/tasks.o
 .bss.xDelayedTaskList1
                0x20000da0       0x14 ./Middlewares/Third_Party/FreeRTOS/Source/tasks.o
 .bss.xDelayedTaskList2
                0x20000db4       0x14 ./Middlewares/Third_Party/FreeRTOS/Source/tasks.o
 .bss.pxDelayedTaskList
                0x20000dc8        0x4 ./Middlewares/Third_Party/FreeRTOS/Source/tasks.o
 .bss.pxOverflowDelayedTaskList
                0x20000dcc        0x4 ./Middlewares/Third_Party/FreeRTOS/Source/tasks.o
 .bss.xPendingReadyList
                0x20000dd0       0x14 ./Middlewares/Third_Party/FreeRTOS/Source/tasks.o
 .bss.xTasksWaitingTermination
                0x20000de4       0x14 ./Middlewares/Third_Party/FreeRTOS/Source/tasks.o
 .bss.uxDeletedTasksWaitingCleanUp
                0x20000df8        0x4 ./Middlewares/Third_Party/FreeRTOS/Source/tasks.o
 .bss.xSuspendedTaskList
                0x20000dfc       0x14 ./Middlewares/Third_Party/FreeRTOS/Source/tasks.o
 .bss.uxCurrentNumberOfTasks
                0x20000e10        0x4 ./Middlewares/Third_Party/FreeRTOS/Source/tasks.o
 .bss.xTickCount
                0x20000e14        0x4 ./Middlewares/Third_Party/FreeRTOS/Source/tasks.o
 .bss.uxTopReadyPriority
                0x20000e18        0x4 ./Middlewares/Third_Party/FreeRTOS/Source/tasks.o
 .bss.xSchedulerRunning
                0x20000e1c        0x4 ./Middlewares/Third_Party/FreeRTOS/Source/tasks.o
 .bss.xPendedTicks
                0x20000e20        0x4 ./Middlewares/Third_Party/FreeRTOS/Source/tasks.o
 .bss.xYieldPending
                0x20000e24        0x4 ./Middlewares/Third_Party/FreeRTOS/Source/tasks.o
 .bss.xNumOfOverflows
                0x20000e28        0x4 ./Middlewares/Third_Party/FreeRTOS/Source/tasks.o
 .bss.uxTaskNumber
                0x20000e2c        0x4 ./Middlewares/Third_Party/FreeRTOS/Source/tasks.o
 .bss.xNextTaskUnblockTime
                0x20000e30        0x4 ./Middlewares/Third_Party/FreeRTOS/Source/tasks.o
 .bss.xIdleTaskHandle
                0x20000e34        0x4 ./Middlewares/Third_Party/FreeRTOS/Source/tasks.o
 .bss.uxSchedulerSuspended
                0x20000e38        0x4 ./Middlewares/Third_Party/FreeRTOS/Source/tasks.o
 .bss.xActiveTimerList1
                0x20000e3c       0x14 ./Middlewares/Third_Party/FreeRTOS/Source/timers.o
 .bss.xActiveTimerList2
                0x20000e50       0x14 ./Middlewares/Third_Party/FreeRTOS/Source/timers.o
 .bss.pxCurrentTimerList
                0x20000e64        0x4 ./Middlewares/Third_Party/FreeRTOS/Source/timers.o
 .bss.pxOverflowTimerList
                0x20000e68        0x4 ./Middlewares/Third_Party/FreeRTOS/Source/timers.o
 .bss.xTimerQueue
                0x20000e6c        0x4 ./Middlewares/Third_Party/FreeRTOS/Source/timers.o
 .bss.xTimerTaskHandle
                0x20000e70        0x4 ./Middlewares/Third_Party/FreeRTOS/Source/timers.o
 .bss.xLastTime.2
                0x20000e74        0x4 ./Middlewares/Third_Party/FreeRTOS/Source/timers.o
 .bss.ucStaticTimerQueueStorage.1
                0x20000e78       0xa0 ./Middlewares/Third_Party/FreeRTOS/Source/timers.o
 .bss.xStaticTimerQueue.0
                0x20000f18       0x50 ./Middlewares/Third_Party/FreeRTOS/Source/timers.o
 .bss.ucMaxSysCallPriority
                0x20000f68        0x1 ./Middlewares/Third_Party/FreeRTOS/Source/portable/GCC/ARM_CM3/port.o
 *fill*         0x20000f69        0x3 
 .bss.ulMaxPRIGROUPValue
                0x20000f6c        0x4 ./Middlewares/Third_Party/FreeRTOS/Source/portable/GCC/ARM_CM3/port.o
 .bss.ucHeap    0x20000f70      0xc00 ./Middlewares/Third_Party/FreeRTOS/Source/portable/MemMang/heap_4.o
 .bss.xStart    0x20001b70        0x8 ./Middlewares/Third_Party/FreeRTOS/Source/portable/MemMang/heap_4.o
 .bss.pxEnd     0x20001b78        0x4 ./Middlewares/Third_Party/FreeRTOS/Source/portable/MemMang/heap_4.o
 .bss.xFreeBytesRemaining
                0x20001b7c        0x4 ./Middlewares/Third_Party/FreeRTOS/Source/portable/MemMang/heap_4.o
 .bss.xMinimumEverFreeBytesRemaining
                0x20001b80        0x4 ./Middlewares/Third_Party/FreeRTOS/Source/portable/MemMang/heap_4.o
 .bss.xNumberOfSuccessfulAllocations
                0x20001b84        0x4 ./Middlewares/Third_Party/FreeRTOS/Source/portable/MemMang/heap_4.o
 .bss.xNumberOfSuccessfulFrees
                0x20001b88        0x4 ./Middlewares/Third_Party/FreeRTOS/Source/portable/MemMang/heap_4.o
 .bss.xBlockAllocatedBit
                0x20001b8c        0x4 ./Middlewares/Third_Party/FreeRTOS/Source/portable/MemMang/heap_4.o
 .bss.__sf      0x20001b90      0x138 D:/Code/STM32CubeIde/STM32CubeIDE_1.17.0/STM32CubeIDE/plugins/com.st.stm32cube.ide.mcu.externaltools.gnu-tools-for-stm32.12.3.rel1.win32_1.1.0.202410251130/tools/bin/../lib/gcc/arm-none-eabi/12.3.1/../../../../arm-none-eabi/lib/thumb/v7-m/nofp\libc_nano.a(libc_a-findfp.o)
                0x20001b90                __sf
 .bss.__stdio_exit_handler
                0x20001cc8        0x4 D:/Code/STM32CubeIde/STM32CubeIDE_1.17.0/STM32CubeIDE/plugins/com.st.stm32cube.ide.mcu.externaltools.gnu-tools-for-stm32.12.3.rel1.win32_1.1.0.202410251130/tools/bin/../lib/gcc/arm-none-eabi/12.3.1/../../../../arm-none-eabi/lib/thumb/v7-m/nofp\libc_nano.a(libc_a-findfp.o)
                0x20001cc8                __stdio_exit_handler
 .bss.errno     0x20001ccc        0x4 D:/Code/STM32CubeIde/STM32CubeIDE_1.17.0/STM32CubeIDE/plugins/com.st.stm32cube.ide.mcu.externaltools.gnu-tools-for-stm32.12.3.rel1.win32_1.1.0.202410251130/tools/bin/../lib/gcc/arm-none-eabi/12.3.1/../../../../arm-none-eabi/lib/thumb/v7-m/nofp\libc_nano.a(libc_a-reent.o)
                0x20001ccc                errno
 .bss.__lock___malloc_recursive_mutex
                0x20001cd0        0x1 D:/Code/STM32CubeIde/STM32CubeIDE_1.17.0/STM32CubeIDE/plugins/com.st.stm32cube.ide.mcu.externaltools.gnu-tools-for-stm32.12.3.rel1.win32_1.1.0.202410251130/tools/bin/../lib/gcc/arm-none-eabi/12.3.1/../../../../arm-none-eabi/lib/thumb/v7-m/nofp\libc_nano.a(libc_a-lock.o)
                0x20001cd0                __lock___malloc_recursive_mutex
 .bss.__lock___sfp_recursive_mutex
                0x20001cd1        0x1 D:/Code/STM32CubeIde/STM32CubeIDE_1.17.0/STM32CubeIDE/plugins/com.st.stm32cube.ide.mcu.externaltools.gnu-tools-for-stm32.12.3.rel1.win32_1.1.0.202410251130/tools/bin/../lib/gcc/arm-none-eabi/12.3.1/../../../../arm-none-eabi/lib/thumb/v7-m/nofp\libc_nano.a(libc_a-lock.o)
                0x20001cd1                __lock___sfp_recursive_mutex
 *fill*         0x20001cd2        0x2 
 .bss.__malloc_sbrk_start
                0x20001cd4        0x4 D:/Code/STM32CubeIde/STM32CubeIDE_1.17.0/STM32CubeIDE/plugins/com.st.stm32cube.ide.mcu.externaltools.gnu-tools-for-stm32.12.3.rel1.win32_1.1.0.202410251130/tools/bin/../lib/gcc/arm-none-eabi/12.3.1/../../../../arm-none-eabi/lib/thumb/v7-m/nofp\libc_nano.a(libc_a-mallocr.o)
                0x20001cd4                __malloc_sbrk_start
 .bss.__malloc_free_list
                0x20001cd8        0x4 D:/Code/STM32CubeIde/STM32CubeIDE_1.17.0/STM32CubeIDE/plugins/com.st.stm32cube.ide.mcu.externaltools.gnu-tools-for-stm32.12.3.rel1.win32_1.1.0.202410251130/tools/bin/../lib/gcc/arm-none-eabi/12.3.1/../../../../arm-none-eabi/lib/thumb/v7-m/nofp\libc_nano.a(libc_a-mallocr.o)
                0x20001cd8                __malloc_free_list
 *(COMMON)
                0x20001cdc                        . = ALIGN (0x4)
                0x20001cdc                        _ebss = .
                0x20001cdc                        __bss_end__ = _ebss

._user_heap_stack
                0x20001cdc      0x604 load address 0x08007dac
                0x20001ce0                        . = ALIGN (0x8)
 *fill*         0x20001cdc        0x4 
                [!provide]                        PROVIDE (end = .)
                0x20001ce0                        PROVIDE (_end = .)
                0x20001ee0                        . = (. + _Min_Heap_Size)
 *fill*         0x20001ce0      0x200 
                0x200022e0                        . = (. + _Min_Stack_Size)
 *fill*         0x20001ee0      0x400 
                0x200022e0                        . = ALIGN (0x8)

/DISCARD/
 libc.a(*)
 libm.a(*)
 libgcc.a(*)

.ARM.attributes
                0x00000000       0x29
 *(.ARM.attributes)
 .ARM.attributes
                0x00000000       0x1d D:/Code/STM32CubeIde/STM32CubeIDE_1.17.0/STM32CubeIDE/plugins/com.st.stm32cube.ide.mcu.externaltools.gnu-tools-for-stm32.12.3.rel1.win32_1.1.0.202410251130/tools/bin/../lib/gcc/arm-none-eabi/12.3.1/thumb/v7-m/nofp/crti.o
 .ARM.attributes
                0x0000001d       0x2d D:/Code/STM32CubeIde/STM32CubeIDE_1.17.0/STM32CubeIDE/plugins/com.st.stm32cube.ide.mcu.externaltools.gnu-tools-for-stm32.12.3.rel1.win32_1.1.0.202410251130/tools/bin/../lib/gcc/arm-none-eabi/12.3.1/thumb/v7-m/nofp/crtbegin.o
 .ARM.attributes
                0x0000004a       0x2d ./Core/Src/main.o
 .ARM.attributes
                0x00000077       0x2d ./Core/Src/stm32f1xx_hal_msp.o
 .ARM.attributes
                0x000000a4       0x2d ./Core/Src/stm32f1xx_hal_timebase_tim.o
 .ARM.attributes
                0x000000d1       0x2d ./Core/Src/stm32f1xx_it.o
 .ARM.attributes
                0x000000fe       0x2d ./Core/Src/syscalls.o
 .ARM.attributes
                0x0000012b       0x2d ./Core/Src/sysmem.o
 .ARM.attributes
                0x00000158       0x2d ./Core/Src/system_stm32f1xx.o
 .ARM.attributes
                0x00000185       0x21 ./Core/Startup/startup_stm32f103c8tx.o
 .ARM.attributes
                0x000001a6       0x2d ./Drivers/STM32F1xx_HAL_Driver/Src/stm32f1xx_hal.o
 .ARM.attributes
                0x000001d3       0x2d ./Drivers/STM32F1xx_HAL_Driver/Src/stm32f1xx_hal_cortex.o
 .ARM.attributes
                0x00000200       0x2d ./Drivers/STM32F1xx_HAL_Driver/Src/stm32f1xx_hal_dma.o
 .ARM.attributes
                0x0000022d       0x2d ./Drivers/STM32F1xx_HAL_Driver/Src/stm32f1xx_hal_gpio.o
 .ARM.attributes
                0x0000025a       0x2d ./Drivers/STM32F1xx_HAL_Driver/Src/stm32f1xx_hal_rcc.o
 .ARM.attributes
                0x00000287       0x2d ./Drivers/STM32F1xx_HAL_Driver/Src/stm32f1xx_hal_tim.o
 .ARM.attributes
                0x000002b4       0x2d ./Drivers/STM32F1xx_HAL_Driver/Src/stm32f1xx_hal_tim_ex.o
 .ARM.attributes
                0x000002e1       0x2d ./Drivers/STM32F1xx_HAL_Driver/Src/stm32f1xx_hal_uart.o
 .ARM.attributes
                0x0000030e       0x2d ./Middlewares/Third_Party/FreeRTOS/Source/CMSIS_RTOS_V2/cmsis_os2.o
 .ARM.attributes
                0x0000033b       0x2d ./Middlewares/Third_Party/FreeRTOS/Source/event_groups.o
 .ARM.attributes
                0x00000368       0x2d ./Middlewares/Third_Party/FreeRTOS/Source/list.o
 .ARM.attributes
                0x00000395       0x2d ./Middlewares/Third_Party/FreeRTOS/Source/queue.o
 .ARM.attributes
                0x000003c2       0x2d ./Middlewares/Third_Party/FreeRTOS/Source/tasks.o
 .ARM.attributes
                0x000003ef       0x2d ./Middlewares/Third_Party/FreeRTOS/Source/timers.o
 .ARM.attributes
                0x0000041c       0x2d ./Middlewares/Third_Party/FreeRTOS/Source/portable/GCC/ARM_CM3/port.o
 .ARM.attributes
                0x00000449       0x2d ./Middlewares/Third_Party/FreeRTOS/Source/portable/MemMang/heap_4.o
 .ARM.attributes
                0x00000476       0x2d D:/Code/STM32CubeIde/STM32CubeIDE_1.17.0/STM32CubeIDE/plugins/com.st.stm32cube.ide.mcu.externaltools.gnu-tools-for-stm32.12.3.rel1.win32_1.1.0.202410251130/tools/bin/../lib/gcc/arm-none-eabi/12.3.1/../../../../arm-none-eabi/lib/thumb/v7-m/nofp\libc_nano.a(libc_a-findfp.o)
 .ARM.attributes
                0x000004a3       0x2d D:/Code/STM32CubeIde/STM32CubeIDE_1.17.0/STM32CubeIDE/plugins/com.st.stm32cube.ide.mcu.externaltools.gnu-tools-for-stm32.12.3.rel1.win32_1.1.0.202410251130/tools/bin/../lib/gcc/arm-none-eabi/12.3.1/../../../../arm-none-eabi/lib/thumb/v7-m/nofp\libc_nano.a(libc_a-fwalk.o)
 .ARM.attributes
                0x000004d0       0x2d D:/Code/STM32CubeIde/STM32CubeIDE_1.17.0/STM32CubeIDE/plugins/com.st.stm32cube.ide.mcu.externaltools.gnu-tools-for-stm32.12.3.rel1.win32_1.1.0.202410251130/tools/bin/../lib/gcc/arm-none-eabi/12.3.1/../../../../arm-none-eabi/lib/thumb/v7-m/nofp\libc_nano.a(libc_a-printf.o)
 .ARM.attributes
                0x000004fd       0x2d D:/Code/STM32CubeIde/STM32CubeIDE_1.17.0/STM32CubeIDE/plugins/com.st.stm32cube.ide.mcu.externaltools.gnu-tools-for-stm32.12.3.rel1.win32_1.1.0.202410251130/tools/bin/../lib/gcc/arm-none-eabi/12.3.1/../../../../arm-none-eabi/lib/thumb/v7-m/nofp\libc_nano.a(libc_a-puts.o)
 .ARM.attributes
                0x0000052a       0x2d D:/Code/STM32CubeIde/STM32CubeIDE_1.17.0/STM32CubeIDE/plugins/com.st.stm32cube.ide.mcu.externaltools.gnu-tools-for-stm32.12.3.rel1.win32_1.1.0.202410251130/tools/bin/../lib/gcc/arm-none-eabi/12.3.1/../../../../arm-none-eabi/lib/thumb/v7-m/nofp\libc_nano.a(libc_a-stdio.o)
 .ARM.attributes
                0x00000557       0x2d D:/Code/STM32CubeIde/STM32CubeIDE_1.17.0/STM32CubeIDE/plugins/com.st.stm32cube.ide.mcu.externaltools.gnu-tools-for-stm32.12.3.rel1.win32_1.1.0.202410251130/tools/bin/../lib/gcc/arm-none-eabi/12.3.1/../../../../arm-none-eabi/lib/thumb/v7-m/nofp\libc_nano.a(libc_a-wbuf.o)
 .ARM.attributes
                0x00000584       0x2d D:/Code/STM32CubeIde/STM32CubeIDE_1.17.0/STM32CubeIDE/plugins/com.st.stm32cube.ide.mcu.externaltools.gnu-tools-for-stm32.12.3.rel1.win32_1.1.0.202410251130/tools/bin/../lib/gcc/arm-none-eabi/12.3.1/../../../../arm-none-eabi/lib/thumb/v7-m/nofp\libc_nano.a(libc_a-wsetup.o)
 .ARM.attributes
                0x000005b1       0x2d D:/Code/STM32CubeIde/STM32CubeIDE_1.17.0/STM32CubeIDE/plugins/com.st.stm32cube.ide.mcu.externaltools.gnu-tools-for-stm32.12.3.rel1.win32_1.1.0.202410251130/tools/bin/../lib/gcc/arm-none-eabi/12.3.1/../../../../arm-none-eabi/lib/thumb/v7-m/nofp\libc_nano.a(libc_a-memset.o)
 .ARM.attributes
                0x000005de       0x2d D:/Code/STM32CubeIde/STM32CubeIDE_1.17.0/STM32CubeIDE/plugins/com.st.stm32cube.ide.mcu.externaltools.gnu-tools-for-stm32.12.3.rel1.win32_1.1.0.202410251130/tools/bin/../lib/gcc/arm-none-eabi/12.3.1/../../../../arm-none-eabi/lib/thumb/v7-m/nofp\libc_nano.a(libc_a-closer.o)
 .ARM.attributes
                0x0000060b       0x2d D:/Code/STM32CubeIde/STM32CubeIDE_1.17.0/STM32CubeIDE/plugins/com.st.stm32cube.ide.mcu.externaltools.gnu-tools-for-stm32.12.3.rel1.win32_1.1.0.202410251130/tools/bin/../lib/gcc/arm-none-eabi/12.3.1/../../../../arm-none-eabi/lib/thumb/v7-m/nofp\libc_nano.a(libc_a-reent.o)
 .ARM.attributes
                0x00000638       0x2d D:/Code/STM32CubeIde/STM32CubeIDE_1.17.0/STM32CubeIDE/plugins/com.st.stm32cube.ide.mcu.externaltools.gnu-tools-for-stm32.12.3.rel1.win32_1.1.0.202410251130/tools/bin/../lib/gcc/arm-none-eabi/12.3.1/../../../../arm-none-eabi/lib/thumb/v7-m/nofp\libc_nano.a(libc_a-impure.o)
 .ARM.attributes
                0x00000665       0x2d D:/Code/STM32CubeIde/STM32CubeIDE_1.17.0/STM32CubeIDE/plugins/com.st.stm32cube.ide.mcu.externaltools.gnu-tools-for-stm32.12.3.rel1.win32_1.1.0.202410251130/tools/bin/../lib/gcc/arm-none-eabi/12.3.1/../../../../arm-none-eabi/lib/thumb/v7-m/nofp\libc_nano.a(libc_a-lseekr.o)
 .ARM.attributes
                0x00000692       0x2d D:/Code/STM32CubeIde/STM32CubeIDE_1.17.0/STM32CubeIDE/plugins/com.st.stm32cube.ide.mcu.externaltools.gnu-tools-for-stm32.12.3.rel1.win32_1.1.0.202410251130/tools/bin/../lib/gcc/arm-none-eabi/12.3.1/../../../../arm-none-eabi/lib/thumb/v7-m/nofp\libc_nano.a(libc_a-readr.o)
 .ARM.attributes
                0x000006bf       0x2d D:/Code/STM32CubeIde/STM32CubeIDE_1.17.0/STM32CubeIDE/plugins/com.st.stm32cube.ide.mcu.externaltools.gnu-tools-for-stm32.12.3.rel1.win32_1.1.0.202410251130/tools/bin/../lib/gcc/arm-none-eabi/12.3.1/../../../../arm-none-eabi/lib/thumb/v7-m/nofp\libc_nano.a(libc_a-writer.o)
 .ARM.attributes
                0x000006ec       0x2d D:/Code/STM32CubeIde/STM32CubeIDE_1.17.0/STM32CubeIDE/plugins/com.st.stm32cube.ide.mcu.externaltools.gnu-tools-for-stm32.12.3.rel1.win32_1.1.0.202410251130/tools/bin/../lib/gcc/arm-none-eabi/12.3.1/../../../../arm-none-eabi/lib/thumb/v7-m/nofp\libc_nano.a(libc_a-errno.o)
 .ARM.attributes
                0x00000719       0x2d D:/Code/STM32CubeIde/STM32CubeIDE_1.17.0/STM32CubeIDE/plugins/com.st.stm32cube.ide.mcu.externaltools.gnu-tools-for-stm32.12.3.rel1.win32_1.1.0.202410251130/tools/bin/../lib/gcc/arm-none-eabi/12.3.1/../../../../arm-none-eabi/lib/thumb/v7-m/nofp\libc_nano.a(libc_a-init.o)
 .ARM.attributes
                0x00000746       0x2d D:/Code/STM32CubeIde/STM32CubeIDE_1.17.0/STM32CubeIDE/plugins/com.st.stm32cube.ide.mcu.externaltools.gnu-tools-for-stm32.12.3.rel1.win32_1.1.0.202410251130/tools/bin/../lib/gcc/arm-none-eabi/12.3.1/../../../../arm-none-eabi/lib/thumb/v7-m/nofp\libc_nano.a(libc_a-lock.o)
 .ARM.attributes
                0x00000773       0x2d D:/Code/STM32CubeIde/STM32CubeIDE_1.17.0/STM32CubeIDE/plugins/com.st.stm32cube.ide.mcu.externaltools.gnu-tools-for-stm32.12.3.rel1.win32_1.1.0.202410251130/tools/bin/../lib/gcc/arm-none-eabi/12.3.1/../../../../arm-none-eabi/lib/thumb/v7-m/nofp\libc_nano.a(libc_a-memcpy-stub.o)
 .ARM.attributes
                0x000007a0       0x2d D:/Code/STM32CubeIde/STM32CubeIDE_1.17.0/STM32CubeIDE/plugins/com.st.stm32cube.ide.mcu.externaltools.gnu-tools-for-stm32.12.3.rel1.win32_1.1.0.202410251130/tools/bin/../lib/gcc/arm-none-eabi/12.3.1/../../../../arm-none-eabi/lib/thumb/v7-m/nofp\libc_nano.a(libc_a-freer.o)
 .ARM.attributes
                0x000007cd       0x2d D:/Code/STM32CubeIde/STM32CubeIDE_1.17.0/STM32CubeIDE/plugins/com.st.stm32cube.ide.mcu.externaltools.gnu-tools-for-stm32.12.3.rel1.win32_1.1.0.202410251130/tools/bin/../lib/gcc/arm-none-eabi/12.3.1/../../../../arm-none-eabi/lib/thumb/v7-m/nofp\libc_nano.a(libc_a-mallocr.o)
 .ARM.attributes
                0x000007fa       0x2d D:/Code/STM32CubeIde/STM32CubeIDE_1.17.0/STM32CubeIDE/plugins/com.st.stm32cube.ide.mcu.externaltools.gnu-tools-for-stm32.12.3.rel1.win32_1.1.0.202410251130/tools/bin/../lib/gcc/arm-none-eabi/12.3.1/../../../../arm-none-eabi/lib/thumb/v7-m/nofp\libc_nano.a(libc_a-mlock.o)
 .ARM.attributes
                0x00000827       0x2d D:/Code/STM32CubeIde/STM32CubeIDE_1.17.0/STM32CubeIDE/plugins/com.st.stm32cube.ide.mcu.externaltools.gnu-tools-for-stm32.12.3.rel1.win32_1.1.0.202410251130/tools/bin/../lib/gcc/arm-none-eabi/12.3.1/../../../../arm-none-eabi/lib/thumb/v7-m/nofp\libc_nano.a(libc_a-nano-vfprintf.o)
 .ARM.attributes
                0x00000854       0x2d D:/Code/STM32CubeIde/STM32CubeIDE_1.17.0/STM32CubeIDE/plugins/com.st.stm32cube.ide.mcu.externaltools.gnu-tools-for-stm32.12.3.rel1.win32_1.1.0.202410251130/tools/bin/../lib/gcc/arm-none-eabi/12.3.1/../../../../arm-none-eabi/lib/thumb/v7-m/nofp\libc_nano.a(libc_a-nano-vfprintf_i.o)
 .ARM.attributes
                0x00000881       0x2d D:/Code/STM32CubeIde/STM32CubeIDE_1.17.0/STM32CubeIDE/plugins/com.st.stm32cube.ide.mcu.externaltools.gnu-tools-for-stm32.12.3.rel1.win32_1.1.0.202410251130/tools/bin/../lib/gcc/arm-none-eabi/12.3.1/../../../../arm-none-eabi/lib/thumb/v7-m/nofp\libc_nano.a(libc_a-fflush.o)
 .ARM.attributes
                0x000008ae       0x2d D:/Code/STM32CubeIde/STM32CubeIDE_1.17.0/STM32CubeIDE/plugins/com.st.stm32cube.ide.mcu.externaltools.gnu-tools-for-stm32.12.3.rel1.win32_1.1.0.202410251130/tools/bin/../lib/gcc/arm-none-eabi/12.3.1/../../../../arm-none-eabi/lib/thumb/v7-m/nofp\libc_nano.a(libc_a-makebuf.o)
 .ARM.attributes
                0x000008db       0x2d D:/Code/STM32CubeIde/STM32CubeIDE_1.17.0/STM32CubeIDE/plugins/com.st.stm32cube.ide.mcu.externaltools.gnu-tools-for-stm32.12.3.rel1.win32_1.1.0.202410251130/tools/bin/../lib/gcc/arm-none-eabi/12.3.1/../../../../arm-none-eabi/lib/thumb/v7-m/nofp\libc_nano.a(libc_a-fstatr.o)
 .ARM.attributes
                0x00000908       0x2d D:/Code/STM32CubeIde/STM32CubeIDE_1.17.0/STM32CubeIDE/plugins/com.st.stm32cube.ide.mcu.externaltools.gnu-tools-for-stm32.12.3.rel1.win32_1.1.0.202410251130/tools/bin/../lib/gcc/arm-none-eabi/12.3.1/../../../../arm-none-eabi/lib/thumb/v7-m/nofp\libc_nano.a(libc_a-isattyr.o)
 .ARM.attributes
                0x00000935       0x2d D:/Code/STM32CubeIde/STM32CubeIDE_1.17.0/STM32CubeIDE/plugins/com.st.stm32cube.ide.mcu.externaltools.gnu-tools-for-stm32.12.3.rel1.win32_1.1.0.202410251130/tools/bin/../lib/gcc/arm-none-eabi/12.3.1/../../../../arm-none-eabi/lib/thumb/v7-m/nofp\libc_nano.a(libc_a-sbrkr.o)
 .ARM.attributes
                0x00000962       0x2d D:/Code/STM32CubeIde/STM32CubeIDE_1.17.0/STM32CubeIDE/plugins/com.st.stm32cube.ide.mcu.externaltools.gnu-tools-for-stm32.12.3.rel1.win32_1.1.0.202410251130/tools/bin/../lib/gcc/arm-none-eabi/12.3.1/../../../../arm-none-eabi/lib/thumb/v7-m/nofp\libc_nano.a(libc_a-memchr-stub.o)
 .ARM.attributes
                0x0000098f       0x1d D:/Code/STM32CubeIde/STM32CubeIDE_1.17.0/STM32CubeIDE/plugins/com.st.stm32cube.ide.mcu.externaltools.gnu-tools-for-stm32.12.3.rel1.win32_1.1.0.202410251130/tools/bin/../lib/gcc/arm-none-eabi/12.3.1/thumb/v7-m/nofp/crtn.o
OUTPUT(RTOS_STM32_C8T6_EventFlag.elf elf32-littlearm)
LOAD linker stubs
LOAD D:/Code/STM32CubeIde/STM32CubeIDE_1.17.0/STM32CubeIDE/plugins/com.st.stm32cube.ide.mcu.externaltools.gnu-tools-for-stm32.12.3.rel1.win32_1.1.0.202410251130/tools/bin/../lib/gcc/arm-none-eabi/12.3.1/../../../../arm-none-eabi/lib/thumb/v7-m/nofp\libc.a
LOAD D:/Code/STM32CubeIde/STM32CubeIDE_1.17.0/STM32CubeIDE/plugins/com.st.stm32cube.ide.mcu.externaltools.gnu-tools-for-stm32.12.3.rel1.win32_1.1.0.202410251130/tools/bin/../lib/gcc/arm-none-eabi/12.3.1/../../../../arm-none-eabi/lib/thumb/v7-m/nofp\libm.a