D:/DH/Lumi/LabROBI/Config_UART/SDK_ROBI_STM32F1_1.0.0/shared/Drivers/CMSIS/Source/system_stm32f10x.c:211:6:SystemInit	8	static
D:/DH/Lumi/LabROBI/Config_UART/SDK_ROBI_STM32F1_1.0.0/shared/Drivers/CMSIS/Source/system_stm32f10x.c:305:6:SystemCoreClockUpdate	24	static
D:/DH/Lumi/LabROBI/Config_UART/SDK_ROBI_STM32F1_1.0.0/shared/Drivers/CMSIS/Source/system_stm32f10x.c:418:13:SetSysClock	8	static
D:/DH/Lumi/LabROBI/Config_UART/SDK_ROBI_STM32F1_1.0.0/shared/Drivers/CMSIS/Source/system_stm32f10x.c:986:13:SetSysClockTo72	16	static
