01:35:23 **** Incremental Build of configuration Debug for project MCB20242_Provision_WSN2 ****
make -j16 all 
arm-none-eabi-gcc "../Core/Src/main.c" -mcpu=cortex-m3 -std=gnu11 -g3 -DDEBUG -DUSE_HAL_DRIVER -DSTM32F103xB -c -I../Core/Inc -I"D:/DH/20242 TK He thong nhung/STM32 Homework Prj/MCB20242_Provision_WSN2/Core/DHT22" -I"D:/DH/20242 TK He thong nhung/STM32 Homework Prj/MCB20242_Provision_WSN2/Core/LIBDHT11" -I"D:/DH/20242 TK He thong nhung/STM32 Homework Prj/MCB20242_Provision_WSN2/Core/LoRa_lib" -IC:/Users/MSI/STM32Cube/Repository/STM32Cube_FW_F1_V1.8.6/Drivers/STM32F1xx_HAL_Driver/Inc -IC:/Users/MSI/STM32Cube/Repository/STM32Cube_FW_F1_V1.8.6/Drivers/STM32F1xx_HAL_Driver/Inc/Legacy -IC:/Users/MSI/STM32Cube/Repository/STM32Cube_FW_F1_V1.8.6/Drivers/CMSIS/Device/ST/STM32F1xx/Include -IC:/Users/MSI/STM32Cube/Repository/STM32Cube_FW_F1_V1.8.6/Drivers/CMSIS/Include -O0 -ffunction-sections -fdata-sections -Wall -fstack-usage -fcyclomatic-complexity -MMD -MP -MF"Core/Src/main.d" -MT"Core/Src/main.o" --specs=nano.specs -mfloat-abi=soft -mthumb -o "Core/Src/main.o"
../Core/Src/main.c: In function 'receive_data':
../Core/Src/main.c:182:20: warning: pointer targets in passing argument 1 of 'sscanf' differ in signedness [-Wpointer-sign]
  182 |             sscanf(buf, "%d %f %f", node_id, t, h);
      |                    ^~~
      |                    |
      |                    uint8_t * {aka unsigned char *}
In file included from D:/DH/20242 TK He thong nhung/STM32 Homework Prj/MCB20242_Provision_WSN2/Core/LoRa_lib/lora.h:9,
                 from ../Core/Src/main.c:21:
D:\Code\STM32CubeIde\STM32CubeIDE_1.17.0\STM32CubeIDE\plugins\com.st.stm32cube.ide.mcu.externaltools.gnu-tools-for-stm32.12.3.rel1.win32_1.1.0.202410251130\tools\bin/../lib/gcc/arm-none-eabi/12.3.1/../../../../arm-none-eabi/include/stdio.h:210:17: note: expected 'const char * restrict' but argument is of type 'uint8_t *' {aka 'unsigned char *'}
  210 | int     sscanf (const char *__restrict, const char *__restrict, ...)
      |                 ^
../Core/Src/main.c:182:27: warning: format '%d' expects argument of type 'int *', but argument 3 has type 'uint8_t *' {aka 'unsigned char *'} [-Wformat=]
  182 |             sscanf(buf, "%d %f %f", node_id, t, h);
      |                          ~^         ~~~~~~~
      |                           |         |
      |                           int *     uint8_t * {aka unsigned char *}
      |                          %hhd
../Core/Src/main.c:188:17: warning: implicit declaration of function 'send_request' [-Wimplicit-function-declaration]
  188 |                 send_request(nodeid_i);
      |                 ^~~~~~~~~~~~
arm-none-eabi-gcc -o "MCB20242_Provision_WSN2.elf" @"objects.list"   -mcpu=cortex-m3 -T"D:\DH\20242 TK He thong nhung\STM32 Homework Prj\MCB20242_Provision_WSN2\STM32F103C8TX_FLASH.ld" --specs=nosys.specs -Wl,-Map="MCB20242_Provision_WSN2.map" -Wl,--gc-sections -static --specs=nano.specs -mfloat-abi=soft -mthumb -u _printf_float -u _scanf_float -Wl,--start-group -lc -lm -Wl,--end-group
Finished building target: MCB20242_Provision_WSN2.elf
 
arm-none-eabi-size  MCB20242_Provision_WSN2.elf 
arm-none-eabi-objdump -h -S MCB20242_Provision_WSN2.elf  > "MCB20242_Provision_WSN2.list"
   text	   data	    bss	    dec	    hex	filename
  38536	    476	   2132	  41144	   a0b8	MCB20242_Provision_WSN2.elf
Finished building: default.size.stdout
 
Finished building: MCB20242_Provision_WSN2.list
 

01:35:24 Build Finished. 0 errors, 3 warnings. (took 1s.1ms)

