15:06:19 **** Build of configuration Debug for project MCB_Node_WSN ****
make -j16 all 
arm-none-eabi-gcc "../Core/Src/main.c" -mcpu=cortex-m3 -std=gnu11 -g3 -DDEBUG -DUSE_HAL_DRIVER -DSTM32F103xB -c -I../Core/Inc -I"D:/DH/20242 TK He thong nhung/STM32 Homework Prj/Node_WSN/Core/DHT22" -I"D:/DH/20242 TK He thong nhung/STM32 Homework Prj/Node_WSN/Core/LIBDHT11" -I"D:/DH/20242 TK He thong nhung/STM32 Homework Prj/Node_WSN/Core/LoRa_lib" -IC:/Users/MSI/STM32Cube/Repository/STM32Cube_FW_F1_V1.8.6/Drivers/STM32F1xx_HAL_Driver/Inc -IC:/Users/MSI/STM32Cube/Repository/STM32Cube_FW_F1_V1.8.6/Drivers/STM32F1xx_HAL_Driver/Inc/Legacy -IC:/Users/MSI/STM32Cube/Repository/STM32Cube_FW_F1_V1.8.6/Drivers/CMSIS/Device/ST/STM32F1xx/Include -IC:/Users/MSI/STM32Cube/Repository/STM32Cube_FW_F1_V1.8.6/Drivers/CMSIS/Include -O0 -ffunction-sections -fdata-sections -Wall -fstack-usage -fcyclomatic-complexity -MMD -MP -MF"Core/Src/main.d" -MT"Core/Src/main.o" --specs=nano.specs -mfloat-abi=soft -mthumb -o "Core/Src/main.o"
../Core/Src/main.c: In function 'listen_STT':
../Core/Src/main.c:199:1: warning: control reaches end of non-void function [-Wreturn-type]
  199 | }
      | ^
../Core/Src/main.c: In function 'listen_ok':
../Core/Src/main.c:296:1: warning: control reaches end of non-void function [-Wreturn-type]
  296 | }
      | ^
arm-none-eabi-gcc -o "MCB_Node_WSN.elf" @"objects.list"   -mcpu=cortex-m3 -T"D:\DH\20242 TK He thong nhung\STM32 Homework Prj\Node_WSN\STM32F103C8TX_FLASH.ld" --specs=nosys.specs -Wl,-Map="MCB_Node_WSN.map" -Wl,--gc-sections -static --specs=nano.specs -mfloat-abi=soft -mthumb -u _printf_float -u _scanf_float -Wl,--start-group -lc -lm -Wl,--end-group
Finished building target: MCB_Node_WSN.elf
 
arm-none-eabi-size  MCB_Node_WSN.elf 
arm-none-eabi-objdump -h -S MCB_Node_WSN.elf  > "MCB_Node_WSN.list"
   text	   data	    bss	    dec	    hex	filename
  42684	    480	   2448	  45612	   b22c	MCB_Node_WSN.elf
Finished building: default.size.stdout
 
Finished building: MCB_Node_WSN.list
 

15:06:19 Build Finished. 0 errors, 2 warnings. (took 747ms)

