13:56:10 **** Incremental Build of configuration Debug for project MPU9250_UART ****
make -j16 all 
arm-none-eabi-gcc "../Core/Src/main.c" -mcpu=cortex-m3 -std=gnu11 -g3 -DDEBUG -DUSE_HAL_DRIVER -DSTM32F103xB -c -I../Core/Inc -I../Drivers/STM32F1xx_HAL_Driver/Inc -I../Drivers/STM32F1xx_HAL_Driver/Inc/Legacy -I../Drivers/CMSIS/Device/ST/STM32F1xx/Include -I../Drivers/CMSIS/Include -O0 -ffunction-sections -fdata-sections -Wall -fstack-usage -fcyclomatic-complexity -MMD -MP -MF"Core/Src/main.d" -MT"Core/Src/main.o" --specs=nano.specs -mfloat-abi=soft -mthumb -o "Core/Src/main.o"
arm-none-eabi-gcc -o "MPU9250_UART.elf" @"objects.list"   -mcpu=cortex-m3 -T"D:\DH\20242 TK He thong nhung\MPU9250_UART\MPU9250_UART\STM32F103C8TX_FLASH.ld" --specs=nosys.specs -Wl,-Map="MPU9250_UART.map" -Wl,--gc-sections -static -u _printf_float --specs=nano.specs -mfloat-abi=soft -mthumb -Wl,--start-group -lc -lm -Wl,--end-group
Finished building target: MPU9250_UART.elf
 
arm-none-eabi-size  MPU9250_UART.elf 
arm-none-eabi-objdump -h -S MPU9250_UART.elf  > "MPU9250_UART.list"
   text	   data	    bss	    dec	    hex	filename
  31920	    468	   2308	  34696	   8788	MPU9250_UART.elf
Finished building: default.size.stdout
 
Finished building: MPU9250_UART.list
 

13:56:11 Build Finished. 0 errors, 0 warnings. (took 902ms)

