09:51:40 **** Incremental Build of configuration Debug for project RTOS_C8 ****
make -j16 all 
arm-none-eabi-gcc "../Core/Src/main.c" -mcpu=cortex-m3 -std=gnu11 -g3 -DDEBUG -DUSE_HAL_DRIVER -DSTM32F103xB -c -I../Core/Inc -I../Drivers/STM32F1xx_HAL_Driver/Inc/Legacy -I../Drivers/STM32F1xx_HAL_Driver/Inc -I../Drivers/CMSIS/Device/ST/STM32F1xx/Include -I../Drivers/CMSIS/Include -I../Middlewares/Third_Party/FreeRTOS/Source/include -I../Middlewares/Third_Party/FreeRTOS/Source/portable/GCC/ARM_CM3 -I../Middlewares/Third_Party/FreeRTOS/Source/CMSIS_RTOS_V2 -O0 -ffunction-sections -fdata-sections -Wall -fstack-usage -fcyclomatic-complexity -MMD -MP -MF"Core/Src/main.d" -MT"Core/Src/main.o" --specs=nano.specs -mfloat-abi=soft -mthumb -o "Core/Src/main.o"
arm-none-eabi-gcc -o "RTOS_C8.elf" @"objects.list"   -mcpu=cortex-m3 -T"D:\DH\20242 TK He thong nhung\STM32 Homework Prj\RTOS_C8\STM32F103C8TX_FLASH.ld" --specs=nosys.specs -Wl,-Map="RTOS_C8.map" -Wl,--gc-sections -static --specs=nano.specs -mfloat-abi=soft -mthumb -Wl,--start-group -lc -lm -Wl,--end-group
Finished building target: RTOS_C8.elf
 
arm-none-eabi-size  RTOS_C8.elf 
arm-none-eabi-objdump -h -S RTOS_C8.elf  > "RTOS_C8.list"
   text	   data	    bss	    dec	    hex	filename
  26248	    108	   8692	  35048	   88e8	RTOS_C8.elf
Finished building: default.size.stdout
 
Finished building: RTOS_C8.list
 

09:51:41 Build Finished. 0 errors, 0 warnings. (took 901ms)

