D:/DH/Lumi/LabROBI/Config_UART/SDK_ROBI_STM32F1_1.0.0/shared/Middle/lcd/GUI.c:59:6:LCD_WR_REG	16	static
D:/DH/Lumi/LabROBI/Config_UART/SDK_ROBI_STM32F1_1.0.0/shared/Middle/lcd/GUI.c:74:6:LCD_WR_DATA	16	static
D:/DH/Lumi/LabROBI/Config_UART/SDK_ROBI_STM32F1_1.0.0/shared/Middle/lcd/GUI.c:90:6:LCD_WR_DATA8	16	static
D:/DH/Lumi/LabROBI/Config_UART/SDK_ROBI_STM32F1_1.0.0/shared/Middle/lcd/GUI.c:105:6:LCD_WriteRAM_Prepare	8	static
D:/DH/Lumi/LabROBI/Config_UART/SDK_ROBI_STM32F1_1.0.0/shared/Middle/lcd/GUI.c:117:9:LCDSPI_WriteByte	16	static
D:/DH/Lumi/LabROBI/Config_UART/SDK_ROBI_STM32F1_1.0.0/shared/Middle/lcd/GUI.c:134:6:LCD_SetCursor	16	static
D:/DH/Lumi/LabROBI/Config_UART/SDK_ROBI_STM32F1_1.0.0/shared/Middle/lcd/GUI.c:150:6:_draw_circle_8	24	static
D:/DH/Lumi/LabROBI/Config_UART/SDK_ROBI_STM32F1_1.0.0/shared/Middle/lcd/GUI.c:173:6:_swap	24	static
D:/DH/Lumi/LabROBI/Config_UART/SDK_ROBI_STM32F1_1.0.0/shared/Middle/lcd/GUI.c:190:6:LCD_SetWindows	24	static
D:/DH/Lumi/LabROBI/Config_UART/SDK_ROBI_STM32F1_1.0.0/shared/Middle/lcd/GUI.c:217:6:LCD_DrawPoint	16	static
D:/DH/Lumi/LabROBI/Config_UART/SDK_ROBI_STM32F1_1.0.0/shared/Middle/lcd/GUI.c:236:6:LCD_DrawArea	40	static
D:/DH/Lumi/LabROBI/Config_UART/SDK_ROBI_STM32F1_1.0.0/shared/Middle/lcd/GUI.c:281:6:LCD_DrawFillBox	32	static
D:/DH/Lumi/LabROBI/Config_UART/SDK_ROBI_STM32F1_1.0.0/shared/Middle/lcd/GUI.c:306:6:LCD_DrawLine	64	static
D:/DH/Lumi/LabROBI/Config_UART/SDK_ROBI_STM32F1_1.0.0/shared/Middle/lcd/GUI.c:371:6:LCD_Circle	48	static
D:/DH/Lumi/LabROBI/Config_UART/SDK_ROBI_STM32F1_1.0.0/shared/Middle/lcd/GUI.c:425:6:LCD_DrawTriangle	72	static
D:/DH/Lumi/LabROBI/Config_UART/SDK_ROBI_STM32F1_1.0.0/shared/Middle/lcd/GUI.c:520:6:LCD_ShowChar	32	static
D:/DH/Lumi/LabROBI/Config_UART/SDK_ROBI_STM32F1_1.0.0/shared/Middle/lcd/GUI.c:576:6:LCD_ShowString	40	static
D:/DH/Lumi/LabROBI/Config_UART/SDK_ROBI_STM32F1_1.0.0/shared/Middle/lcd/GUI.c:624:6:LCD_ShowNum	56	static
D:/DH/Lumi/LabROBI/Config_UART/SDK_ROBI_STM32F1_1.0.0/shared/Middle/lcd/GUI.c:657:6:LCD_ShowCentredString	56	static
D:/DH/Lumi/LabROBI/Config_UART/SDK_ROBI_STM32F1_1.0.0/shared/Middle/lcd/GUI.c:675:6:LCD_DrawBMP16	24	static
D:/DH/Lumi/LabROBI/Config_UART/SDK_ROBI_STM32F1_1.0.0/shared/Middle/lcd/GUI.c:698:6:LCD_ShowImg	56	static
