D:/DH/Lumi/LabROBI/Config_UART/SDK_ROBI_STM32F1_1.0.0/shared/Middle/lcd/lcd.c:64:6:LCD_WR_REG	16	static
D:/DH/Lumi/LabROBI/Config_UART/SDK_ROBI_STM32F1_1.0.0/shared/Middle/lcd/lcd.c:79:6:LCD_WR_DATA	16	static
D:/DH/Lumi/LabROBI/Config_UART/SDK_ROBI_STM32F1_1.0.0/shared/Middle/lcd/lcd.c:95:6:LCD_WR_DATA8	16	static
D:/DH/Lumi/LabROBI/Config_UART/SDK_ROBI_STM32F1_1.0.0/shared/Middle/lcd/lcd.c:111:6:LCD_WriteReg	16	static
D:/DH/Lumi/LabROBI/Config_UART/SDK_ROBI_STM32F1_1.0.0/shared/Middle/lcd/lcd.c:124:6:LCD_WriteRAM_Prepare	8	static
D:/DH/Lumi/LabROBI/Config_UART/SDK_ROBI_STM32F1_1.0.0/shared/Middle/lcd/lcd.c:136:6:LCDGPIO_Config	16	static
D:/DH/Lumi/LabROBI/Config_UART/SDK_ROBI_STM32F1_1.0.0/shared/Middle/lcd/lcd.c:163:6:LCDSPI_Config	32	static
D:/DH/Lumi/LabROBI/Config_UART/SDK_ROBI_STM32F1_1.0.0/shared/Middle/lcd/lcd.c:220:6:LCD_RESET	8	static
D:/DH/Lumi/LabROBI/Config_UART/SDK_ROBI_STM32F1_1.0.0/shared/Middle/lcd/lcd.c:235:9:LCDSPI_WriteByte	16	static
D:/DH/Lumi/LabROBI/Config_UART/SDK_ROBI_STM32F1_1.0.0/shared/Middle/lcd/lcd.c:252:6:LCD_SetCursor	16	static
D:/DH/Lumi/LabROBI/Config_UART/SDK_ROBI_STM32F1_1.0.0/shared/Middle/lcd/lcd.c:267:6:LCD_SetWindows	24	static
D:/DH/Lumi/LabROBI/Config_UART/SDK_ROBI_STM32F1_1.0.0/shared/Middle/lcd/lcd.c:301:6:LCD_Init	8	static
D:/DH/Lumi/LabROBI/Config_UART/SDK_ROBI_STM32F1_1.0.0/shared/Middle/lcd/lcd.c:403:6:LCD_Clear	24	static
D:/DH/Lumi/LabROBI/Config_UART/SDK_ROBI_STM32F1_1.0.0/shared/Middle/lcd/lcd.c:426:6:LCD_Clear_DMA	72	static
D:/DH/Lumi/LabROBI/Config_UART/SDK_ROBI_STM32F1_1.0.0/shared/Middle/lcd/lcd.c:488:6:LCD_Direction	16	static
